BL51 BANKED LINKER/LOCATER V6.22                                                        05/08/2015  10:02:48  PAGE 1


BL51 BANKED LINKER/LOCATER V6.22, INVOKED BY:
D:\PROGRAM FILES (X86)\KEIL\C51\BIN\BL51.EXE .\AD.obj, .\Battery.obj, .\communication.obj, .\Delay.obj, .\operation.obj,
>>  .\Other.obj, .\pwm.obj, .\Timer.obj, .\UART.obj, .\voice.obj, .\ISP_DataFlash.obj, .\Schedular.obj, main.obj TO DDC-
>> F RAMSIZE (256)


MEMORY MODEL: COMPACT


INPUT MODULES INCLUDED:
  .\AD.obj (AD)
  .\Battery.obj (BATTERY)
  .\communication.obj (COMMUNICATION)
  .\Delay.obj (DELAY)
  .\operation.obj (OPERATION)
  .\Other.obj (OTHER)
  .\pwm.obj (PWM)
  .\Timer.obj (TIMER)
  .\UART.obj (UART)
  .\voice.obj (VOICE)
  .\ISP_DataFlash.obj (ISP_DATAFLASH)
  .\Schedular.obj (SCHEDULAR)
  main.obj (MAIN)
  D:\PROGRAM FILES (X86)\KEIL\C51\LIB\C51C.LIB (?C_STARTUP)
  D:\PROGRAM FILES (X86)\KEIL\C51\LIB\C51C.LIB (?C?CLDPTR)
  D:\PROGRAM FILES (X86)\KEIL\C51\LIB\C51C.LIB (?C?LMUL)
  D:\PROGRAM FILES (X86)\KEIL\C51\LIB\C51C.LIB (?C?ULDIV)
  D:\PROGRAM FILES (X86)\KEIL\C51\LIB\C51C.LIB (?C?ICALL)
  D:\PROGRAM FILES (X86)\KEIL\C51\LIB\C51C.LIB (?C?LIMUL)
  D:\PROGRAM FILES (X86)\KEIL\C51\LIB\C51C.LIB (?C_INIT)


LINK MAP OF MODULE:  DDC-F (AD)


            TYPE    BASE      LENGTH    RELOCATION   SEGMENT NAME
            -----------------------------------------------------

            * * * * * * *   D A T A   M E M O R Y   * * * * * * *
            REG     0000H     0008H     ABSOLUTE     "REG BANK 0"
                    0008H     0018H                  *** GAP ***
            BIT     0020H.0   0004H.6   UNIT         ?BI?MAIN
            BIT     0024H.6   0000H.2   UNIT         ?BI?OPERATION
            BIT     0025H.0   0000H.1   UNIT         _BIT_GROUP_
                    0025H.1   0000H.7                *** GAP ***
            DATA    0026H     0046H     UNIT         ?DT?SCHEDULAR
            IDATA   006CH     0001H     UNIT         ?STACK

            * * * * * * *  X D A T A   M E M O R Y  * * * * * * *
            XDATA   0000H     0002H     INPAGE       ?PD?_VERIFYBATTERY?BATTERY
            XDATA   0002H     0001H     INPAGE       ?PD?BATTERY
            XDATA   0003H     0003H     INPAGE       ?PD?INITSIGNAL?COMMUNICATION
            XDATA   0006H     0003H     INPAGE       ?PD?_SEND_DATA?COMMUNICATION
            XDATA   0009H     0003H     INPAGE       ?PD?_COMMODE_DATA?COMMUNICATION
            XDATA   000CH     0003H     INPAGE       ?PD?_COMMODE_DATA_WX?COMMUNICATION
            XDATA   000FH     0002H     INPAGE       ?PD?_UART_SEND_DATA?COMMUNICATION
            XDATA   0011H     0004H     INPAGE       ?PD?_SEND_CODE_TO_LOCK?COMMUNICATION
            XDATA   0015H     0004H     INPAGE       ?PD?_SEND_CODE_TO_LOCK_TAILI?COMMUNICATION
BL51 BANKED LINKER/LOCATER V6.22                                                      05/08/2015  10:02:48  PAGE 2


            XDATA   0019H     0007H     INPAGE       ?PD?COMMUNICATION
            XDATA   0020H     0002H     INPAGE       ?PD?_MAGNET_DELAY?DELAY
            XDATA   0022H     0002H     INPAGE       ?PD?DELAY
            XDATA   0024H     0004H     INPAGE       ?PD?_MAGNET_CW?OTHER
            XDATA   0028H     0004H     INPAGE       ?PD?_MAGNET_CW_TAILI?OTHER
            XDATA   002CH     0002H     INPAGE       ?PD?PWM
            XDATA   002EH     0002H     INPAGE       ?PD?_INITTIMER?TIMER
            XDATA   0030H     0004H     INPAGE       ?PD?TIMER
            XDATA   0034H     0001H     INPAGE       ?PD?VOICE
            XDATA   0035H     0003H     INPAGE       ?PD?_FLASH_READ_DATA?ISP_DATAFLASH
            XDATA   0038H     0002H     INPAGE       ?PD?_SCH_ADD_TASK?SCHEDULAR
            XDATA   003AH     0004H     INPAGE       ?PD?SCHEDULAR
            XDATA   003EH     0042H     INPAGE       ?PD?MAIN
            XDATA   0080H     000BH     INPAGE       _PDATA_GROUP_

            * * * * * * *   C O D E   M E M O R Y   * * * * * * *
            CODE    0000H     0003H     ABSOLUTE     
            CODE    0003H     0008H     INBLOCK      ?PR?MOTO_VIBRATION?OTHER
            CODE    000BH     0003H     ABSOLUTE     
            CODE    000EH     0015H     INBLOCK      ?PR?_FLASH_PAGE_ERASE?ISP_DATAFLASH
            CODE    0023H     0003H     ABSOLUTE     
            CODE    0026H     0014H     INBLOCK      ?PR?DISABLE_ISP?ISP_DATAFLASH
            CODE    003AH     0001H     INBLOCK      ?PR?KEY_ROTATE_ON_SPEECH?VOICE
            CODE    003BH     0003H     ABSOLUTE     
            CODE    003EH     01EFH     INBLOCK      ?PR?TIMER0?MAIN
            CODE    022DH     0170H     INBLOCK      ?PR?UART_ISR?MAIN
            CODE    039DH     0169H     UNIT         ?C?LIB_CODE
            CODE    0506H     0101H     UNIT         ?C_INITSEG
            CODE    0607H     00B4H     INBLOCK      ?PR?_VERIFYBATTERY?BATTERY
            CODE    06BBH     008CH     UNIT         ?C_C51STARTUP
            CODE    0747H     0076H     INBLOCK      ?PR?MAIN?MAIN
            CODE    07BDH     0043H     INBLOCK      ?PR?UART_SEND_DATA_MATCH?COMMUNICATION
            CODE    0800H     0075H     INBLOCK      ?PR?_INITTIMER?TIMER
            CODE    0875H     0074H     INBLOCK      ?PR?_GETADCRESULT?AD
            CODE    08E9H     0073H     INBLOCK      ?PR?_SEND_CODE_TO_LOCK?COMMUNICATION
            CODE    095CH     0073H     INBLOCK      ?PR?_SEND_CODE_TO_LOCK_TAILI?COMMUNICATION
            CODE    09CFH     006EH     INBLOCK      ?PR?_SCH_ADD_TASK?SCHEDULAR
            CODE    0A3DH     006AH     INBLOCK      ?PR?RECEIVE_BYTE?COMMUNICATION
            CODE    0AA7H     006AH     INBLOCK      ?PR?RECEIVE_BYTE_LOCK?COMMUNICATION
            CODE    0B11H     0062H     INBLOCK      ?PR?_PWM_CHANNEL?PWM
            CODE    0B73H     0060H     INBLOCK      ?PR?_SEND_DATA?COMMUNICATION
            CODE    0BD3H     005DH     INBLOCK      ?PR?HOST_STOLEN_ACTION?OPERATION
            CODE    0C30H     005BH     INBLOCK      ?PR?SCH_DISPATCH_TASKS?SCHEDULAR
            CODE    0C8BH     0057H     INBLOCK      ?PR?_UART_SEND_DATA?COMMUNICATION
            CODE    0CE2H     0049H     INBLOCK      ?PR?_SCH_DELETE_PROGRAM?SCHEDULAR
            CODE    0D2BH     0048H     INBLOCK      ?PR?INITSIGNAL?COMMUNICATION
            CODE    0D73H     0048H     INBLOCK      ?PR?INITSIGNAL_F?COMMUNICATION
            CODE    0DBBH     0045H     INBLOCK      ?PR?_UART_SEND_DATA_F?COMMUNICATION
            CODE    0E00H     0045H     INBLOCK      ?PR?DISABLE_SENSOR?OTHER
            CODE    0E45H     0045H     INBLOCK      ?PR?_SCH_DELETE_TASK?SCHEDULAR
            CODE    0E8AH     0043H     INBLOCK      ?PR?SELF_LEARN_PROGRAMMING?ISP_DATAFLASH
            CODE    0ECDH     0043H     INBLOCK      ?PR?SELF_LEARN_PROGRAMMING_F?ISP_DATAFLASH
            CODE    0F10H     0041H     INBLOCK      ?PR?RECEIVE_WORD?COMMUNICATION
            CODE    0F51H     003FH     INBLOCK      ?PR?_CUSTOM_DELAY?DELAY
            CODE    0F90H     003EH     INBLOCK      ?PR?_MAGNET_DELAY?DELAY
            CODE    0FCEH     0032H     INBLOCK      ?PR?_COMMODE_DATA?COMMUNICATION
            CODE    1000H     0036H     INBLOCK      ?PR?_SC_SPEECH?VOICE
BL51 BANKED LINKER/LOCATER V6.22                                                      05/08/2015  10:02:48  PAGE 3


            CODE    1036H     0034H     INBLOCK      ?PR?_COMMODE_DATA_WX?COMMUNICATION
            CODE    106AH     0031H     INBLOCK      ?PR?_MAGNET_CW?OTHER
            CODE    109BH     0031H     INBLOCK      ?PR?_MAGNET_CW_TAILI?OTHER
            CODE    10CCH     002EH     INBLOCK      ?PR?_FLASH_WRITE_DATA?ISP_DATAFLASH
            CODE    10FAH     002BH     INBLOCK      ?PR?_SENDNBYTE?UART
            CODE    1125H     0028H     INBLOCK      ?PR?SELFLEARN_RESET?OPERATION
            CODE    114DH     0025H     INBLOCK      ?PR?_INITT0?TIMER
            CODE    1172H     0024H     INBLOCK      ?PR?SLAVE_AWAY_OPERATION?OPERATION
            CODE    1196H     0023H     INBLOCK      ?PR?INITUART9600?UART
            CODE    11B9H     0023H     INBLOCK      ?PR?INITUART600?UART
            CODE    11DCH     0022H     INBLOCK      ?PR?ENSENSOR_AFTERIDCERT?OPERATION
            CODE    11FEH     0020H     INBLOCK      ?PR?_DELAY_MS?DELAY
            CODE    121EH     001EH     INBLOCK      ?PR?_FLASH_READ_DATA?ISP_DATAFLASH
            CODE    123CH     001BH     INBLOCK      ?PR?INITVOICE?VOICE
            CODE    1257H     001AH     INBLOCK      ?PR?DELAY_1MS?DELAY
            CODE    1271H     001AH     INBLOCK      ?PR?DELAY_5MS?DELAY
            CODE    128BH     001AH     INBLOCK      ?PR?DELAY_10MS?DELAY
            CODE    12A5H     001AH     INBLOCK      ?PR?DELAY_50MS?DELAY
            CODE    12BFH     001AH     INBLOCK      ?PR?DELAY_500MS?DELAY
            CODE    12D9H     001AH     INBLOCK      ?PR?TRIGGER_ISP?ISP_DATAFLASH
            CODE    12F3H     0019H     INBLOCK      ?PR?_DELAY_US?DELAY
            CODE    130CH     0019H     INBLOCK      ?PR?SLAVE_NEARBY_OPERATION?OPERATION
            CODE    1325H     0018H     INBLOCK      ?PR?ENSENSOR_AFTER_CLOSELOCK?OPERATION
            CODE    133DH     0018H     INBLOCK      ?PR?INIT_PWM?PWM
            CODE    1355H     0017H     INBLOCK      ?PR?_DELAY?DELAY
            CODE    136CH     0016H     INBLOCK      ?PR?FELL_ALARM_TO_SLAVE?OPERATION
            CODE    1382H     0016H     INBLOCK      ?PR?RAISE_ALARM_TO_SLAVE?OPERATION
            CODE    1398H     0016H     INBLOCK      ?PR?BATSTOLEN_ALARM_TO_SLAVE?OPERATION
            CODE    13AEH     0016H     INBLOCK      ?PR?IDCERTED_SPEECH?VOICE
            CODE    13C4H     0013H     INBLOCK      ?PR?HOST_TOUCH_SPEECH?VOICE
            CODE    13D7H     0013H     INBLOCK      ?PR?STOLEN_ALARM_SPEECH2?VOICE
            CODE    13EAH     0013H     INBLOCK      ?PR?ENABLE_ISP?ISP_DATAFLASH
            CODE    13FDH     0011H     INBLOCK      ?PR?ENABLE_SENSOR?OTHER
            CODE    140EH     0011H     INBLOCK      ?PR?SELF_LEARN_SPEECH?VOICE
            CODE    141FH     000FH     INBLOCK      ?PR?MOTORBAT_LOW_SPEECH?VOICE
            CODE    142EH     000FH     INBLOCK      ?PR?ID_SPEECH?VOICE
            CODE    143DH     000FH     INBLOCK      ?PR?HOST_2NDTOUCH_SPEECH?VOICE
            CODE    144CH     000FH     INBLOCK      ?PR?STOLEN_ALARM_SPEECH1?VOICE
            CODE    145BH     000FH     INBLOCK      ?PR?OPEN_LOCK_SPEECH?VOICE
            CODE    146AH     000FH     INBLOCK      ?PR?CLOSE_LOCK_SPEECH?VOICE
            CODE    1479H     000FH     INBLOCK      ?PR?BATTERY_STOLEN_SPEECH?VOICE
            CODE    1488H     000FH     INBLOCK      ?PR?CUTTING_WIRE_VOICE?VOICE
            CODE    1497H     000FH     INBLOCK      ?PR?PRODUCT_TEST_VOICE?VOICE
            CODE    14A6H     000FH     INBLOCK      ?PR?BATTERY_LOW_ALARM_SPEECH?VOICE
            CODE    14B5H     000FH     INBLOCK      ?PR?BATTERY_HIGH_ALARM_SPEECH?VOICE
            CODE    14C4H     000FH     INBLOCK      ?PR?ALARM_STOLEN_SPEECH?VOICE
            CODE    14D3H     000FH     INBLOCK      ?PR?ALARM_RAISED_SPEECH?VOICE
            CODE    14E2H     000FH     INBLOCK      ?PR?ALARM_FELL_SPEECH?VOICE
            CODE    14F1H     000FH     INBLOCK      ?PR?HOST_BATTERY_HIGH_ALARM_SPEECH?VOICE
            CODE    1500H     000FH     INBLOCK      ?PR?BATTERY_STOLEN_SPEECH_F3?VOICE
            CODE    150FH     000FH     INBLOCK      ?PR?WIRE_BROKEN_SPEECH?VOICE
            CODE    151EH     000FH     INBLOCK      ?PR?LOCK_ROTATED_ON_SPEECH?VOICE
            CODE    152DH     000FH     INBLOCK      ?PR?LOCK_ROTATED_OFF_SPEECH?VOICE
            CODE    153CH     000EH     INBLOCK      ?PR?_MAGNET_ACW?OTHER
            CODE    154AH     000EH     INBLOCK      ?PR?_MAGNET_ACW_TAILI?OTHER
            CODE    1558H     000EH     INBLOCK      ?PR?KBI_ISR?MAIN
            CODE    1566H     000DH     INBLOCK      ?PR?CHECKADC?BATTERY
BL51 BANKED LINKER/LOCATER V6.22                                                      05/08/2015  10:02:48  PAGE 4


            CODE    1573H     000BH     INBLOCK      ?PR?INITSENSOR?OPERATION
            CODE    157EH     0009H     INBLOCK      ?PR?INITTRANSCEIVER?COMMUNICATION
            CODE    1587H     0008H     INBLOCK      ?PR?MYPWM?PWM
            CODE    158FH     0008H     INBLOCK      ?PR?_SENDDATA?UART
            CODE    1597H     0007H     INBLOCK      ?PR?CLOSE_TRANCEIVER?COMMUNICATION
            CODE    159EH     0005H     INBLOCK      ?PR?OPEN_TRANCEIVER?COMMUNICATION
            CODE    15A3H     0004H     INBLOCK      ?PR?SEOS_GO_TO_SLEEP?TIMER
            CODE    15A7H     0004H     INBLOCK      ?PR?SCH_GO_TO_SLEEP?SCHEDULAR
            CODE    15ABH     0001H     INBLOCK      ?PR?SCH_REPORT_STATUS?SCHEDULAR
                    15ACH     1A54H                  *** GAP ***
            CODE    3000H     0001H     ABSOLUTE     
            CODE    3001H     0001H     ABSOLUTE     
            CODE    3002H     0001H     ABSOLUTE     
            CODE    3003H     0001H     ABSOLUTE     
            CODE    3004H     0001H     ABSOLUTE     
            CODE    3005H     0001H     ABSOLUTE     



OVERLAY MAP OF MODULE:   DDC-F (AD)


SEGMENT                                             BIT_GROUP          PDATA_GROUP
  +--> CALLED SEGMENT                            START    LENGTH     START    LENGTH
------------------------------------------------------------------------------------
?PR?TIMER0?MAIN                                  -----    -----      -----    -----
  +--> ?PR?CHECKADC?BATTERY
  +--> ?PR?BATTERY_LOW_ALARM_SPEECH?VOICE
  +--> ?PR?_UART_SEND_DATA_F?COMMUNICATION
  +--> ?PR?MOTO_VIBRATION?OTHER
  +--> ?PR?SELF_LEARN_PROGRAMMING_F?ISP_DATA...
  +--> ?PR?_DELAY?DELAY

?PR?CHECKADC?BATTERY                             -----    -----      -----    -----
  +--> ?PR?_GETADCRESULT?AD

?PR?BATTERY_LOW_ALARM_SPEECH?VOICE               -----    -----      -----    -----
  +--> ?PR?_SC_SPEECH?VOICE
  +--> ?PR?_DELAY?DELAY

?PR?_SC_SPEECH?VOICE                             -----    -----      0089H    0002H
  +--> ?PR?DELAY_50MS?DELAY
  +--> ?PR?_DELAY_US?DELAY

?PR?_UART_SEND_DATA_F?COMMUNICATION              -----    -----      0080H    0002H
  +--> ?PR?OPEN_TRANCEIVER?COMMUNICATION
  +--> ?PR?INITSIGNAL_F?COMMUNICATION
  +--> ?PR?_SENDNBYTE?UART
  +--> ?PR?CLOSE_TRANCEIVER?COMMUNICATION

?PR?INITSIGNAL_F?COMMUNICATION                   -----    -----      0082H    0003H
  +--> ?PR?_CUSTOM_DELAY?DELAY

?PR?_CUSTOM_DELAY?DELAY                          -----    -----      0085H    0004H

?PR?_SENDNBYTE?UART                              -----    -----      0082H    0003H
  +--> ?PR?_SENDDATA?UART
BL51 BANKED LINKER/LOCATER V6.22                                                      05/08/2015  10:02:48  PAGE 5



?PR?MOTO_VIBRATION?OTHER                         -----    -----      -----    -----
  +--> ?PR?DELAY_500MS?DELAY

?PR?SELF_LEARN_PROGRAMMING_F?ISP_DATA...         -----    -----      -----    -----
  +--> ?PR?_FLASH_PAGE_ERASE?ISP_DATAFLASH
  +--> ?PR?_FLASH_WRITE_DATA?ISP_DATAFLASH

?PR?_FLASH_PAGE_ERASE?ISP_DATAFLASH              -----    -----      0080H    0002H
  +--> ?PR?ENABLE_ISP?ISP_DATAFLASH
  +--> ?PR?TRIGGER_ISP?ISP_DATAFLASH
  +--> ?PR?DISABLE_ISP?ISP_DATAFLASH

?PR?ENABLE_ISP?ISP_DATAFLASH                     -----    -----      -----    -----
  +--> ?PR?TRIGGER_ISP?ISP_DATAFLASH

?PR?DISABLE_ISP?ISP_DATAFLASH                    -----    -----      -----    -----
  +--> ?PR?TRIGGER_ISP?ISP_DATAFLASH

?PR?_FLASH_WRITE_DATA?ISP_DATAFLASH              -----    -----      0080H    0003H
  +--> ?PR?ENABLE_ISP?ISP_DATAFLASH
  +--> ?PR?TRIGGER_ISP?ISP_DATAFLASH
  +--> ?PR?DISABLE_ISP?ISP_DATAFLASH

*** NEW ROOT ***************************************************

?C_C51STARTUP                                    -----    -----      -----    -----
  +--> ?PR?MAIN?MAIN
  +--> ?C_INITSEG

?PR?MAIN?MAIN                                    -----    -----      -----    -----
  +--> ?PR?INITVOICE?VOICE
  +--> ?PR?INITUART600?UART
  +--> ?PR?SCH_DISPATCH_TASKS?SCHEDULAR
  +--> ?PR?ALARM_STOLEN_SPEECH?VOICE
  +--> ?PR?MOTO_VIBRATION?OTHER
  +--> ?PR?ALARM_RAISED_SPEECH?VOICE
  +--> ?PR?ALARM_FELL_SPEECH?VOICE
  +--> ?PR?WIRE_BROKEN_SPEECH?VOICE
  +--> ?PR?HOST_BATTERY_HIGH_ALARM_SPEECH?VOICE

?PR?INITVOICE?VOICE                              -----    -----      -----    -----
  +--> ?PR?_DELAY_US?DELAY

?PR?INITUART600?UART                             -----    -----      -----    -----
  +--> ?PR?_INITT0?TIMER

?PR?SCH_DISPATCH_TASKS?SCHEDULAR                 -----    -----      0089H    0001H
  +--> ?PR?_SCH_DELETE_TASK?SCHEDULAR
  +--> ?PR?SCH_REPORT_STATUS?SCHEDULAR
  +--> ?PR?SCH_GO_TO_SLEEP?SCHEDULAR

?PR?_SCH_DELETE_TASK?SCHEDULAR                   0025H.0  0000H.1    -----    -----

?PR?ALARM_STOLEN_SPEECH?VOICE                    -----    -----      -----    -----
  +--> ?PR?_SC_SPEECH?VOICE
  +--> ?PR?_DELAY?DELAY
BL51 BANKED LINKER/LOCATER V6.22                                                      05/08/2015  10:02:48  PAGE 6



?PR?ALARM_RAISED_SPEECH?VOICE                    -----    -----      -----    -----
  +--> ?PR?_SC_SPEECH?VOICE
  +--> ?PR?_DELAY?DELAY

?PR?ALARM_FELL_SPEECH?VOICE                      -----    -----      -----    -----
  +--> ?PR?_SC_SPEECH?VOICE
  +--> ?PR?_DELAY?DELAY

?PR?WIRE_BROKEN_SPEECH?VOICE                     -----    -----      -----    -----
  +--> ?PR?_SC_SPEECH?VOICE
  +--> ?PR?_DELAY?DELAY

?PR?HOST_BATTERY_HIGH_ALARM_SPEECH?VOICE         -----    -----      -----    -----
  +--> ?PR?_SC_SPEECH?VOICE
  +--> ?PR?_DELAY?DELAY



UNRESOLVED EXTERNAL SYMBOLS:
   CHECK_MOTOBATTERY_COUNT
   CHECK_MOTOBATTERY_FLAG
   ELECMOTOR_ACW
   FLASHING_FLAG
   IDKEY_CERTIFICATED_TIMES
   IDKEY_SELFLEARN_FLAG1
   IDKEY_SELFLEARN_FLAG2
   IDKEY_SELFLEARN_FLAG3
   IDKEY_SELFLEARN_FLAG4
   IDKEY_SELFLEARN_FLAG5
   IDKEY_SELFLEARN_FLAG6
   IDKEY_SELFLEARN_FLAG6COUNT
   IDKEY_SELFLEARN_HVCOUNT
   IDKEY_SELFLEARN_LVCOUNT
   IDKEY_SPEECH_FLASH
   ID_SPEECHED_FLAG
   LOAD_BATTERY_RESULT
   NEVER_ALARM
   SILENCE_FLAG
   SLAVE_NEARBY_ACTIONED_FLAG



SYMBOL TABLE OF MODULE:  DDC-F (AD)

  VALUE           TYPE          NAME
  ----------------------------------

  -------         MODULE        AD
  C:0000H         SYMBOL        _ICE_DUMMY_
  D:0080H         PUBLIC        P0
  D:0090H         PUBLIC        P1
  D:00A0H         PUBLIC        P2
  D:00B0H         PUBLIC        P3
  D:00A8H         PUBLIC        IE
  D:00E2H         PUBLIC        ADCH
  B:00F8H.4       PUBLIC        ADCI
BL51 BANKED LINKER/LOCATER V6.22                                                      05/08/2015  10:02:48  PAGE 7


  D:00B8H         PUBLIC        IP
  B:00F8H.3       PUBLIC        ADCS
  D:00F6H         PUBLIC        P0DIDS
  D:00D8H         PUBLIC        WDCON0
  D:0098H         PUBLIC        SCON
  D:0088H         PUBLIC        TCON
  B:00F8H.0       PUBLIC        AADR0
  B:00F8H.1       PUBLIC        AADR1
  B:00F8H.2       PUBLIC        AADR2
  D:00E8H         PUBLIC        EIE
  D:00F8H         PUBLIC        ADCCON0
  D:00E1H         PUBLIC        ADCCON1
  D:00C0H         PUBLIC        I2CON
  D:00C8H         PUBLIC        T2CON
  C:0875H         PUBLIC        _GetADCResult
  D:00D0H         PUBLIC        PSW
  -------         PROC          _GETADCRESULT
  D:0007H         SYMBOL        ch
  -------         DO            
  D:0005H         SYMBOL        DataL
  D:0002H         SYMBOL        DataH
  -------         ENDDO         
  C:0875H         LINE#         18
  C:0875H         LINE#         19
  C:0875H         LINE#         20
  C:0876H         LINE#         21
  C:0877H         LINE#         23
  C:087CH         LINE#         24
  C:087CH         LINE#         26
  C:087FH         LINE#         28
  C:0881H         LINE#         29
  C:0883H         LINE#         30
  C:0885H         LINE#         32
  C:0888H         LINE#         34
  C:088AH         LINE#         35
  C:088CH         LINE#         37
  C:088EH         LINE#         38
  C:0895H         LINE#         40
  C:0899H         LINE#         41
  C:08ABH         LINE#         43
  C:08AFH         LINE#         44
  C:08AFH         LINE#         46
  C:08B4H         LINE#         47
  C:08B4H         LINE#         49
  C:08B7H         LINE#         52
  C:08B9H         LINE#         53
  C:08BBH         LINE#         54
  C:08BDH         LINE#         56
  C:08C0H         LINE#         58
  C:08C2H         LINE#         59
  C:08C4H         LINE#         61
  C:08C6H         LINE#         62
  C:08CDH         LINE#         64
  C:08D3H         LINE#         65
  C:08E5H         LINE#         67
  C:08E8H         LINE#         68
  C:08E8H         LINE#         69
BL51 BANKED LINKER/LOCATER V6.22                                                      05/08/2015  10:02:48  PAGE 8


  -------         ENDPROC       _GETADCRESULT
  -------         ENDMOD        AD

  -------         MODULE        BATTERY
  C:0000H         SYMBOL        _ICE_DUMMY_
  D:0080H         PUBLIC        P0
  D:0090H         PUBLIC        P1
  D:00A0H         PUBLIC        P2
  D:00B0H         PUBLIC        P3
  X:0002H         PUBLIC        Check2_stage
  B:0090H.4       PUBLIC        voice_EN
  D:00A8H         PUBLIC        IE
  D:00B8H         PUBLIC        IP
  C:0607H         PUBLIC        _verifybattery
  C:1566H         PUBLIC        CheckADC
  D:00D8H         PUBLIC        WDCON0
  D:0098H         PUBLIC        SCON
  D:0088H         PUBLIC        TCON
  D:00E8H         PUBLIC        EIE
  D:00F8H         PUBLIC        ADCCON0
  D:00C0H         PUBLIC        I2CON
  D:00C8H         PUBLIC        T2CON
  D:00D0H         PUBLIC        PSW
  -------         PROC          CHECKADC
  C:1566H         LINE#         22
  C:1566H         LINE#         23
  C:1566H         LINE#         25
  C:1572H         LINE#         26
  -------         ENDPROC       CHECKADC
  -------         PROC          _VERIFYBATTERY
  X:0000H         SYMBOL        Check2
  C:0607H         LINE#         33
  C:060EH         LINE#         34
  C:060EH         LINE#         148
  C:0616H         LINE#         149
  C:0616H         LINE#         150
  C:0618H         LINE#         151
  C:061DH         LINE#         152
  C:061FH         LINE#         153
  C:061FH         LINE#         154
  C:0621H         LINE#         156
  C:0639H         LINE#         157
  C:0639H         LINE#         158
  C:063BH         LINE#         159
  C:0640H         LINE#         160
  C:0642H         LINE#         161
  C:0642H         LINE#         162
  C:0644H         LINE#         164
  C:0658H         LINE#         165
  C:0658H         LINE#         166
  C:065AH         LINE#         167
  C:065FH         LINE#         168
  C:0661H         LINE#         169
  C:0661H         LINE#         170
  C:0663H         LINE#         172
  C:0679H         LINE#         173
  C:0679H         LINE#         174
BL51 BANKED LINKER/LOCATER V6.22                                                      05/08/2015  10:02:48  PAGE 9


  C:067BH         LINE#         175
  C:0680H         LINE#         176
  C:0682H         LINE#         177
  C:0682H         LINE#         178
  C:0684H         LINE#         180
  C:069CH         LINE#         181
  C:069CH         LINE#         182
  C:069EH         LINE#         183
  C:06A3H         LINE#         184
  C:06A8H         LINE#         185
  C:06AAH         LINE#         186
  C:06ABH         LINE#         188
  C:06B7H         LINE#         189
  C:06B7H         LINE#         190
  C:06BAH         LINE#         191
  C:06BAH         LINE#         193
  -------         ENDPROC       _VERIFYBATTERY
  -------         ENDMOD        BATTERY

  -------         MODULE        COMMUNICATION
  C:0000H         SYMBOL        _ICE_DUMMY_
  C:0A3DH         PUBLIC        receive_byte
  D:0080H         PUBLIC        P0
  D:0090H         PUBLIC        P1
  B:00B0H.0       PUBLIC        receive_wire
  D:00A0H         PUBLIC        P2
  D:00B0H         PUBLIC        P3
  C:0FCEH         PUBLIC        _ComMode_Data
  C:0C8BH         PUBLIC        _UART_Send_Data
  C:0F10H         PUBLIC        receive_word
  D:00A8H         PUBLIC        IE
  C:1036H         PUBLIC        _ComMode_Data_WX
  D:00B8H         PUBLIC        IP
  C:157EH         PUBLIC        InitTransceiver
  B:0080H.1       PUBLIC        lock_code
  C:0DBBH         PUBLIC        _UART_Send_Data_F
  D:00D8H         PUBLIC        WDCON0
  B:0090H.0       PUBLIC        P10
  B:0090H.1       PUBLIC        P11
  C:1597H         PUBLIC        close_tranceiver
  D:0098H         PUBLIC        SCON
  D:0088H         PUBLIC        TCON
  C:0D2BH         PUBLIC        initsignal
  B:00A0H.7       PUBLIC        transmiter_EN
  B:0090H.3       PUBLIC        receiver_EN
  C:159EH         PUBLIC        open_tranceiver
  C:095CH         PUBLIC        _send_code_to_lock_Taili
  D:00E8H         PUBLIC        EIE
  B:00A0H.3       PUBLIC        MagentControl_2
  D:00F8H         PUBLIC        ADCCON0
  D:00C0H         PUBLIC        I2CON
  C:0D73H         PUBLIC        initsignal_F
  B:00A0H.6       PUBLIC        transmiter_power
  D:00C8H         PUBLIC        T2CON
  C:0B73H         PUBLIC        _Send_Data
  C:0AA7H         PUBLIC        receive_byte_Lock
  B:0090H.0       PUBLIC        TXD
BL51 BANKED LINKER/LOCATER V6.22                                                      05/08/2015  10:02:48  PAGE 10


  C:07BDH         PUBLIC        UART_Send_Data_match
  C:08E9H         PUBLIC        _send_code_to_lock
  D:00D0H         PUBLIC        PSW
  X:0019H         PUBLIC        myTxRxData
  -------         PROC          INITTRANSCEIVER
  C:157EH         LINE#         38
  C:157EH         LINE#         39
  C:157EH         LINE#         40
  C:1580H         LINE#         41
  C:1582H         LINE#         42
  C:1584H         LINE#         43
  C:1586H         LINE#         44
  -------         ENDPROC       INITTRANSCEIVER
  -------         PROC          INITSIGNAL
  -------         DO            
  X:0003H         SYMBOL        k
  X:0004H         SYMBOL        k1
  X:0005H         SYMBOL        mystartbuffer
  -------         ENDDO         
  C:0D2BH         LINE#         53
  C:0D2BH         LINE#         54
  C:0D2BH         LINE#         56
  C:0D30H         LINE#         57
  C:0D33H         LINE#         58
  C:0D33H         LINE#         59
  C:0D37H         LINE#         60
  C:0D37H         LINE#         61
  C:0D3AH         LINE#         62
  C:0D3AH         LINE#         63
  C:0D3AH         LINE#         64
  C:0D3AH         LINE#         66
  C:0D3AH         LINE#         68
  C:0D3AH         LINE#         69
  C:0D3CH         LINE#         70
  C:0D45H         LINE#         72
  C:0D45H         LINE#         73
  C:0D47H         LINE#         74
  C:0D4DH         LINE#         75
  C:0D56H         LINE#         77
  C:0D61H         LINE#         78
  C:0D66H         LINE#         81
  C:0D70H         LINE#         82
  C:0D72H         LINE#         83
  -------         ENDPROC       INITSIGNAL
  -------         PROC          INITSIGNAL_F
  -------         DO            
  X:0082H         SYMBOL        k
  X:0083H         SYMBOL        k1
  X:0084H         SYMBOL        mystartbuffer
  -------         ENDDO         
  C:0D73H         LINE#         85
  C:0D73H         LINE#         86
  C:0D73H         LINE#         88
  C:0D78H         LINE#         89
  C:0D7BH         LINE#         90
  C:0D7BH         LINE#         91
  C:0D7FH         LINE#         92
BL51 BANKED LINKER/LOCATER V6.22                                                      05/08/2015  10:02:48  PAGE 11


  C:0D7FH         LINE#         93
  C:0D82H         LINE#         94
  C:0D82H         LINE#         95
  C:0D82H         LINE#         96
  C:0D82H         LINE#         98
  C:0D82H         LINE#         100
  C:0D82H         LINE#         101
  C:0D84H         LINE#         102
  C:0D8DH         LINE#         104
  C:0D8DH         LINE#         105
  C:0D8FH         LINE#         106
  C:0D95H         LINE#         107
  C:0D9EH         LINE#         109
  C:0DA9H         LINE#         110
  C:0DAEH         LINE#         113
  C:0DB8H         LINE#         114
  C:0DBAH         LINE#         115
  -------         ENDPROC       INITSIGNAL_F
  -------         PROC          _SEND_DATA
  X:0006H         SYMBOL        x
  -------         DO            
  X:0007H         SYMBOL        i
  X:0008H         SYMBOL        n
  -------         ENDDO         
  C:0B73H         LINE#         121
  C:0B77H         LINE#         122
  C:0B77H         LINE#         124
  C:0B7AH         LINE#         125
  C:0B7AH         LINE#         126
  C:0B7EH         LINE#         127
  C:0B7EH         LINE#         128
  C:0B88H         LINE#         129
  C:0B88H         LINE#         130
  C:0B8AH         LINE#         131
  C:0B92H         LINE#         132
  C:0B94H         LINE#         134
  C:0B94H         LINE#         135
  C:0B96H         LINE#         136
  C:0BA1H         LINE#         137
  C:0BA1H         LINE#         138
  C:0BA3H         LINE#         139
  C:0BB1H         LINE#         140
  C:0BBCH         LINE#         141
  C:0BC7H         LINE#         142
  C:0BD2H         LINE#         143
  -------         ENDPROC       _SEND_DATA
  -------         PROC          _COMMODE_DATA
  X:0009H         SYMBOL        ComMode
  X:000AH         SYMBOL        x
  C:0FCEH         LINE#         151
  C:0FD8H         LINE#         152
  C:0FD8H         LINE#         153
  C:0FDAH         LINE#         154
  C:0FDFH         LINE#         155
  C:0FE1H         LINE#         156
  C:0FE6H         LINE#         157
  C:0FEAH         LINE#         158
BL51 BANKED LINKER/LOCATER V6.22                                                      05/08/2015  10:02:48  PAGE 12


  C:0FF0H         LINE#         160
  C:0FF3H         LINE#         161
  C:0FFBH         LINE#         163
  C:0FFDH         LINE#         164
  C:0FFFH         LINE#         165
  -------         ENDPROC       _COMMODE_DATA
  -------         PROC          _COMMODE_DATA_WX
  X:000CH         SYMBOL        ComMode
  X:000DH         SYMBOL        x
  C:1036H         LINE#         173
  C:1040H         LINE#         174
  C:1040H         LINE#         175
  C:1042H         LINE#         176
  C:1047H         LINE#         177
  C:1049H         LINE#         178
  C:104EH         LINE#         179
  C:1052H         LINE#         180
  C:1058H         LINE#         182
  C:105BH         LINE#         183
  C:1063H         LINE#         185
  C:1065H         LINE#         186
  C:1067H         LINE#         187
  C:1069H         LINE#         188
  -------         ENDPROC       _COMMODE_DATA_WX
  -------         PROC          _UART_SEND_DATA
  X:000FH         SYMBOL        command
  -------         DO            
  X:0010H         SYMBOL        ii
  -------         ENDDO         
  C:0C8BH         LINE#         193
  C:0C8FH         LINE#         194
  C:0C8FH         LINE#         195
  C:0C92H         LINE#         196
  C:0C95H         LINE#         197
  C:0C9DH         LINE#         198
  C:0CA4H         LINE#         199
  C:0CABH         LINE#         200
  C:0CB2H         LINE#         201
  C:0CB9H         LINE#         202
  C:0CBFH         LINE#         204
  C:0CC2H         LINE#         206
  C:0CC6H         LINE#         207
  C:0CC6H         LINE#         208
  C:0CD1H         LINE#         209
  C:0CD4H         LINE#         210
  C:0CDFH         LINE#         212
  -------         ENDPROC       _UART_SEND_DATA
  -------         PROC          _UART_SEND_DATA_F
  X:0080H         SYMBOL        command
  -------         DO            
  X:0081H         SYMBOL        ii
  -------         ENDDO         
  C:0DBBH         LINE#         219
  C:0DBFH         LINE#         220
  C:0DBFH         LINE#         221
  C:0DC2H         LINE#         222
  C:0DC5H         LINE#         223
BL51 BANKED LINKER/LOCATER V6.22                                                      05/08/2015  10:02:48  PAGE 13


  C:0DCDH         LINE#         224
  C:0DD4H         LINE#         225
  C:0DDBH         LINE#         226
  C:0DE2H         LINE#         227
  C:0DE9H         LINE#         228
  C:0DEFH         LINE#         230
  C:0DF2H         LINE#         232
  C:0DFDH         LINE#         234
  -------         ENDPROC       _UART_SEND_DATA_F
  -------         PROC          OPEN_TRANCEIVER
  C:159EH         LINE#         241
  C:159EH         LINE#         242
  C:159EH         LINE#         248
  C:15A0H         LINE#         250
  C:15A2H         LINE#         251
  -------         ENDPROC       OPEN_TRANCEIVER
  -------         PROC          CLOSE_TRANCEIVER
  C:1597H         LINE#         257
  C:1597H         LINE#         258
  C:1597H         LINE#         259
  C:1599H         LINE#         260
  C:159BH         LINE#         261
  C:159DH         LINE#         267
  -------         ENDPROC       CLOSE_TRANCEIVER
  -------         PROC          UART_SEND_DATA_MATCH
  C:07BDH         LINE#         272
  C:07BDH         LINE#         273
  C:07BDH         LINE#         274
  C:07C0H         LINE#         276
  C:07C5H         LINE#         277
  C:07C9H         LINE#         278
  C:07D0H         LINE#         279
  C:07D7H         LINE#         280
  C:07DEH         LINE#         281
  C:07E5H         LINE#         282
  C:07ECH         LINE#         284
  C:07EFH         LINE#         286
  C:07FAH         LINE#         287
  C:07FDH         LINE#         289
  -------         ENDPROC       UART_SEND_DATA_MATCH
  -------         PROC          RECEIVE_BYTE
  C:0A3DH         LINE#         296
  C:0A3DH         LINE#         297
  C:0A3DH         LINE#         299
  C:0A40H         LINE#         300
  C:0A40H         LINE#         302
  C:0A4AH         LINE#         303
  C:0A4AH         LINE#         304
  C:0A4CH         LINE#         305
  C:0A4CH         LINE#         306
  C:0A4EH         LINE#         307
  C:0A4FH         LINE#         310
  C:0A4FH         LINE#         312
  C:0A52H         LINE#         313
  C:0A52H         LINE#         315
  C:0A54H         LINE#         318
  C:0A63H         LINE#         319
BL51 BANKED LINKER/LOCATER V6.22                                                      05/08/2015  10:02:48  PAGE 14


  C:0A63H         LINE#         321
  C:0A69H         LINE#         322
  C:0A6BH         LINE#         323
  C:0A6BH         LINE#         324
  C:0A6BH         LINE#         325
  C:0A6DH         LINE#         327
  C:0A75H         LINE#         328
  C:0A75H         LINE#         330
  C:0A7BH         LINE#         331
  C:0A7EH         LINE#         332
  C:0A83H         LINE#         333
  C:0A87H         LINE#         334
  C:0A89H         LINE#         336
  C:0A89H         LINE#         338
  C:0A8EH         LINE#         339
  C:0A8EH         LINE#         341
  C:0A92H         LINE#         342
  C:0A93H         LINE#         344
  C:0A93H         LINE#         346
  C:0A9DH         LINE#         347
  C:0A9DH         LINE#         348
  C:0AA1H         LINE#         349
  C:0AA3H         LINE#         350
  C:0AA6H         LINE#         351
  C:0AA6H         LINE#         352
  C:0AA6H         LINE#         353
  C:0AA6H         LINE#         354
  -------         ENDPROC       RECEIVE_BYTE
  -------         PROC          RECEIVE_BYTE_LOCK
  C:0AA7H         LINE#         360
  C:0AA7H         LINE#         361
  C:0AA7H         LINE#         363
  C:0AAAH         LINE#         364
  C:0AAAH         LINE#         366
  C:0AB4H         LINE#         367
  C:0AB4H         LINE#         368
  C:0AB6H         LINE#         369
  C:0AB6H         LINE#         370
  C:0AB8H         LINE#         371
  C:0AB9H         LINE#         374
  C:0AB9H         LINE#         376
  C:0ABCH         LINE#         377
  C:0ABCH         LINE#         379
  C:0ABEH         LINE#         382
  C:0ACDH         LINE#         383
  C:0ACDH         LINE#         385
  C:0AD3H         LINE#         386
  C:0AD5H         LINE#         387
  C:0AD5H         LINE#         388
  C:0AD5H         LINE#         389
  C:0AD7H         LINE#         391
  C:0ADFH         LINE#         392
  C:0ADFH         LINE#         394
  C:0AE5H         LINE#         395
  C:0AE8H         LINE#         396
  C:0AEDH         LINE#         397
  C:0AF1H         LINE#         398
BL51 BANKED LINKER/LOCATER V6.22                                                      05/08/2015  10:02:48  PAGE 15


  C:0AF3H         LINE#         400
  C:0AF3H         LINE#         402
  C:0AF8H         LINE#         403
  C:0AF8H         LINE#         405
  C:0AFCH         LINE#         406
  C:0AFDH         LINE#         408
  C:0AFDH         LINE#         410
  C:0B07H         LINE#         411
  C:0B07H         LINE#         412
  C:0B0BH         LINE#         413
  C:0B0DH         LINE#         414
  C:0B10H         LINE#         415
  C:0B10H         LINE#         416
  C:0B10H         LINE#         417
  C:0B10H         LINE#         418
  -------         ENDPROC       RECEIVE_BYTE_LOCK
  -------         PROC          RECEIVE_WORD
  C:0F10H         LINE#         424
  C:0F10H         LINE#         425
  C:0F10H         LINE#         427
  C:0F17H         LINE#         428
  C:0F17H         LINE#         429
  C:0F18H         LINE#         431
  C:0F25H         LINE#         434
  C:0F2EH         LINE#         435
  C:0F2EH         LINE#         436
  C:0F33H         LINE#         437
  C:0F34H         LINE#         439
  C:0F3EH         LINE#         440
  C:0F3EH         LINE#         441
  C:0F43H         LINE#         442
  C:0F44H         LINE#         443
  C:0F48H         LINE#         444
  C:0F48H         LINE#         445
  C:0F4AH         LINE#         446
  C:0F4AH         LINE#         447
  C:0F4CH         LINE#         449
  C:0F4CH         LINE#         450
  C:0F50H         LINE#         451
  C:0F50H         LINE#         452
  C:0F50H         LINE#         453
  -------         ENDPROC       RECEIVE_WORD
  -------         PROC          _SEND_CODE_TO_LOCK
  D:0007H         SYMBOL        x
  X:0011H         SYMBOL        y
  -------         DO            
  X:0013H         SYMBOL        i
  X:0014H         SYMBOL        n
  -------         ENDDO         
  C:08E9H         LINE#         460
  C:08F0H         LINE#         461
  C:08F0H         LINE#         463
  C:08F5H         LINE#         464
  C:08F9H         LINE#         465
  C:08FCH         LINE#         471
  C:0900H         LINE#         472
  C:0900H         LINE#         473
BL51 BANKED LINKER/LOCATER V6.22                                                      05/08/2015  10:02:48  PAGE 16


  C:0904H         LINE#         474
  C:0904H         LINE#         475
  C:090EH         LINE#         476
  C:090EH         LINE#         477
  C:0910H         LINE#         478
  C:0919H         LINE#         479
  C:091BH         LINE#         481
  C:091BH         LINE#         482
  C:091DH         LINE#         483
  C:0929H         LINE#         484
  C:0929H         LINE#         485
  C:092BH         LINE#         486
  C:0939H         LINE#         487
  C:0945H         LINE#         488
  C:0950H         LINE#         489
  C:095BH         LINE#         490
  -------         ENDPROC       _SEND_CODE_TO_LOCK
  -------         PROC          _SEND_CODE_TO_LOCK_TAILI
  D:0007H         SYMBOL        x
  X:0015H         SYMBOL        y
  -------         DO            
  X:0017H         SYMBOL        i
  X:0018H         SYMBOL        n
  -------         ENDDO         
  C:095CH         LINE#         497
  C:0963H         LINE#         498
  C:0963H         LINE#         500
  C:0968H         LINE#         501
  C:096CH         LINE#         502
  C:096FH         LINE#         508
  C:0973H         LINE#         509
  C:0973H         LINE#         510
  C:0977H         LINE#         511
  C:0977H         LINE#         512
  C:0981H         LINE#         513
  C:0981H         LINE#         514
  C:0983H         LINE#         515
  C:098CH         LINE#         516
  C:098EH         LINE#         518
  C:098EH         LINE#         519
  C:0990H         LINE#         520
  C:099CH         LINE#         521
  C:099CH         LINE#         522
  C:099EH         LINE#         523
  C:09ACH         LINE#         524
  C:09B8H         LINE#         525
  C:09C3H         LINE#         526
  C:09CEH         LINE#         527
  -------         ENDPROC       _SEND_CODE_TO_LOCK_TAILI
  -------         ENDMOD        COMMUNICATION

  -------         MODULE        DELAY
  C:0000H         SYMBOL        _ICE_DUMMY_
  D:0080H         PUBLIC        P0
  D:0090H         PUBLIC        P1
  D:00A0H         PUBLIC        P2
  D:00B0H         PUBLIC        P3
BL51 BANKED LINKER/LOCATER V6.22                                                      05/08/2015  10:02:48  PAGE 17


  X:0022H         PUBLIC        Timeout_loop
  D:00A8H         PUBLIC        IE
  C:128BH         PUBLIC        Delay_10ms
  C:12A5H         PUBLIC        Delay_50ms
  D:00B8H         PUBLIC        IP
  B:0090H.2       PUBLIC        magnet_overcurrent
  D:00D8H         PUBLIC        WDCON0
  C:0F90H         PUBLIC        _Magnet_Delay
  D:0098H         PUBLIC        SCON
  D:0088H         PUBLIC        TCON
  C:12BFH         PUBLIC        Delay_500ms
  C:0F51H         PUBLIC        _Custom_Delay
  C:11FEH         PUBLIC        _delay_ms
  D:00E8H         PUBLIC        EIE
  D:00F8H         PUBLIC        ADCCON0
  C:12F3H         PUBLIC        _delay_us
  D:00C0H         PUBLIC        I2CON
  C:1257H         PUBLIC        Delay_1ms
  D:00C8H         PUBLIC        T2CON
  C:1271H         PUBLIC        Delay_5ms
  C:1355H         PUBLIC        _Delay
  D:00D0H         PUBLIC        PSW
  -------         PROC          DELAY_1MS
  C:1257H         LINE#         15
  C:1257H         LINE#         16
  C:1257H         LINE#         17
  C:1260H         LINE#         20
  C:1270H         LINE#         21
  -------         ENDPROC       DELAY_1MS
  -------         PROC          DELAY_5MS
  C:1271H         LINE#         23
  C:1271H         LINE#         24
  C:1271H         LINE#         25
  C:127AH         LINE#         28
  C:128AH         LINE#         29
  -------         ENDPROC       DELAY_5MS
  -------         PROC          DELAY_10MS
  C:128BH         LINE#         31
  C:128BH         LINE#         32
  C:128BH         LINE#         33
  C:1294H         LINE#         36
  C:12A4H         LINE#         37
  -------         ENDPROC       DELAY_10MS
  -------         PROC          DELAY_50MS
  C:12A5H         LINE#         40
  C:12A5H         LINE#         41
  C:12A5H         LINE#         42
  C:12AEH         LINE#         45
  C:12BEH         LINE#         46
  -------         ENDPROC       DELAY_50MS
  -------         PROC          DELAY_500MS
  C:12BFH         LINE#         49
  C:12BFH         LINE#         50
  C:12BFH         LINE#         51
  C:12C8H         LINE#         54
  C:12D8H         LINE#         55
  -------         ENDPROC       DELAY_500MS
BL51 BANKED LINKER/LOCATER V6.22                                                      05/08/2015  10:02:48  PAGE 18


  -------         PROC          _DELAY
  D:0007H         SYMBOL        n
  -------         DO            
  D:0004H         SYMBOL        x
  -------         ENDDO         
  C:1355H         LINE#         62
  C:1355H         LINE#         63
  C:1355H         LINE#         65
  C:135BH         LINE#         66
  C:135BH         LINE#         67
  C:135FH         LINE#         68
  C:136BH         LINE#         70
  -------         ENDPROC       _DELAY
  -------         PROC          _CUSTOM_DELAY
  D:0007H         SYMBOL        t
  X:0085H         SYMBOL        m
  -------         DO            
  X:0087H         SYMBOL        i
  D:0006H         SYMBOL        j
  -------         ENDDO         
  C:0F51H         LINE#         76
  C:0F58H         LINE#         77
  C:0F58H         LINE#         80
  C:0F6AH         LINE#         81
  C:0F8FH         LINE#         82
  -------         ENDPROC       _CUSTOM_DELAY
  -------         PROC          _DELAY_MS
  D:0006H         SYMBOL        count
  -------         DO            
  D:0004H         SYMBOL        i
  D:0002H         SYMBOL        j
  -------         ENDDO         
  C:11FEH         LINE#         89
  C:11FEH         LINE#         90
  C:11FEH         LINE#         92
  C:1208H         LINE#         93
  C:1208H         LINE#         94
  C:1216H         LINE#         95
  C:121DH         LINE#         96
  -------         ENDPROC       _DELAY_MS
  -------         PROC          _DELAY_US
  D:0006H         SYMBOL        count1
  -------         DO            
  D:0004H         SYMBOL        i
  D:0003H         SYMBOL        j
  -------         ENDDO         
  C:12F3H         LINE#         104
  C:12F3H         LINE#         105
  C:12F3H         LINE#         108
  C:12FDH         LINE#         109
  C:12FDH         LINE#         110
  C:1304H         LINE#         111
  C:130BH         LINE#         112
  -------         ENDPROC       _DELAY_US
  -------         PROC          _MAGNET_DELAY
  X:0020H         SYMBOL        x
  D:0004H         SYMBOL        y
BL51 BANKED LINKER/LOCATER V6.22                                                      05/08/2015  10:02:48  PAGE 19


  -------         DO            
  D:0001H         SYMBOL        i
  D:0002H         SYMBOL        j
  -------         ENDDO         
  C:0F90H         LINE#         118
  C:0F97H         LINE#         119
  C:0F97H         LINE#         122
  C:0F99H         LINE#         123
  C:0F99H         LINE#         124
  C:0FADH         LINE#         125
  C:0FB2H         LINE#         126
  C:0FB4H         LINE#         127
  C:0FB4H         LINE#         129
  C:0FB7H         LINE#         130
  C:0FB7H         LINE#         131
  C:0FC8H         LINE#         132
  C:0FC8H         LINE#         134
  C:0FC8H         LINE#         136
  C:0FC8H         LINE#         137
  C:0FCDH         LINE#         138
  -------         ENDPROC       _MAGNET_DELAY
  -------         ENDMOD        DELAY

  -------         MODULE        OPERATION
  C:0000H         SYMBOL        _ICE_DUMMY_
  D:0080H         PUBLIC        P0
  D:0090H         PUBLIC        P1
  B:0080H.3       PUBLIC        fell_sensor_detect
  D:00A0H         PUBLIC        P2
  D:00B0H         PUBLIC        P3
  D:00A8H         PUBLIC        IE
  B:0024H.6       PUBLIC        sensor_EN
  C:1573H         PUBLIC        InitSensor
  D:00B8H         PUBLIC        IP
  C:1398H         PUBLIC        Batstolen_Alarm_to_Slave
  D:00D8H         PUBLIC        WDCON0
  D:0098H         PUBLIC        SCON
  D:0088H         PUBLIC        TCON
  C:130CH         PUBLIC        slave_nearby_operation
  B:00A0H.4       PUBLIC        key_rotate
  D:00E8H         PUBLIC        EIE
  B:0080H.4       PUBLIC        raised_sensor_detect
  D:00F8H         PUBLIC        ADCCON0
  D:00C0H         PUBLIC        I2CON
  C:11DCH         PUBLIC        ENsensor_afterIDcert
  D:00C8H         PUBLIC        T2CON
  C:1125H         PUBLIC        SelfLearn_Reset
  C:1382H         PUBLIC        Raise_Alarm_to_Slave
  C:1172H         PUBLIC        slave_away_operation
  C:1325H         PUBLIC        ENsensor_After_CloseLock
  B:0024H.7       PUBLIC        enable_sensor_delayEN
  C:136CH         PUBLIC        Fell_Alarm_to_Slave
  D:00D0H         PUBLIC        PSW
  C:0BD3H         PUBLIC        Host_stolen_action
  -------         PROC          SLAVE_AWAY_OPERATION
  C:1172H         LINE#         75
  C:1172H         LINE#         76
BL51 BANKED LINKER/LOCATER V6.22                                                      05/08/2015  10:02:48  PAGE 20


  C:1172H         LINE#         77
  C:1175H         LINE#         79
  C:1178H         LINE#         80
  C:1178H         LINE#         81
  C:117BH         LINE#         84
  C:117DH         LINE#         85
  C:1181H         LINE#         88
  C:1181H         LINE#         90
  C:1183H         LINE#         91
  C:1187H         LINE#         93
  C:118CH         LINE#         94
  C:1190H         LINE#         96
  C:1193H         LINE#         97
  C:1195H         LINE#         98
  -------         ENDPROC       SLAVE_AWAY_OPERATION
  -------         PROC          SLAVE_NEARBY_OPERATION
  C:130CH         LINE#         104
  C:130CH         LINE#         105
  C:130CH         LINE#         106
  C:130FH         LINE#         107
  C:130FH         LINE#         108
  C:1312H         LINE#         109
  C:131CH         LINE#         111
  C:131FH         LINE#         112
  C:131FH         LINE#         113
  C:1324H         LINE#         114
  -------         ENDPROC       SLAVE_NEARBY_OPERATION
  -------         PROC          INITSENSOR
  C:1573H         LINE#         120
  C:1573H         LINE#         121
  C:1573H         LINE#         122
  C:1575H         LINE#         123
  C:1577H         LINE#         124
  C:1579H         LINE#         125
  C:157BH         LINE#         126
  C:157DH         LINE#         127
  -------         ENDPROC       INITSENSOR
  -------         PROC          HOST_STOLEN_ACTION
  C:0BD3H         LINE#         133
  C:0BD3H         LINE#         134
  C:0BD3H         LINE#         136
  C:0BDEH         LINE#         137
  C:0BDEH         LINE#         138
  C:0BE0H         LINE#         141
  C:0BE3H         LINE#         142
  C:0BE3H         LINE#         143
  C:0BE5H         LINE#         144
  C:0BE7H         LINE#         146
  C:0BE7H         LINE#         147
  C:0BECH         LINE#         148
  C:0BECH         LINE#         151
  C:0BEFH         LINE#         152
  C:0BF9H         LINE#         153
  C:0BF9H         LINE#         154
  C:0BFBH         LINE#         155
  C:0BFDH         LINE#         156
  C:0BFFH         LINE#         157
BL51 BANKED LINKER/LOCATER V6.22                                                      05/08/2015  10:02:48  PAGE 21


  C:0C01H         LINE#         158
  C:0C01H         LINE#         159
  C:0C01H         LINE#         160
  C:0C0CH         LINE#         161
  C:0C0CH         LINE#         162
  C:0C0EH         LINE#         165
  C:0C11H         LINE#         166
  C:0C11H         LINE#         167
  C:0C13H         LINE#         168
  C:0C15H         LINE#         170
  C:0C15H         LINE#         171
  C:0C1AH         LINE#         172
  C:0C1AH         LINE#         175
  C:0C1DH         LINE#         176
  C:0C27H         LINE#         177
  C:0C27H         LINE#         178
  C:0C29H         LINE#         179
  C:0C2BH         LINE#         180
  C:0C2DH         LINE#         181
  C:0C2FH         LINE#         182
  C:0C2FH         LINE#         183
  C:0C2FH         LINE#         184
  -------         ENDPROC       HOST_STOLEN_ACTION
  -------         PROC          ENSENSOR_AFTERIDCERT
  C:11DCH         LINE#         191
  C:11DCH         LINE#         192
  C:11DCH         LINE#         193
  C:11DFH         LINE#         194
  C:11DFH         LINE#         195
  C:11E9H         LINE#         196
  C:11E9H         LINE#         197
  C:11EBH         LINE#         198
  C:11EDH         LINE#         199
  C:11F0H         LINE#         200
  C:11F8H         LINE#         201
  C:11F8H         LINE#         202
  C:11FBH         LINE#         203
  C:11FBH         LINE#         204
  C:11FDH         LINE#         205
  C:11FDH         LINE#         206
  C:11FDH         LINE#         207
  -------         ENDPROC       ENSENSOR_AFTERIDCERT
  -------         PROC          ENSENSOR_AFTER_CLOSELOCK
  C:1325H         LINE#         212
  C:1325H         LINE#         213
  C:1325H         LINE#         214
  C:132BH         LINE#         215
  C:132BH         LINE#         216
  C:1335H         LINE#         217
  C:1335H         LINE#         218
  C:1337H         LINE#         219
  C:1339H         LINE#         220
  C:133CH         LINE#         221
  C:133CH         LINE#         222
  C:133CH         LINE#         223
  -------         ENDPROC       ENSENSOR_AFTER_CLOSELOCK
  -------         PROC          SELFLEARN_RESET
BL51 BANKED LINKER/LOCATER V6.22                                                      05/08/2015  10:02:48  PAGE 22


  C:1125H         LINE#         229
  C:1125H         LINE#         230
  C:1125H         LINE#         231
  C:1128H         LINE#         232
  C:1128H         LINE#         233
  C:1132H         LINE#         234
  C:1132H         LINE#         235
  C:1138H         LINE#         236
  C:113DH         LINE#         237
  C:113FH         LINE#         238
  C:1141H         LINE#         239
  C:1143H         LINE#         240
  C:1145H         LINE#         241
  C:1147H         LINE#         242
  C:1149H         LINE#         243
  C:114CH         LINE#         244
  C:114CH         LINE#         245
  C:114CH         LINE#         246
  -------         ENDPROC       SELFLEARN_RESET
  -------         PROC          FELL_ALARM_TO_SLAVE
  C:136CH         LINE#         252
  C:136CH         LINE#         253
  C:136CH         LINE#         254
  C:1377H         LINE#         255
  C:1377H         LINE#         256
  C:137CH         LINE#         257
  C:1381H         LINE#         258
  C:1381H         LINE#         259
  -------         ENDPROC       FELL_ALARM_TO_SLAVE
  -------         PROC          RAISE_ALARM_TO_SLAVE
  C:1382H         LINE#         265
  C:1382H         LINE#         266
  C:1382H         LINE#         267
  C:138DH         LINE#         268
  C:138DH         LINE#         269
  C:1392H         LINE#         270
  C:1397H         LINE#         271
  C:1397H         LINE#         272
  -------         ENDPROC       RAISE_ALARM_TO_SLAVE
  -------         PROC          BATSTOLEN_ALARM_TO_SLAVE
  C:1398H         LINE#         278
  C:1398H         LINE#         279
  C:1398H         LINE#         280
  C:13A3H         LINE#         281
  C:13A3H         LINE#         282
  C:13A8H         LINE#         283
  C:13ADH         LINE#         284
  C:13ADH         LINE#         285
  -------         ENDPROC       BATSTOLEN_ALARM_TO_SLAVE
  -------         ENDMOD        OPERATION

  -------         MODULE        OTHER
  C:0000H         SYMBOL        _ICE_DUMMY_
  D:0080H         PUBLIC        P0
  D:0090H         PUBLIC        P1
  D:00A0H         PUBLIC        P2
  D:00B0H         PUBLIC        P3
BL51 BANKED LINKER/LOCATER V6.22                                                      05/08/2015  10:02:48  PAGE 23


  D:00A8H         PUBLIC        IE
  C:154AH         PUBLIC        _magnet_ACW_Taili
  B:00A0H.4       PUBLIC        Moto_EN
  D:00B8H         PUBLIC        IP
  D:00D8H         PUBLIC        WDCON0
  D:0098H         PUBLIC        SCON
  D:0088H         PUBLIC        TCON
  C:0003H         PUBLIC        Moto_Vibration
  C:153CH         PUBLIC        _magnet_ACW
  C:109BH         PUBLIC        _magnet_CW_Taili
  D:00E8H         PUBLIC        EIE
  C:0E00H         PUBLIC        disable_sensor
  B:00A0H.2       PUBLIC        MagentControl_1
  B:00A0H.3       PUBLIC        MagentControl_2
  D:00F8H         PUBLIC        ADCCON0
  D:00C0H         PUBLIC        I2CON
  D:00C8H         PUBLIC        T2CON
  C:13FDH         PUBLIC        enable_sensor
  C:106AH         PUBLIC        _magnet_CW
  D:00D0H         PUBLIC        PSW
  B:0080H.5       PUBLIC        Externalmotor
  -------         PROC          _MAGNET_CW
  X:0024H         SYMBOL        x
  X:0026H         SYMBOL        y
  D:0003H         SYMBOL        z
  C:106AH         LINE#         44
  C:1077H         LINE#         45
  C:1077H         LINE#         47
  C:1080H         LINE#         49
  C:1082H         LINE#         50
  C:1084H         LINE#         51
  C:1094H         LINE#         52
  C:1096H         LINE#         53
  C:1098H         LINE#         54
  C:109AH         LINE#         55
  -------         ENDPROC       _MAGNET_CW
  -------         PROC          _MAGNET_CW_TAILI
  X:0028H         SYMBOL        x
  X:002AH         SYMBOL        y
  D:0003H         SYMBOL        z
  C:109BH         LINE#         61
  C:10A8H         LINE#         62
  C:10A8H         LINE#         64
  C:10B1H         LINE#         66
  C:10B3H         LINE#         67
  C:10B5H         LINE#         68
  C:10C5H         LINE#         69
  C:10C7H         LINE#         70
  C:10C9H         LINE#         71
  C:10CBH         LINE#         72
  -------         ENDPROC       _MAGNET_CW_TAILI
  -------         PROC          _MAGNET_ACW
  D:0006H         SYMBOL        x
  D:0004H         SYMBOL        y
  C:153CH         LINE#         78
  C:153CH         LINE#         79
  C:153CH         LINE#         80
BL51 BANKED LINKER/LOCATER V6.22                                                      05/08/2015  10:02:48  PAGE 24


  C:153EH         LINE#         81
  C:1540H         LINE#         82
  C:1542H         LINE#         83
  C:1545H         LINE#         84
  C:1547H         LINE#         85
  C:1549H         LINE#         86
  -------         ENDPROC       _MAGNET_ACW
  -------         PROC          _MAGNET_ACW_TAILI
  D:0006H         SYMBOL        x
  D:0004H         SYMBOL        y
  C:154AH         LINE#         92
  C:154AH         LINE#         93
  C:154AH         LINE#         94
  C:154CH         LINE#         95
  C:154EH         LINE#         96
  C:1550H         LINE#         97
  C:1553H         LINE#         98
  C:1555H         LINE#         99
  C:1557H         LINE#         100
  -------         ENDPROC       _MAGNET_ACW_TAILI
  -------         PROC          DISABLE_SENSOR
  C:0E00H         LINE#         106
  C:0E00H         LINE#         107
  C:0E00H         LINE#         109
  C:0E02H         LINE#         110
  C:0E04H         LINE#         112
  C:0E06H         LINE#         113
  C:0E08H         LINE#         114
  C:0E0CH         LINE#         115
  C:0E0FH         LINE#         116
  C:0E12H         LINE#         117
  C:0E17H         LINE#         118
  C:0E1CH         LINE#         119
  C:0E21H         LINE#         120
  C:0E24H         LINE#         121
  C:0E27H         LINE#         122
  C:0E29H         LINE#         123
  C:0E2BH         LINE#         124
  C:0E2EH         LINE#         125
  C:0E30H         LINE#         126
  C:0E33H         LINE#         128
  C:0E35H         LINE#         131
  C:0E38H         LINE#         132
  C:0E3AH         LINE#         134
  C:0E3CH         LINE#         135
  C:0E3FH         LINE#         137
  C:0E41H         LINE#         138
  C:0E44H         LINE#         139
  -------         ENDPROC       DISABLE_SENSOR
  -------         PROC          ENABLE_SENSOR
  C:13FDH         LINE#         145
  C:13FDH         LINE#         146
  C:13FDH         LINE#         148
  C:13FFH         LINE#         149
  C:1401H         LINE#         151
  C:1405H         LINE#         152
  C:1408H         LINE#         153
BL51 BANKED LINKER/LOCATER V6.22                                                      05/08/2015  10:02:48  PAGE 25


  C:140AH         LINE#         154
  C:140DH         LINE#         155
  -------         ENDPROC       ENABLE_SENSOR
  -------         PROC          MOTO_VIBRATION
  C:0003H         LINE#         161
  C:0003H         LINE#         162
  C:0003H         LINE#         163
  C:0005H         LINE#         164
  C:0008H         LINE#         165
  C:000AH         LINE#         166
  -------         ENDPROC       MOTO_VIBRATION
  -------         ENDMOD        OTHER

  -------         MODULE        PWM
  C:0000H         SYMBOL        _ICE_DUMMY_
  D:0080H         PUBLIC        P0
  D:0090H         PUBLIC        P1
  D:00A0H         PUBLIC        P2
  D:00B0H         PUBLIC        P3
  D:00DCH         PUBLIC        PWMCON0
  D:00D1H         PUBLIC        PWMPH
  D:00A8H         PUBLIC        IE
  D:00D9H         PUBLIC        PWMPL
  C:0B11H         PUBLIC        _PWM_Channel
  D:00B8H         PUBLIC        IP
  C:1587H         PUBLIC        myPwm
  D:00D8H         PUBLIC        WDCON0
  D:0098H         PUBLIC        SCON
  D:0088H         PUBLIC        TCON
  D:00E8H         PUBLIC        EIE
  D:00F8H         PUBLIC        ADCCON0
  D:00C0H         PUBLIC        I2CON
  X:002CH         PUBLIC        PWM_shadow
  D:00C8H         PUBLIC        T2CON
  C:133DH         PUBLIC        Init_PWM
  D:00D2H         PUBLIC        PWM0H
  D:00D3H         PUBLIC        PWM1H
  D:00D5H         PUBLIC        PWM2H
  D:00D6H         PUBLIC        PWM3H
  D:00DAH         PUBLIC        PWM0L
  D:00DBH         PUBLIC        PWM1L
  D:00DDH         PUBLIC        PWM2L
  D:00DEH         PUBLIC        PWM3L
  D:00D0H         PUBLIC        PSW
  -------         PROC          INIT_PWM
  C:133DH         LINE#         19
  C:133DH         LINE#         20
  C:133DH         LINE#         22
  C:1340H         LINE#         24
  C:1348H         LINE#         26
  C:1351H         LINE#         27
  C:1354H         LINE#         28
  -------         ENDPROC       INIT_PWM
  -------         PROC          _PWM_CHANNEL
  D:0007H         SYMBOL        Channel
  C:0B11H         LINE#         34
  C:0B11H         LINE#         35
BL51 BANKED LINKER/LOCATER V6.22                                                      05/08/2015  10:02:48  PAGE 26


  C:0B11H         LINE#         36
  C:0B1FH         LINE#         37
  C:0B1FH         LINE#         39
  C:0B1FH         LINE#         40
  C:0B1FH         LINE#         41
  C:0B27H         LINE#         42
  C:0B30H         LINE#         43
  C:0B33H         LINE#         44
  C:0B33H         LINE#         45
  C:0B34H         LINE#         47
  C:0B34H         LINE#         48
  C:0B34H         LINE#         49
  C:0B3CH         LINE#         50
  C:0B45H         LINE#         51
  C:0B48H         LINE#         52
  C:0B48H         LINE#         53
  C:0B49H         LINE#         55
  C:0B49H         LINE#         56
  C:0B49H         LINE#         57
  C:0B51H         LINE#         58
  C:0B5AH         LINE#         59
  C:0B5DH         LINE#         60
  C:0B5DH         LINE#         61
  C:0B5EH         LINE#         63
  C:0B5EH         LINE#         64
  C:0B5EH         LINE#         65
  C:0B66H         LINE#         66
  C:0B6FH         LINE#         67
  C:0B72H         LINE#         68
  C:0B72H         LINE#         69
  C:0B72H         LINE#         70
  C:0B72H         LINE#         71
  -------         ENDPROC       _PWM_CHANNEL
  -------         PROC          MYPWM
  C:1587H         LINE#         77
  C:1587H         LINE#         78
  C:1587H         LINE#         80
  C:158CH         LINE#         82
  -------         ENDPROC       MYPWM
  -------         ENDMOD        PWM

  -------         MODULE        TIMER
  C:0000H         SYMBOL        _ICE_DUMMY_
  D:0080H         PUBLIC        P0
  D:0090H         PUBLIC        P1
  D:00A0H         PUBLIC        P2
  D:00B0H         PUBLIC        P3
  B:00A8H.7       PUBLIC        EA
  D:00A8H         PUBLIC        IE
  D:00B8H         PUBLIC        IP
  C:114DH         PUBLIC        _InitT0
  C:0800H         PUBLIC        _InitTimer
  D:00D8H         PUBLIC        WDCON0
  D:0087H         PUBLIC        PCON
  D:0098H         PUBLIC        SCON
  X:0030H         PUBLIC        timer0_8H
  D:0089H         PUBLIC        TMOD
BL51 BANKED LINKER/LOCATER V6.22                                                      05/08/2015  10:02:48  PAGE 27


  D:0088H         PUBLIC        TCON
  X:0031H         PUBLIC        timer1_8H
  X:0032H         PUBLIC        timer0_8L
  X:0033H         PUBLIC        timer1_8L
  B:00A8H.1       PUBLIC        ET0
  B:00A8H.3       PUBLIC        ET1
  D:008CH         PUBLIC        TH0
  D:008DH         PUBLIC        TH1
  D:008AH         PUBLIC        TL0
  D:008BH         PUBLIC        TL1
  D:00E8H         PUBLIC        EIE
  B:00B8H.3       PUBLIC        PT1
  B:0088H.4       PUBLIC        TR0
  B:0088H.6       PUBLIC        TR1
  D:00F8H         PUBLIC        ADCCON0
  D:00C0H         PUBLIC        I2CON
  D:00C8H         PUBLIC        T2CON
  C:15A3H         PUBLIC        sEOS_Go_To_Sleep
  D:00D0H         PUBLIC        PSW
  -------         PROC          _INITTIMER
  D:0007H         SYMBOL        Tick_ms_T0
  X:002EH         SYMBOL        Tick_us_T1
  -------         DO            
  D:0004H         SYMBOL        Inc_T0
  D:0004H         SYMBOL        Inc_T1
  D:0004H         SYMBOL        timer0_16
  D:0004H         SYMBOL        timer1_16
  -------         ENDDO         
  C:0800H         LINE#         29
  C:0807H         LINE#         30
  C:0807H         LINE#         35
  C:0819H         LINE#         36
  C:081FH         LINE#         37
  C:0822H         LINE#         38
  C:0826H         LINE#         41
  C:0845H         LINE#         42
  C:084DH         LINE#         43
  C:0851H         LINE#         44
  C:0857H         LINE#         46
  C:085AH         LINE#         48
  C:085FH         LINE#         49
  C:0864H         LINE#         50
  C:0866H         LINE#         51
  C:0868H         LINE#         53
  C:086AH         LINE#         54
  C:086CH         LINE#         55
  C:086EH         LINE#         56
  C:0870H         LINE#         57
  C:0872H         LINE#         58
  C:0874H         LINE#         59
  -------         ENDPROC       _INITTIMER
  -------         PROC          _INITT0
  D:0007H         SYMBOL        Tick_ms_T0
  -------         DO            
  D:0004H         SYMBOL        Inc_T0
  D:0004H         SYMBOL        timer0_16
  -------         ENDDO         
BL51 BANKED LINKER/LOCATER V6.22                                                      05/08/2015  10:02:48  PAGE 28


  C:114DH         LINE#         64
  C:114DH         LINE#         65
  C:114DH         LINE#         70
  C:115FH         LINE#         71
  C:1165H         LINE#         72
  C:1168H         LINE#         73
  C:116CH         LINE#         74
  C:116FH         LINE#         75
  C:1171H         LINE#         76
  -------         ENDPROC       _INITT0
  -------         PROC          SEOS_GO_TO_SLEEP
  C:15A3H         LINE#         82
  C:15A3H         LINE#         83
  C:15A3H         LINE#         84
  C:15A6H         LINE#         85
  -------         ENDPROC       SEOS_GO_TO_SLEEP
  -------         ENDMOD        TIMER

  -------         MODULE        UART
  C:0000H         SYMBOL        _ICE_DUMMY_
  D:0080H         PUBLIC        P0
  D:0090H         PUBLIC        P1
  D:00A0H         PUBLIC        P2
  D:00B0H         PUBLIC        P3
  B:00A8H.7       PUBLIC        EA
  C:158FH         PUBLIC        _SendData
  D:00A8H         PUBLIC        IE
  B:00A8H.4       PUBLIC        ES
  D:00B8H         PUBLIC        IP
  B:0098H.0       PUBLIC        RI
  B:0098H.1       PUBLIC        TI
  B:00B8H.4       PUBLIC        PS
  C:1196H         PUBLIC        InitUART9600
  D:00D8H         PUBLIC        WDCON0
  D:0099H         PUBLIC        SBUF
  D:0098H         PUBLIC        SCON
  D:0089H         PUBLIC        TMOD
  D:0088H         PUBLIC        TCON
  B:00A8H.1       PUBLIC        ET0
  D:008DH         PUBLIC        TH1
  D:008BH         PUBLIC        TL1
  D:00E8H         PUBLIC        EIE
  B:0088H.6       PUBLIC        TR1
  D:00F8H         PUBLIC        ADCCON0
  D:00C0H         PUBLIC        I2CON
  D:00C8H         PUBLIC        T2CON
  C:11B9H         PUBLIC        InitUART600
  C:10FAH         PUBLIC        _SendNByte
  D:00A2H         PUBLIC        AUXR1
  D:00D0H         PUBLIC        PSW
  -------         PROC          INITUART9600
  C:1196H         LINE#         18
  C:1196H         LINE#         19
  C:1196H         LINE#         20
  C:1199H         LINE#         21
  C:119CH         LINE#         22
  C:119FH         LINE#         23
BL51 BANKED LINKER/LOCATER V6.22                                                      05/08/2015  10:02:48  PAGE 29


  C:11A5H         LINE#         24
  C:11A7H         LINE#         26
  C:11ACH         LINE#         27
  C:11AEH         LINE#         28
  C:11B0H         LINE#         29
  C:11B2H         LINE#         30
  C:11B4H         LINE#         31
  C:11B6H         LINE#         32
  C:11B8H         LINE#         33
  -------         ENDPROC       INITUART9600
  -------         PROC          INITUART600
  C:11B9H         LINE#         35
  C:11B9H         LINE#         36
  C:11B9H         LINE#         37
  C:11BCH         LINE#         38
  C:11BFH         LINE#         39
  C:11C2H         LINE#         40
  C:11C8H         LINE#         41
  C:11CAH         LINE#         43
  C:11CFH         LINE#         44
  C:11D1H         LINE#         45
  C:11D3H         LINE#         46
  C:11D5H         LINE#         47
  C:11D7H         LINE#         48
  C:11D9H         LINE#         49
  C:11DBH         LINE#         50
  -------         ENDPROC       INITUART600
  -------         PROC          _SENDDATA
  D:0007H         SYMBOL        dat
  C:158FH         LINE#         56
  C:158FH         LINE#         57
  C:158FH         LINE#         58
  C:1591H         LINE#         59
  C:1594H         LINE#         60
  C:1596H         LINE#         61
  -------         ENDPROC       _SENDDATA
  -------         PROC          _SENDNBYTE
  X:0082H         SYMBOL        buf
  D:0005H         SYMBOL        len
  C:10FAH         LINE#         66
  C:1104H         LINE#         67
  C:1104H         LINE#         68
  C:110AH         LINE#         69
  C:110AH         LINE#         70
  C:1122H         LINE#         71
  C:1124H         LINE#         72
  -------         ENDPROC       _SENDNBYTE
  -------         ENDMOD        UART

  -------         MODULE        VOICE
  C:0000H         SYMBOL        _ICE_DUMMY_
  D:0080H         PUBLIC        P0
  D:0090H         PUBLIC        P1
  C:146AH         PUBLIC        close_lock_speech
  D:00A0H         PUBLIC        P2
  D:00B0H         PUBLIC        P3
  B:0090H.4       PUBLIC        voice_EN
BL51 BANKED LINKER/LOCATER V6.22                                                      05/08/2015  10:02:48  PAGE 30


  D:00A8H         PUBLIC        IE
  C:123CH         PUBLIC        InitVoice
  B:00A0H.1       PUBLIC        SC_DATA
  C:144CH         PUBLIC        stolen_alarm_speech1
  C:13D7H         PUBLIC        stolen_alarm_speech2
  D:00B8H         PUBLIC        IP
  C:145BH         PUBLIC        open_lock_speech
  C:141FH         PUBLIC        motorBAT_low_speech
  C:151EH         PUBLIC        lock_rotated_on_speech
  C:13C4H         PUBLIC        host_touch_speech
  C:14D3H         PUBLIC        Alarm_raised_speech
  C:143DH         PUBLIC        host_2ndtouch_speech
  D:00D8H         PUBLIC        WDCON0
  C:1500H         PUBLIC        battery_stolen_speech_F3
  C:14B5H         PUBLIC        Battery_high_alarm_speech
  D:0098H         PUBLIC        SCON
  B:0090H.4       PUBLIC        P14
  D:0088H         PUBLIC        TCON
  C:1488H         PUBLIC        Cutting_Wire_Voice
  C:1497H         PUBLIC        Product_Test_Voice
  C:14C4H         PUBLIC        Alarm_stolen_speech
  X:0034H         PUBLIC        key_rotate_on_speech_number
  C:14F1H         PUBLIC        Host_battery_high_alarm_speech
  C:14E2H         PUBLIC        Alarm_fell_speech
  C:1000H         PUBLIC        _SC_Speech
  D:00E8H         PUBLIC        EIE
  C:1479H         PUBLIC        battery_stolen_speech
  C:003AH         PUBLIC        key_rotate_on_speech
  D:00F8H         PUBLIC        ADCCON0
  D:00C0H         PUBLIC        I2CON
  C:140EH         PUBLIC        Self_learn_speech
  C:14A6H         PUBLIC        Battery_low_alarm_speech
  C:13AEH         PUBLIC        IDcerted_speech
  D:00C8H         PUBLIC        T2CON
  C:142EH         PUBLIC        ID_speech
  B:00A0H.0       PUBLIC        SC_RST
  D:00D0H         PUBLIC        PSW
  C:150FH         PUBLIC        wire_broken_speech
  C:152DH         PUBLIC        lock_rotated_off_speech
  -------         PROC          _SC_SPEECH
  X:0089H         SYMBOL        cnt
  -------         DO            
  X:008AH         SYMBOL        ii
  -------         ENDDO         
  C:1000H         LINE#         26
  C:1004H         LINE#         27
  C:1004H         LINE#         29
  C:1006H         LINE#         31
  C:1009H         LINE#         32
  C:100BH         LINE#         34
  C:100EH         LINE#         35
  C:101CH         LINE#         36
  C:101CH         LINE#         37
  C:101EH         LINE#         38
  C:1025H         LINE#         39
  C:1027H         LINE#         40
  C:102EH         LINE#         41
BL51 BANKED LINKER/LOCATER V6.22                                                      05/08/2015  10:02:48  PAGE 31


  C:1035H         LINE#         42
  -------         ENDPROC       _SC_SPEECH
  -------         PROC          INITVOICE
  C:123CH         LINE#         48
  C:123CH         LINE#         49
  C:123CH         LINE#         50
  C:123EH         LINE#         51
  C:1240H         LINE#         52
  C:1242H         LINE#         53
  C:1249H         LINE#         54
  C:124BH         LINE#         55
  C:1252H         LINE#         56
  C:1254H         LINE#         58
  C:1256H         LINE#         59
  -------         ENDPROC       INITVOICE
  -------         PROC          KEY_ROTATE_ON_SPEECH
  C:003AH         LINE#         65
  C:003AH         LINE#         66
  C:003AH         LINE#         73
  -------         ENDPROC       KEY_ROTATE_ON_SPEECH
  -------         PROC          MOTORBAT_LOW_SPEECH
  C:141FH         LINE#         91
  C:141FH         LINE#         92
  C:141FH         LINE#         93
  C:1421H         LINE#         94
  C:1426H         LINE#         95
  C:142BH         LINE#         96
  C:142DH         LINE#         97
  -------         ENDPROC       MOTORBAT_LOW_SPEECH
  -------         PROC          ID_SPEECH
  C:142EH         LINE#         103
  C:142EH         LINE#         104
  C:142EH         LINE#         105
  C:1430H         LINE#         106
  C:1435H         LINE#         107
  C:143AH         LINE#         108
  C:143CH         LINE#         109
  -------         ENDPROC       ID_SPEECH
  -------         PROC          SELF_LEARN_SPEECH
  C:140EH         LINE#         115
  C:140EH         LINE#         116
  C:140EH         LINE#         117
  C:1410H         LINE#         118
  C:1415H         LINE#         119
  C:141AH         LINE#         120
  C:141CH         LINE#         121
  C:141EH         LINE#         122
  -------         ENDPROC       SELF_LEARN_SPEECH
  -------         PROC          HOST_TOUCH_SPEECH
  C:13C4H         LINE#         128
  C:13C4H         LINE#         129
  C:13C4H         LINE#         130
  C:13C6H         LINE#         131
  C:13CBH         LINE#         132
  C:13D0H         LINE#         133
  C:13D2H         LINE#         134
  -------         ENDPROC       HOST_TOUCH_SPEECH
BL51 BANKED LINKER/LOCATER V6.22                                                      05/08/2015  10:02:48  PAGE 32


  -------         PROC          HOST_2NDTOUCH_SPEECH
  C:143DH         LINE#         141
  C:143DH         LINE#         142
  C:143DH         LINE#         143
  C:143FH         LINE#         144
  C:1444H         LINE#         145
  C:1449H         LINE#         146
  C:144BH         LINE#         148
  -------         ENDPROC       HOST_2NDTOUCH_SPEECH
  -------         PROC          STOLEN_ALARM_SPEECH1
  C:144CH         LINE#         154
  C:144CH         LINE#         155
  C:144CH         LINE#         156
  C:144EH         LINE#         157
  C:1453H         LINE#         158
  C:1458H         LINE#         159
  C:145AH         LINE#         160
  -------         ENDPROC       STOLEN_ALARM_SPEECH1
  -------         PROC          STOLEN_ALARM_SPEECH2
  C:13D7H         LINE#         166
  C:13D7H         LINE#         167
  C:13D7H         LINE#         168
  C:13D9H         LINE#         169
  C:13DEH         LINE#         170
  C:13E3H         LINE#         171
  C:13E5H         LINE#         172
  -------         ENDPROC       STOLEN_ALARM_SPEECH2
  -------         PROC          OPEN_LOCK_SPEECH
  C:145BH         LINE#         179
  C:145BH         LINE#         180
  C:145BH         LINE#         190
  C:145DH         LINE#         191
  C:1462H         LINE#         192
  C:1467H         LINE#         193
  C:1469H         LINE#         194
  -------         ENDPROC       OPEN_LOCK_SPEECH
  -------         PROC          CLOSE_LOCK_SPEECH
  C:146AH         LINE#         200
  C:146AH         LINE#         201
  C:146AH         LINE#         204
  C:146CH         LINE#         205
  C:1471H         LINE#         206
  C:1476H         LINE#         207
  C:1478H         LINE#         208
  -------         ENDPROC       CLOSE_LOCK_SPEECH
  -------         PROC          BATTERY_STOLEN_SPEECH
  C:1479H         LINE#         214
  C:1479H         LINE#         215
  C:1479H         LINE#         216
  C:147BH         LINE#         217
  C:1480H         LINE#         218
  C:1485H         LINE#         219
  C:1487H         LINE#         220
  -------         ENDPROC       BATTERY_STOLEN_SPEECH
  -------         PROC          CUTTING_WIRE_VOICE
  C:1488H         LINE#         226
  C:1488H         LINE#         227
BL51 BANKED LINKER/LOCATER V6.22                                                      05/08/2015  10:02:48  PAGE 33


  C:1488H         LINE#         228
  C:148AH         LINE#         229
  C:148FH         LINE#         230
  C:1494H         LINE#         231
  C:1496H         LINE#         232
  -------         ENDPROC       CUTTING_WIRE_VOICE
  -------         PROC          PRODUCT_TEST_VOICE
  C:1497H         LINE#         238
  C:1497H         LINE#         239
  C:1497H         LINE#         240
  C:1499H         LINE#         241
  C:149EH         LINE#         242
  C:14A3H         LINE#         243
  C:14A5H         LINE#         244
  -------         ENDPROC       PRODUCT_TEST_VOICE
  -------         PROC          BATTERY_LOW_ALARM_SPEECH
  C:14A6H         LINE#         250
  C:14A6H         LINE#         251
  C:14A6H         LINE#         252
  C:14A8H         LINE#         253
  C:14ADH         LINE#         254
  C:14B2H         LINE#         255
  C:14B4H         LINE#         256
  -------         ENDPROC       BATTERY_LOW_ALARM_SPEECH
  -------         PROC          BATTERY_HIGH_ALARM_SPEECH
  C:14B5H         LINE#         262
  C:14B5H         LINE#         263
  C:14B5H         LINE#         264
  C:14B7H         LINE#         265
  C:14BCH         LINE#         266
  C:14C1H         LINE#         267
  C:14C3H         LINE#         268
  -------         ENDPROC       BATTERY_HIGH_ALARM_SPEECH
  -------         PROC          ALARM_STOLEN_SPEECH
  C:14C4H         LINE#         274
  C:14C4H         LINE#         275
  C:14C4H         LINE#         276
  C:14C6H         LINE#         277
  C:14CBH         LINE#         278
  C:14D0H         LINE#         279
  C:14D2H         LINE#         280
  -------         ENDPROC       ALARM_STOLEN_SPEECH
  -------         PROC          ALARM_RAISED_SPEECH
  C:14D3H         LINE#         286
  C:14D3H         LINE#         287
  C:14D3H         LINE#         288
  C:14D5H         LINE#         289
  C:14DAH         LINE#         290
  C:14DFH         LINE#         291
  C:14E1H         LINE#         292
  -------         ENDPROC       ALARM_RAISED_SPEECH
  -------         PROC          ALARM_FELL_SPEECH
  C:14E2H         LINE#         298
  C:14E2H         LINE#         299
  C:14E2H         LINE#         300
  C:14E4H         LINE#         301
  C:14E9H         LINE#         302
BL51 BANKED LINKER/LOCATER V6.22                                                      05/08/2015  10:02:48  PAGE 34


  C:14EEH         LINE#         303
  C:14F0H         LINE#         304
  -------         ENDPROC       ALARM_FELL_SPEECH
[...]
  C:018FH         LINE#         348
  C:0192H         LINE#         349
  C:0194H         LINE#         350
  C:0194H         LINE#         352
  C:0196H         LINE#         353
  C:0198H         LINE#         354
  C:019AH         LINE#         356
  C:019AH         LINE#         357
  C:01A0H         LINE#         359
  C:01A3H         LINE#         360
  C:01A5H         LINE#         362
BL51 BANKED LINKER/LOCATER V6.22                                                      05/08/2015  10:02:48  PAGE 45


  C:01A8H         LINE#         363
  C:01AAH         LINE#         365
  C:01ADH         LINE#         366
  C:01ADH         LINE#         367
  C:01AFH         LINE#         368
  C:01B1H         LINE#         369
  C:01B7H         LINE#         370
  C:01B9H         LINE#         371
  C:01BBH         LINE#         372
  C:01BEH         LINE#         373
  C:01BEH         LINE#         374
  C:01C1H         LINE#         375
  C:01C3H         LINE#         376
  C:01C3H         LINE#         377
  C:01C3H         LINE#         379
  C:01DAH         LINE#         380
  C:01DAH         LINE#         381
  C:01E1H         LINE#         382
  C:01E3H         LINE#         383
  C:01E5H         LINE#         384
  C:01E7H         LINE#         385
  C:01E9H         LINE#         386
  C:01EBH         LINE#         387
  C:01EDH         LINE#         389
  C:01EDH         LINE#         390
  C:01EDH         LINE#         392
  C:01F0H         LINE#         393
  C:01F0H         LINE#         394
  C:01F2H         LINE#         395
  C:01F4H         LINE#         396
  C:01F6H         LINE#         397
  C:01F8H         LINE#         398
  C:01FAH         LINE#         399
  C:01FCH         LINE#         400
  C:01FEH         LINE#         401
  C:0200H         LINE#         403
  C:0203H         LINE#         404
  C:0206H         LINE#         405
  C:020BH         LINE#         406
  C:020EH         LINE#         407
  C:0212H         LINE#         408
  C:0212H         LINE#         409
  -------         ENDPROC       TIMER0
  -------         PROC          UART_ISR
  C:022DH         LINE#         414
  C:023EH         LINE#         416
  C:0243H         LINE#         417
  C:0243H         LINE#         418
  C:0245H         LINE#         419
  C:024FH         LINE#         421
  C:0254H         LINE#         422
  C:0254H         LINE#         424
  C:0262H         LINE#         425
  C:0262H         LINE#         426
  C:0267H         LINE#         427
  C:0269H         LINE#         428
  C:027BH         LINE#         429
BL51 BANKED LINKER/LOCATER V6.22                                                      05/08/2015  10:02:48  PAGE 46


  C:027BH         LINE#         430
  C:0280H         LINE#         431
  C:0282H         LINE#         432
  C:0295H         LINE#         433
  C:0295H         LINE#         434
  C:029AH         LINE#         435
  C:029CH         LINE#         436
  C:02ACH         LINE#         437
  C:02ACH         LINE#         438
  C:02B1H         LINE#         439
  C:02B3H         LINE#         440
  C:02C5H         LINE#         441
  C:02C5H         LINE#         442
  C:02CAH         LINE#         443
  C:02CCH         LINE#         444
  C:02D2H         LINE#         445
  C:02D2H         LINE#         446
  C:02D4H         LINE#         447
  C:02D6H         LINE#         448
  C:02D8H         LINE#         450
  C:02D8H         LINE#         451
  C:02DCH         LINE#         452
  C:02DCH         LINE#         454
  C:02E1H         LINE#         455
  C:02E1H         LINE#         456
  C:02E3H         LINE#         457
  C:02F9H         LINE#         458
  C:02F9H         LINE#         459
  C:02F9H         LINE#         460
  C:02F9H         LINE#         461
  C:02FBH         LINE#         462
  C:02FBH         LINE#         463
  C:02FDH         LINE#         465
  C:02FDH         LINE#         466
  C:02FDH         LINE#         467
  C:02FFH         LINE#         469
  C:0303H         LINE#         470
  C:0305H         LINE#         471
  C:0305H         LINE#         472
  C:0305H         LINE#         473
  C:0305H         LINE#         474
  C:0307H         LINE#         476
  C:0307H         LINE#         477
  C:0307H         LINE#         478
  C:0309H         LINE#         480
  C:030FH         LINE#         481
  C:0311H         LINE#         482
  C:0314H         LINE#         483
  C:0316H         LINE#         484
  C:0316H         LINE#         485
  C:0318H         LINE#         487
  C:0318H         LINE#         488
  C:0318H         LINE#         489
  C:031AH         LINE#         491
  C:0320H         LINE#         492
  C:0322H         LINE#         493
  C:0325H         LINE#         494
BL51 BANKED LINKER/LOCATER V6.22                                                      05/08/2015  10:02:48  PAGE 47


  C:0327H         LINE#         495
  C:0327H         LINE#         496
  C:0329H         LINE#         498
  C:0329H         LINE#         499
  C:0329H         LINE#         500
  C:032BH         LINE#         501
  C:032BH         LINE#         502
  C:032DH         LINE#         503
  C:032DH         LINE#         504
  C:032DH         LINE#         505
  C:032DH         LINE#         507
  C:032DH         LINE#         508
  C:0338H         LINE#         509
  C:0338H         LINE#         510
  C:033DH         LINE#         511
  C:033FH         LINE#         512
  C:034CH         LINE#         513
  C:034CH         LINE#         514
  C:0351H         LINE#         515
  C:0353H         LINE#         516
  C:0357H         LINE#         517
  C:0357H         LINE#         518
  C:035CH         LINE#         519
  C:035EH         LINE#         520
  C:0365H         LINE#         521
  C:0365H         LINE#         522
  C:0368H         LINE#         523
  C:036AH         LINE#         524
  C:036EH         LINE#         525
  C:036EH         LINE#         526
  C:0373H         LINE#         527
  C:0375H         LINE#         528
  C:0379H         LINE#         529
  C:0379H         LINE#         530
  C:037EH         LINE#         531
  C:0380H         LINE#         532
  C:0386H         LINE#         533
  C:0386H         LINE#         534
  C:0388H         LINE#         535
  C:038AH         LINE#         536
  C:038CH         LINE#         538
  C:038CH         LINE#         539
  C:038EH         LINE#         540
  C:038EH         LINE#         541
  C:038EH         LINE#         542
  C:038EH         LINE#         543
  -------         ENDPROC       UART_ISR
  -------         PROC          KBI_ISR
  C:1558H         LINE#         624
  C:1558H         LINE#         626
  C:155AH         LINE#         627
  C:155DH         LINE#         628
  C:155FH         LINE#         629
  C:1561H         LINE#         630
  C:1563H         LINE#         631
  C:1565H         LINE#         633
  -------         ENDPROC       KBI_ISR
BL51 BANKED LINKER/LOCATER V6.22                                                      05/08/2015  10:02:48  PAGE 48


  -------         ENDMOD        MAIN

  -------         MODULE        ?C?CLDPTR
  C:039DH         PUBLIC        ?C?CLDPTR
  -------         ENDMOD        ?C?CLDPTR

  -------         MODULE        ?C?LMUL
  C:03B6H         PUBLIC        ?C?LMUL
  -------         ENDMOD        ?C?LMUL

  -------         MODULE        ?C?ULDIV
  C:0441H         PUBLIC        ?C?ULDIV
  -------         ENDMOD        ?C?ULDIV

  -------         MODULE        ?C?ICALL
  C:04D3H         PUBLIC        ?C?ICALL
  C:04D7H         PUBLIC        ?C?ICALL2
  -------         ENDMOD        ?C?ICALL

  -------         MODULE        ?C?LIMUL
  C:04D9H         PUBLIC        ?C?LIMUL
  -------         ENDMOD        ?C?LIMUL

*** WARNING L16: UNCALLED SEGMENT, IGNORED FOR OVERLAY PROCESS
    SEGMENT: ?PR?INITTRANSCEIVER?COMMUNICATION

*** WARNING L16: UNCALLED SEGMENT, IGNORED FOR OVERLAY PROCESS
    SEGMENT: ?PR?_COMMODE_DATA?COMMUNICATION

*** WARNING L16: UNCALLED SEGMENT, IGNORED FOR OVERLAY PROCESS
    SEGMENT: ?PR?_COMMODE_DATA_WX?COMMUNICATION

*** WARNING L16: UNCALLED SEGMENT, IGNORED FOR OVERLAY PROCESS
    SEGMENT: ?PR?UART_SEND_DATA_MATCH?COMMUNICATION

*** WARNING L16: UNCALLED SEGMENT, IGNORED FOR OVERLAY PROCESS
    SEGMENT: ?PR?RECEIVE_BYTE?COMMUNICATION

*** WARNING L16: UNCALLED SEGMENT, IGNORED FOR OVERLAY PROCESS
    SEGMENT: ?PR?RECEIVE_BYTE_LOCK?COMMUNICATION

*** WARNING L16: UNCALLED SEGMENT, IGNORED FOR OVERLAY PROCESS
    SEGMENT: ?PR?RECEIVE_WORD?COMMUNICATION

*** WARNING L16: UNCALLED SEGMENT, IGNORED FOR OVERLAY PROCESS
    SEGMENT: ?PR?DELAY_1MS?DELAY

*** WARNING L16: UNCALLED SEGMENT, IGNORED FOR OVERLAY PROCESS
    SEGMENT: ?PR?DELAY_10MS?DELAY

*** WARNING L16: UNCALLED SEGMENT, IGNORED FOR OVERLAY PROCESS
    SEGMENT: ?PR?_DELAY_MS?DELAY

*** WARNING L16: UNCALLED SEGMENT, IGNORED FOR OVERLAY PROCESS
    SEGMENT: ?PR?SLAVE_AWAY_OPERATION?OPERATION

*** WARNING L16: UNCALLED SEGMENT, IGNORED FOR OVERLAY PROCESS
BL51 BANKED LINKER/LOCATER V6.22                                                      05/08/2015  10:02:48  PAGE 49


    SEGMENT: ?PR?SLAVE_NEARBY_OPERATION?OPERATION

*** WARNING L16: UNCALLED SEGMENT, IGNORED FOR OVERLAY PROCESS
    SEGMENT: ?PR?INITSENSOR?OPERATION

*** WARNING L16: UNCALLED SEGMENT, IGNORED FOR OVERLAY PROCESS
    SEGMENT: ?PR?HOST_STOLEN_ACTION?OPERATION

*** WARNING L16: UNCALLED SEGMENT, IGNORED FOR OVERLAY PROCESS
    SEGMENT: ?PR?ENSENSOR_AFTERIDCERT?OPERATION

*** WARNING L16: UNCALLED SEGMENT, IGNORED FOR OVERLAY PROCESS
    SEGMENT: ?PR?ENSENSOR_AFTER_CLOSELOCK?OPERATION

*** WARNING L16: UNCALLED SEGMENT, IGNORED FOR OVERLAY PROCESS
    SEGMENT: ?PR?SELFLEARN_RESET?OPERATION

*** WARNING L16: UNCALLED SEGMENT, IGNORED FOR OVERLAY PROCESS
    SEGMENT: ?PR?FELL_ALARM_TO_SLAVE?OPERATION

*** WARNING L16: UNCALLED SEGMENT, IGNORED FOR OVERLAY PROCESS
    SEGMENT: ?PR?RAISE_ALARM_TO_SLAVE?OPERATION

*** WARNING L16: UNCALLED SEGMENT, IGNORED FOR OVERLAY PROCESS
    SEGMENT: ?PR?BATSTOLEN_ALARM_TO_SLAVE?OPERATION

*** WARNING L16: UNCALLED SEGMENT, IGNORED FOR OVERLAY PROCESS
    SEGMENT: ?PR?_MAGNET_CW?OTHER

*** WARNING L16: UNCALLED SEGMENT, IGNORED FOR OVERLAY PROCESS
    SEGMENT: ?PR?_MAGNET_CW_TAILI?OTHER

*** WARNING L16: UNCALLED SEGMENT, IGNORED FOR OVERLAY PROCESS
    SEGMENT: ?PR?_MAGNET_ACW?OTHER

*** WARNING L16: UNCALLED SEGMENT, IGNORED FOR OVERLAY PROCESS
    SEGMENT: ?PR?_MAGNET_ACW_TAILI?OTHER

*** WARNING L16: UNCALLED SEGMENT, IGNORED FOR OVERLAY PROCESS
    SEGMENT: ?PR?DISABLE_SENSOR?OTHER

*** WARNING L16: UNCALLED SEGMENT, IGNORED FOR OVERLAY PROCESS
    SEGMENT: ?PR?MYPWM?PWM

*** WARNING L16: UNCALLED SEGMENT, IGNORED FOR OVERLAY PROCESS
    SEGMENT: ?PR?_INITTIMER?TIMER

*** WARNING L16: UNCALLED SEGMENT, IGNORED FOR OVERLAY PROCESS
    SEGMENT: ?PR?SEOS_GO_TO_SLEEP?TIMER

*** WARNING L16: UNCALLED SEGMENT, IGNORED FOR OVERLAY PROCESS
    SEGMENT: ?PR?INITUART9600?UART

*** WARNING L16: UNCALLED SEGMENT, IGNORED FOR OVERLAY PROCESS
    SEGMENT: ?PR?SELF_LEARN_SPEECH?VOICE

*** WARNING L16: UNCALLED SEGMENT, IGNORED FOR OVERLAY PROCESS
BL51 BANKED LINKER/LOCATER V6.22                                                      05/08/2015  10:02:48  PAGE 50


    SEGMENT: ?PR?HOST_TOUCH_SPEECH?VOICE

*** WARNING L16: UNCALLED SEGMENT, IGNORED FOR OVERLAY PROCESS
    SEGMENT: ?PR?HOST_2NDTOUCH_SPEECH?VOICE

*** WARNING L16: UNCALLED SEGMENT, IGNORED FOR OVERLAY PROCESS
    SEGMENT: ?PR?BATTERY_STOLEN_SPEECH?VOICE

*** WARNING L16: UNCALLED SEGMENT, IGNORED FOR OVERLAY PROCESS
    SEGMENT: ?PR?CUTTING_WIRE_VOICE?VOICE

*** WARNING L16: UNCALLED SEGMENT, IGNORED FOR OVERLAY PROCESS
    SEGMENT: ?PR?PRODUCT_TEST_VOICE?VOICE

*** WARNING L16: UNCALLED SEGMENT, IGNORED FOR OVERLAY PROCESS
    SEGMENT: ?PR?BATTERY_HIGH_ALARM_SPEECH?VOICE

*** WARNING L16: UNCALLED SEGMENT, IGNORED FOR OVERLAY PROCESS
    SEGMENT: ?PR?BATTERY_STOLEN_SPEECH_F3?VOICE

*** WARNING L16: UNCALLED SEGMENT, IGNORED FOR OVERLAY PROCESS
    SEGMENT: ?PR?LOCK_ROTATED_ON_SPEECH?VOICE

*** WARNING L16: UNCALLED SEGMENT, IGNORED FOR OVERLAY PROCESS
    SEGMENT: ?PR?LOCK_ROTATED_OFF_SPEECH?VOICE

*** WARNING L16: UNCALLED SEGMENT, IGNORED FOR OVERLAY PROCESS
    SEGMENT: ?PR?IDCERTED_SPEECH?VOICE

*** WARNING L16: UNCALLED SEGMENT, IGNORED FOR OVERLAY PROCESS
    SEGMENT: ?PR?_FLASH_READ_DATA?ISP_DATAFLASH

*** WARNING L16: UNCALLED SEGMENT, IGNORED FOR OVERLAY PROCESS
    SEGMENT: ?PR?SELF_LEARN_PROGRAMMING?ISP_DATAFLASH

*** WARNING L16: UNCALLED SEGMENT, IGNORED FOR OVERLAY PROCESS
    SEGMENT: ?PR?_SCH_ADD_TASK?SCHEDULAR

*** WARNING L16: UNCALLED SEGMENT, IGNORED FOR OVERLAY PROCESS
    SEGMENT: ?PR?_SCH_DELETE_PROGRAM?SCHEDULAR

*** WARNING L15: MULTIPLE CALL TO SEGMENT
    SEGMENT: ?PR?_SC_SPEECH?VOICE
    CALLER1: ?PR?TIMER0?MAIN
    CALLER2: ?C_C51STARTUP

*** WARNING L1: UNRESOLVED EXTERNAL SYMBOL
    SYMBOL:  LOAD_BATTERY_RESULT
    MODULE:  .\operation.obj (OPERATION)

*** WARNING L1: UNRESOLVED EXTERNAL SYMBOL
    SYMBOL:  NEVER_ALARM
    MODULE:  .\operation.obj (OPERATION)

*** WARNING L1: UNRESOLVED EXTERNAL SYMBOL
    SYMBOL:  SILENCE_FLAG
    MODULE:  .\operation.obj (OPERATION)
BL51 BANKED LINKER/LOCATER V6.22                                                      05/08/2015  10:02:48  PAGE 51



*** WARNING L1: UNRESOLVED EXTERNAL SYMBOL
    SYMBOL:  IDKEY_SELFLEARN_HVCOUNT
    MODULE:  .\operation.obj (OPERATION)

*** WARNING L1: UNRESOLVED EXTERNAL SYMBOL
    SYMBOL:  IDKEY_SELFLEARN_FLAG1
    MODULE:  .\operation.obj (OPERATION)

*** WARNING L1: UNRESOLVED EXTERNAL SYMBOL
    SYMBOL:  IDKEY_SELFLEARN_FLAG2
    MODULE:  .\operation.obj (OPERATION)

*** WARNING L1: UNRESOLVED EXTERNAL SYMBOL
    SYMBOL:  IDKEY_SELFLEARN_LVCOUNT
    MODULE:  .\operation.obj (OPERATION)

*** WARNING L1: UNRESOLVED EXTERNAL SYMBOL
    SYMBOL:  IDKEY_SELFLEARN_FLAG3
    MODULE:  .\operation.obj (OPERATION)

*** WARNING L1: UNRESOLVED EXTERNAL SYMBOL
    SYMBOL:  IDKEY_SELFLEARN_FLAG4
    MODULE:  .\operation.obj (OPERATION)

*** WARNING L1: UNRESOLVED EXTERNAL SYMBOL
    SYMBOL:  IDKEY_SELFLEARN_FLAG5
    MODULE:  .\operation.obj (OPERATION)

*** WARNING L1: UNRESOLVED EXTERNAL SYMBOL
    SYMBOL:  IDKEY_SELFLEARN_FLAG6
    MODULE:  .\operation.obj (OPERATION)

*** WARNING L1: UNRESOLVED EXTERNAL SYMBOL
    SYMBOL:  IDKEY_CERTIFICATED_TIMES
    MODULE:  .\operation.obj (OPERATION)

*** WARNING L1: UNRESOLVED EXTERNAL SYMBOL
    SYMBOL:  ELECMOTOR_ACW
    MODULE:  .\operation.obj (OPERATION)

*** WARNING L1: UNRESOLVED EXTERNAL SYMBOL
    SYMBOL:  IDKEY_SELFLEARN_FLAG6COUNT
    MODULE:  .\operation.obj (OPERATION)

*** WARNING L1: UNRESOLVED EXTERNAL SYMBOL
    SYMBOL:  CHECK_MOTOBATTERY_FLAG
    MODULE:  .\operation.obj (OPERATION)

*** WARNING L1: UNRESOLVED EXTERNAL SYMBOL
    SYMBOL:  CHECK_MOTOBATTERY_COUNT
    MODULE:  .\operation.obj (OPERATION)

*** WARNING L2: REFERENCE MADE TO UNRESOLVED EXTERNAL
    SYMBOL:  ELECMOTOR_ACW
    MODULE:  .\operation.obj (OPERATION)
    ADDRESS: 1173H
BL51 BANKED LINKER/LOCATER V6.22                                                      05/08/2015  10:02:48  PAGE 52



*** WARNING L2: REFERENCE MADE TO UNRESOLVED EXTERNAL
    SYMBOL:  SILENCE_FLAG
    MODULE:  .\operation.obj (OPERATION)
    ADDRESS: 1176H

*** WARNING L2: REFERENCE MADE TO UNRESOLVED EXTERNAL
    SYMBOL:  CHECK_MOTOBATTERY_FLAG
    MODULE:  .\operation.obj (OPERATION)
    ADDRESS: 117CH

*** WARNING L2: REFERENCE MADE TO UNRESOLVED EXTERNAL
    SYMBOL:  CHECK_MOTOBATTERY_COUNT
    MODULE:  .\operation.obj (OPERATION)
    ADDRESS: 117FH

*** WARNING L2: REFERENCE MADE TO UNRESOLVED EXTERNAL
    SYMBOL:  IDKEY_CERTIFICATED_TIMES
    MODULE:  .\operation.obj (OPERATION)
    ADDRESS: 118EH

*** WARNING L2: REFERENCE MADE TO UNRESOLVED EXTERNAL
    SYMBOL:  SILENCE_FLAG
    MODULE:  .\operation.obj (OPERATION)
    ADDRESS: 1191H

*** WARNING L2: REFERENCE MADE TO UNRESOLVED EXTERNAL
    SYMBOL:  SILENCE_FLAG
    MODULE:  .\operation.obj (OPERATION)
    ADDRESS: 1194H

*** WARNING L2: REFERENCE MADE TO UNRESOLVED EXTERNAL
    SYMBOL:  SILENCE_FLAG
    MODULE:  .\operation.obj (OPERATION)
    ADDRESS: 130DH

*** WARNING L2: REFERENCE MADE TO UNRESOLVED EXTERNAL
    SYMBOL:  LOAD_BATTERY_RESULT
    MODULE:  .\operation.obj (OPERATION)
    ADDRESS: 1313H

*** WARNING L2: REFERENCE MADE TO UNRESOLVED EXTERNAL
    SYMBOL:  IDKEY_CERTIFICATED_TIMES
    MODULE:  .\operation.obj (OPERATION)
    ADDRESS: 11EEH

*** WARNING L2: REFERENCE MADE TO UNRESOLVED EXTERNAL
    SYMBOL:  NEVER_ALARM
    MODULE:  .\operation.obj (OPERATION)
    ADDRESS: 11F6H

*** WARNING L2: REFERENCE MADE TO UNRESOLVED EXTERNAL
    SYMBOL:  NEVER_ALARM
    MODULE:  .\operation.obj (OPERATION)
    ADDRESS: 11FCH

*** WARNING L2: REFERENCE MADE TO UNRESOLVED EXTERNAL
BL51 BANKED LINKER/LOCATER V6.22                                                      05/08/2015  10:02:48  PAGE 53


    SYMBOL:  IDKEY_SELFLEARN_FLAG6
    MODULE:  .\operation.obj (OPERATION)
    ADDRESS: 1126H

*** WARNING L2: REFERENCE MADE TO UNRESOLVED EXTERNAL
    SYMBOL:  IDKEY_SELFLEARN_FLAG6COUNT
    MODULE:  .\operation.obj (OPERATION)
    ADDRESS: 1129H

*** WARNING L2: REFERENCE MADE TO UNRESOLVED EXTERNAL
    SYMBOL:  IDKEY_SELFLEARN_HVCOUNT
    MODULE:  .\operation.obj (OPERATION)
    ADDRESS: 1134H

*** WARNING L2: REFERENCE MADE TO UNRESOLVED EXTERNAL
    SYMBOL:  IDKEY_SELFLEARN_LVCOUNT
    MODULE:  .\operation.obj (OPERATION)
    ADDRESS: 1139H

*** WARNING L2: REFERENCE MADE TO UNRESOLVED EXTERNAL
    SYMBOL:  IDKEY_SELFLEARN_FLAG1
    MODULE:  .\operation.obj (OPERATION)
    ADDRESS: 113EH

*** WARNING L2: REFERENCE MADE TO UNRESOLVED EXTERNAL
    SYMBOL:  IDKEY_SELFLEARN_FLAG2
    MODULE:  .\operation.obj (OPERATION)
    ADDRESS: 1140H

*** WARNING L2: REFERENCE MADE TO UNRESOLVED EXTERNAL
    SYMBOL:  IDKEY_SELFLEARN_FLAG3
    MODULE:  .\operation.obj (OPERATION)
    ADDRESS: 1142H

*** WARNING L2: REFERENCE MADE TO UNRESOLVED EXTERNAL
    SYMBOL:  IDKEY_SELFLEARN_FLAG4
    MODULE:  .\operation.obj (OPERATION)
    ADDRESS: 1144H

*** WARNING L2: REFERENCE MADE TO UNRESOLVED EXTERNAL
    SYMBOL:  IDKEY_SELFLEARN_FLAG5
    MODULE:  .\operation.obj (OPERATION)
    ADDRESS: 1146H

*** WARNING L2: REFERENCE MADE TO UNRESOLVED EXTERNAL
    SYMBOL:  IDKEY_SELFLEARN_FLAG6
    MODULE:  .\operation.obj (OPERATION)
    ADDRESS: 1148H

*** WARNING L2: REFERENCE MADE TO UNRESOLVED EXTERNAL
    SYMBOL:  IDKEY_SELFLEARN_FLAG6COUNT
    MODULE:  .\operation.obj (OPERATION)
    ADDRESS: 114AH

*** WARNING L1: UNRESOLVED EXTERNAL SYMBOL
    SYMBOL:  IDKEY_SPEECH_FLASH
    MODULE:  .\voice.obj (VOICE)
BL51 BANKED LINKER/LOCATER V6.22                                                      05/08/2015  10:02:48  PAGE 54



*** WARNING L1: UNRESOLVED EXTERNAL SYMBOL
    SYMBOL:  SLAVE_NEARBY_ACTIONED_FLAG
    MODULE:  .\voice.obj (VOICE)

*** WARNING L1: UNRESOLVED EXTERNAL SYMBOL
    SYMBOL:  ID_SPEECHED_FLAG
    MODULE:  .\voice.obj (VOICE)

*** WARNING L1: UNRESOLVED EXTERNAL SYMBOL
    SYMBOL:  FLASHING_FLAG
    MODULE:  .\voice.obj (VOICE)

*** WARNING L2: REFERENCE MADE TO UNRESOLVED EXTERNAL
    SYMBOL:  FLASHING_FLAG
    MODULE:  .\voice.obj (VOICE)
    ADDRESS: 141DH

*** WARNING L2: REFERENCE MADE TO UNRESOLVED EXTERNAL
    SYMBOL:  IDKEY_SPEECH_FLASH
    MODULE:  .\voice.obj (VOICE)
    ADDRESS: 13AFH

*** WARNING L2: REFERENCE MADE TO UNRESOLVED EXTERNAL
    SYMBOL:  IDKEY_SPEECH_FLASH
    MODULE:  .\voice.obj (VOICE)
    ADDRESS: 13B2H

*** WARNING L2: REFERENCE MADE TO UNRESOLVED EXTERNAL
    SYMBOL:  SLAVE_NEARBY_ACTIONED_FLAG
    MODULE:  .\voice.obj (VOICE)
    ADDRESS: 13B9H

*** WARNING L2: REFERENCE MADE TO UNRESOLVED EXTERNAL
    SYMBOL:  ID_SPEECHED_FLAG
    MODULE:  .\voice.obj (VOICE)
    ADDRESS: 13BCH

*** WARNING L2: REFERENCE MADE TO UNRESOLVED EXTERNAL
    SYMBOL:  ID_SPEECHED_FLAG
    MODULE:  .\voice.obj (VOICE)
    ADDRESS: 13C2H

Program Size: data=84.1 xdata=139 code=5554
LINK/LOCATE RUN COMPLETE.  94 WARNING(S),  0 ERROR(S)
