C51 COMPILER V9.54   UART                                                                  07/22/2015 15:36:12 PAGE 1   


C51 COMPILER V9.54, COMPILATION OF MODULE UART
OBJECT MODULE PLACED IN .\Objects\UART.obj
COMPILER INVOKED BY: D:\Program Files (x86)\Keil_v5\C51\BIN\C51.EXE UART.c OPTIMIZE(8,SPEED) BROWSE DEBUG OBJECTEXTEND P
                    -RINT(.\Listings\UART.lst) TABS(3) OBJECT(.\Objects\UART.obj)

line level    source

   1          /*------------------------------------------------------------------*-
   2             UART.C (v1.01)
   3            ------------------------------------------------------------------
   4             PC link library. Bidirectional. T1 used for baud rate generation.
   5             Uses the USART, and Pins 3.1 (Tx) and 3.0 (Rx) 
   6             COPYRIGHT
   7             ---------
   8             This code is copyright (c) 2001 by Richard Zhang.
   9          -*------------------------------------------------------------------*/
  10          
  11          #include "Main.h"
  12          #include "Port.h"
  13          
  14          #include "UART.h"
  15          
  16          // ------ Public variable declarations -----------------------------
  17          
  18          extern tByte In_read_index_G;     
  19          extern tByte In_waiting_index_G;  
  20          
  21          extern tByte Out_written_index_G;  
  22          extern tByte Out_waiting_index_G;  
  23          
  24          /*------------------------------------------------------------------*-
  25          
  26            Init_UART_T1()
  27          
  28            This (generic) version uses T1 for baud rate generation.
  29          
  30          -*------------------------------------------------------------------*/
  31          void Init_UART_T1(const tWord BAUD_RATE)
  32             {
  33   1         AUXR1 &= 0xbf;       // Choose P1.0 P1.1 as UART port. 
  34   1         PCON &= 0x7F;   // Set SMOD bit to 0 (don't double baud rates)
  35   1      
  36   1         //  Receiver enabled.
  37   1         //  8-bit data, 1 start bit, 1 stop bit, 
  38   1         //  Variable baud rate (asynchronous)
  39   1         //  Receive flag will only be set if a valid stop bit is received
  40   1         //  Set TI (transmit buffer is empty)
  41   1         SCON = 0x72;
  42   1      
  43   1         TMOD |= 0x20;   // T1 in mode 2, 8-bit auto reload
  44   1      
  45   1         TH1 = (256 - (tByte)((((tLong)OSC_FREQ / 100) * 3125) 
  46   1                  / ((tLong) BAUD_RATE * OSC_PER_INST * 1000)));
  47   1      
  48   1         TL1 = TH1;  
  49   1         TR1 = 1;  // Run the timer
  50   1         TI = 1;   // Send first character (dummy)
  51   1      
  52   1         // Set up the buffers for reading and writing
  53   1         In_read_index_G = 0;
  54   1         In_waiting_index_G = 0;
C51 COMPILER V9.54   UART                                                                  07/22/2015 15:36:12 PAGE 2   

  55   1         Out_written_index_G = 0;
  56   1         Out_waiting_index_G = 0;
  57   1      
  58   1         PC_LINK_IO_Write_String_To_Buffer("Serial OK\n");
*** WARNING C206 IN LINE 58 OF UART.c: 'PC_LINK_IO_Write_String_To_Buffer': missing function-prototype
*** ERROR C267 IN LINE 58 OF UART.c: 'PC_LINK_IO_Write_String_To_Buffer': requires ANSI-style prototype
  59   1      
  60   1         // Interrupt *NOT* enabled
  61   1         ES = 0;
  62   1         }
  63          
  64          /*------------------------------------------------------------------*-
  65            ---- END OF FILE -------------------------------------------------
  66          -*------------------------------------------------------------------*/
  67          
  68          
  69          

C51 COMPILATION COMPLETE.  1 WARNING(S),  1 ERROR(S)
