BL51 BANKED LINKER/LOCATER V6.22                                                        05/08/2015  16:10:57  PAGE 1


BL51 BANKED LINKER/LOCATER V6.22, INVOKED BY:
D:\PROGRAM FILES (X86)\KEIL\C51\BIN\BL51.EXE .\AD.obj, .\Battery.obj, .\communication.obj, .\Delay.obj, .\operation.obj,
>>  .\Other.obj, .\pwm.obj, .\Timer.obj, .\UART.obj, .\voice.obj, .\ISP_DataFlash.obj, .\ElecMotor.obj, .\Schedular.obj,
>>  Main.obj TO DDC-Z RAMSIZE (256)


MEMORY MODEL: COMPACT


INPUT MODULES INCLUDED:
  .\AD.obj (AD)
  .\Battery.obj (BATTERY)
  .\communication.obj (COMMUNICATION)
  .\Delay.obj (DELAY)
  .\operation.obj (OPERATION)
  .\Other.obj (OTHER)
  .\pwm.obj (PWM)
  .\Timer.obj (TIMER)
  .\UART.obj (UART)
  .\voice.obj (VOICE)
  .\ISP_DataFlash.obj (ISP_DATAFLASH)
  .\ElecMotor.obj (ELECMOTOR)
  .\Schedular.obj (SCHEDULAR)
  Main.obj (MAIN)
  D:\PROGRAM FILES (X86)\KEIL\C51\LIB\C51C.LIB (?C_STARTUP)
  D:\PROGRAM FILES (X86)\KEIL\C51\LIB\C51C.LIB (?C?CLDPTR)
  D:\PROGRAM FILES (X86)\KEIL\C51\LIB\C51C.LIB (?C?LMUL)
  D:\PROGRAM FILES (X86)\KEIL\C51\LIB\C51C.LIB (?C?ULDIV)
  D:\PROGRAM FILES (X86)\KEIL\C51\LIB\C51C.LIB (?C?ICALL)
  D:\PROGRAM FILES (X86)\KEIL\C51\LIB\C51C.LIB (?C?LIMUL)
  D:\PROGRAM FILES (X86)\KEIL\C51\LIB\C51C.LIB (?C_INIT)


LINK MAP OF MODULE:  DDC-Z (AD)


            TYPE    BASE      LENGTH    RELOCATION   SEGMENT NAME
            -----------------------------------------------------

            * * * * * * *   D A T A   M E M O R Y   * * * * * * *
            REG     0000H     0008H     ABSOLUTE     "REG BANK 0"
                    0008H     0018H                  *** GAP ***
            BIT     0020H.0   0004H.1   UNIT         ?BI?MAIN
            BIT     0024H.1   0000H.2   UNIT         ?BI?OPERATION
            BIT     0024H.3   0000H.1   UNIT         ?BI?_HSCH_ADD_TASK?SCHEDULAR
            BIT     0024H.4   0000H.1   UNIT         ?BI?_HSCH_DELETE_TASK?SCHEDULAR
                    0024H.5   0000H.3                *** GAP ***
            DATA    0025H     0050H     UNIT         ?DT?SCHEDULAR
            IDATA   0075H     0001H     UNIT         ?STACK

            * * * * * * *  X D A T A   M E M O R Y  * * * * * * *
            XDATA   0000H     0001H     INPAGE       ?PD?BATTERY
            XDATA   0001H     0003H     INPAGE       ?PD?INITSIGNAL_F?COMMUNICATION
            XDATA   0004H     0003H     INPAGE       ?PD?_SEND_DATA?COMMUNICATION
            XDATA   0007H     0003H     INPAGE       ?PD?_COMMODE_DATA?COMMUNICATION
            XDATA   000AH     0003H     INPAGE       ?PD?_COMMODE_DATA_WX?COMMUNICATION
            XDATA   000DH     0002H     INPAGE       ?PD?_UART_SEND_DATA_F?COMMUNICATION
            XDATA   000FH     0004H     INPAGE       ?PD?_SEND_CODE_TO_LOCK?COMMUNICATION
BL51 BANKED LINKER/LOCATER V6.22                                                      05/08/2015  16:10:57  PAGE 2


            XDATA   0013H     0004H     INPAGE       ?PD?_SEND_CODE_TO_LOCK_TAILI?COMMUNICATION
            XDATA   0017H     0007H     INPAGE       ?PD?COMMUNICATION
            XDATA   001EH     0002H     INPAGE       ?PD?_MAGNET_DELAY?DELAY
            XDATA   0020H     0002H     INPAGE       ?PD?DELAY
            XDATA   0022H     0004H     INPAGE       ?PD?_MAGNET_CW?OTHER
            XDATA   0026H     0004H     INPAGE       ?PD?_MAGNET_CW_TAILI?OTHER
            XDATA   002AH     0002H     INPAGE       ?PD?PWM
            XDATA   002CH     0002H     INPAGE       ?PD?_INITTIMER?TIMER
            XDATA   002EH     0004H     INPAGE       ?PD?TIMER
            XDATA   0032H     0001H     INPAGE       ?PD?VOICE
            XDATA   0033H     0002H     INPAGE       ?PD?_FLASH_PAGE_ERASE?ISP_DATAFLASH
            XDATA   0035H     0003H     INPAGE       ?PD?_FLASH_WRITE_DATA?ISP_DATAFLASH
            XDATA   0038H     0003H     INPAGE       ?PD?_FLASH_READ_DATA?ISP_DATAFLASH
            XDATA   003BH     0002H     INPAGE       ?PD?_HSCH_ADD_TASK?SCHEDULAR
            XDATA   003DH     0004H     INPAGE       ?PD?SCHEDULAR
            XDATA   0041H     0038H     INPAGE       ?PD?MAIN
            XDATA   0079H     0012H     INPAGE       _PDATA_GROUP_

            * * * * * * *   C O D E   M E M O R Y   * * * * * * *
            CODE    0000H     0003H     ABSOLUTE     
            CODE    0003H     0008H     UNIT         ?PR?MOTO_VIBRATION?OTHER
            CODE    000BH     0003H     ABSOLUTE     
            CODE    000EH     0015H     UNIT         ?PR?_FLASH_PAGE_ERASE?ISP_DATAFLASH
            CODE    0023H     0003H     ABSOLUTE     
            CODE    0026H     0402H     UNIT         ?PR?TIMER0?MAIN
            CODE    0428H     0169H     UNIT         ?C?LIB_CODE
            CODE    0591H     00F3H     UNIT         ?PR?UART_ISR?MAIN
            CODE    0684H     00E1H     UNIT         ?C_INITSEG
            CODE    0765H     00C5H     UNIT         ?PR?HSCH_UPDATE?SCHEDULAR
            CODE    082AH     00B5H     UNIT         ?PR?_VERIFYBATTERY?BATTERY
            CODE    08DFH     008CH     UNIT         ?C_C51STARTUP
            CODE    096BH     007DH     UNIT         ?PR?_HSCH_ADD_TASK?SCHEDULAR
            CODE    09E8H     0075H     UNIT         ?PR?_INITTIMER?TIMER
            CODE    0A5DH     0074H     UNIT         ?PR?_GETADCRESULT?AD
            CODE    0AD1H     0073H     UNIT         ?PR?_SEND_CODE_TO_LOCK?COMMUNICATION
            CODE    0B44H     0073H     UNIT         ?PR?_SEND_CODE_TO_LOCK_TAILI?COMMUNICATION
            CODE    0BB7H     0071H     UNIT         ?PR?HSCH_DISPATCH_TASKS?SCHEDULAR
            CODE    0C28H     006AH     UNIT         ?PR?RECEIVE_BYTE?COMMUNICATION
            CODE    0C92H     006AH     UNIT         ?PR?RECEIVE_BYTE_LOCK?COMMUNICATION
            CODE    0CFCH     0062H     UNIT         ?PR?_PWM_CHANNEL?PWM
            CODE    0D5EH     0060H     UNIT         ?PR?_SEND_DATA?COMMUNICATION
            CODE    0DBEH     005DH     UNIT         ?PR?HOST_STOLEN_ACTION?OPERATION
            CODE    0E1BH     0057H     UNIT         ?PR?_UART_SEND_DATA?COMMUNICATION
            CODE    0E72H     0056H     UNIT         ?PR?ELECMOTOR_CODE?ELECMOTOR
            CODE    0EC8H     004BH     UNIT         ?PR?_HSCH_DELETE_TASK?SCHEDULAR
            CODE    0F13H     0048H     UNIT         ?PR?INITSIGNAL?COMMUNICATION
            CODE    0F5BH     0048H     UNIT         ?PR?INITSIGNAL_F?COMMUNICATION
            CODE    0FA3H     0045H     UNIT         ?PR?_UART_SEND_DATA_F?COMMUNICATION
            CODE    0FE8H     0045H     UNIT         ?PR?DISABLE_SENSOR?OTHER
            CODE    102DH     0043H     UNIT         ?PR?UART_SEND_DATA_MATCH?COMMUNICATION
            CODE    1070H     0043H     UNIT         ?PR?SELF_LEARN_PROGRAMMING?ISP_DATAFLASH
            CODE    10B3H     0043H     UNIT         ?PR?SELF_LEARN_PROGRAMMING_F?ISP_DATAFLASH
            CODE    10F6H     0041H     UNIT         ?PR?RECEIVE_WORD?COMMUNICATION
            CODE    1137H     003FH     UNIT         ?PR?_CUSTOM_DELAY?DELAY
            CODE    1176H     003EH     UNIT         ?PR?_MAGNET_DELAY?DELAY
            CODE    11B4H     0036H     UNIT         ?PR?_SC_SPEECH?VOICE
            CODE    11EAH     0034H     UNIT         ?PR?_COMMODE_DATA_WX?COMMUNICATION
BL51 BANKED LINKER/LOCATER V6.22                                                      05/08/2015  16:10:57  PAGE 3


            CODE    121EH     0032H     UNIT         ?PR?_COMMODE_DATA?COMMUNICATION
            CODE    1250H     0031H     UNIT         ?PR?_MAGNET_CW?OTHER
            CODE    1281H     0031H     UNIT         ?PR?_MAGNET_CW_TAILI?OTHER
            CODE    12B2H     002EH     UNIT         ?PR?_FLASH_WRITE_DATA?ISP_DATAFLASH
            CODE    12E0H     002BH     UNIT         ?PR?_SENDNBYTE?UART
            CODE    130BH     0028H     UNIT         ?PR?SELFLEARN_RESET?OPERATION
            CODE    1333H     0025H     UNIT         ?PR?_INITT0?TIMER
            CODE    1358H     0024H     UNIT         ?PR?SLAVE_AWAY_OPERATION?OPERATION
            CODE    137CH     0023H     UNIT         ?PR?INITUART9600?UART
            CODE    139FH     0023H     UNIT         ?PR?INITUART600?UART
            CODE    13C2H     0022H     UNIT         ?PR?ENSENSOR_AFTERIDCERT?OPERATION
            CODE    13E4H     0020H     UNIT         ?PR?_DELAY_MS?DELAY
            CODE    1404H     001EH     UNIT         ?PR?_FLASH_READ_DATA?ISP_DATAFLASH
            CODE    1422H     001CH     UNIT         ?PR?ELECMOTOR_DELAY_ACW?ELECMOTOR
            CODE    143EH     001BH     UNIT         ?PR?INITVOICE?VOICE
            CODE    1459H     001BH     UNIT         ?PR?MAIN?MAIN
            CODE    1474H     001AH     UNIT         ?PR?DELAY_1MS?DELAY
            CODE    148EH     001AH     UNIT         ?PR?DELAY_5MS?DELAY
            CODE    14A8H     001AH     UNIT         ?PR?DELAY_10MS?DELAY
            CODE    14C2H     001AH     UNIT         ?PR?DELAY_50MS?DELAY
            CODE    14DCH     001AH     UNIT         ?PR?DELAY_500MS?DELAY
            CODE    14F6H     001AH     UNIT         ?PR?TRIGGER_ISP?ISP_DATAFLASH
            CODE    1510H     0019H     UNIT         ?PR?_DELAY_US?DELAY
            CODE    1529H     0019H     UNIT         ?PR?SLAVE_NEARBY_OPERATION?OPERATION
            CODE    1542H     0018H     UNIT         ?PR?ENSENSOR_AFTER_CLOSELOCK?OPERATION
            CODE    155AH     0018H     UNIT         ?PR?INIT_PWM?PWM
            CODE    1572H     0017H     UNIT         ?PR?_DELAY?DELAY
            CODE    1589H     0016H     UNIT         ?PR?FELL_ALARM_TO_SLAVE?OPERATION
            CODE    159FH     0016H     UNIT         ?PR?RAISE_ALARM_TO_SLAVE?OPERATION
            CODE    15B5H     0016H     UNIT         ?PR?BATSTOLEN_ALARM_TO_SLAVE?OPERATION
            CODE    15CBH     0016H     UNIT         ?PR?IDCERTED_SPEECH?VOICE
            CODE    15E1H     0016H     UNIT         ?PR?ELECMOTOR_DELAY?ELECMOTOR
            CODE    15F7H     0014H     UNIT         ?PR?DISABLE_ISP?ISP_DATAFLASH
            CODE    160BH     0013H     UNIT         ?PR?HOST_TOUCH_SPEECH?VOICE
            CODE    161EH     0013H     UNIT         ?PR?STOLEN_ALARM_SPEECH2?VOICE
            CODE    1631H     0013H     UNIT         ?PR?ENABLE_ISP?ISP_DATAFLASH
            CODE    1644H     0011H     UNIT         ?PR?ENABLE_SENSOR?OTHER
            CODE    1655H     0011H     UNIT         ?PR?SELF_LEARN_SPEECH?VOICE
            CODE    1666H     0011H     UNIT         ?PR?ELECMOTOR_CW?ELECMOTOR
            CODE    1677H     000FH     UNIT         ?PR?MOTORBAT_LOW_SPEECH?VOICE
            CODE    1686H     000FH     UNIT         ?PR?ID_SPEECH?VOICE
            CODE    1695H     000FH     UNIT         ?PR?HOST_2NDTOUCH_SPEECH?VOICE
            CODE    16A4H     000FH     UNIT         ?PR?STOLEN_ALARM_SPEECH1?VOICE
            CODE    16B3H     000FH     UNIT         ?PR?OPEN_LOCK_SPEECH?VOICE
            CODE    16C2H     000FH     UNIT         ?PR?CLOSE_LOCK_SPEECH?VOICE
            CODE    16D1H     000FH     UNIT         ?PR?BATTERY_STOLEN_SPEECH?VOICE
            CODE    16E0H     000FH     UNIT         ?PR?CUTTING_WIRE_VOICE?VOICE
            CODE    16EFH     000FH     UNIT         ?PR?PRODUCT_TEST_VOICE?VOICE
            CODE    16FEH     000FH     UNIT         ?PR?BATTERY_LOW_ALARM_SPEECH?VOICE
            CODE    170DH     000FH     UNIT         ?PR?BATTERY_HIGH_ALARM_SPEECH?VOICE
            CODE    171CH     000FH     UNIT         ?PR?ALARM_STOLEN_SPEECH?VOICE
            CODE    172BH     000FH     UNIT         ?PR?ALARM_RAISED_SPEECH?VOICE
            CODE    173AH     000FH     UNIT         ?PR?ALARM_FELL_SPEECH?VOICE
            CODE    1749H     000FH     UNIT         ?PR?HOST_BATTERY_HIGH_ALARM_SPEECH?VOICE
            CODE    1758H     000FH     UNIT         ?PR?BATTERY_STOLEN_SPEECH_F3?VOICE
            CODE    1767H     000FH     UNIT         ?PR?WIRE_BROKEN_SPEECH?VOICE
            CODE    1776H     000FH     UNIT         ?PR?LOCK_ROTATED_ON_SPEECH?VOICE
BL51 BANKED LINKER/LOCATER V6.22                                                      05/08/2015  16:10:57  PAGE 4


            CODE    1785H     000FH     UNIT         ?PR?LOCK_ROTATED_OFF_SPEECH?VOICE
            CODE    1794H     000EH     UNIT         ?PR?_MAGNET_ACW?OTHER
            CODE    17A2H     000EH     UNIT         ?PR?_MAGNET_ACW_TAILI?OTHER
            CODE    17B0H     000EH     UNIT         ?PR?ELECMOTOR_ACW?ELECMOTOR
            CODE    17BEH     000DH     UNIT         ?PR?CHECKADC?BATTERY
            CODE    17CBH     000BH     UNIT         ?PR?INITSENSOR?OPERATION
            CODE    17D6H     0009H     UNIT         ?PR?INITTRANSCEIVER?COMMUNICATION
            CODE    17DFH     0008H     UNIT         ?PR?MYPWM?PWM
            CODE    17E7H     0008H     UNIT         ?PR?_SENDDATA?UART
            CODE    17EFH     0007H     UNIT         ?PR?CLOSE_TRANCEIVER?COMMUNICATION
            CODE    17F6H     0007H     UNIT         ?PR?INITELECMOTOR?ELECMOTOR
            CODE    17FDH     0005H     UNIT         ?PR?OPEN_TRANCEIVER?COMMUNICATION
            CODE    1802H     0004H     UNIT         ?PR?SEOS_GO_TO_SLEEP?TIMER
            CODE    1806H     0004H     UNIT         ?PR?HSCH_GO_TO_SLEEP?SCHEDULAR
            CODE    180AH     0001H     UNIT         ?PR?KEY_ROTATE_ON_SPEECH?VOICE
            CODE    180BH     0001H     UNIT         ?PR?HSCH_REPORT_STATUS?SCHEDULAR
                    180CH     17F4H                  *** GAP ***
            CODE    3000H     0001H     ABSOLUTE     
            CODE    3001H     0001H     ABSOLUTE     
            CODE    3002H     0001H     ABSOLUTE     
            CODE    3003H     0001H     ABSOLUTE     
            CODE    3004H     0001H     ABSOLUTE     
            CODE    3005H     0001H     ABSOLUTE     



OVERLAY MAP OF MODULE:   DDC-Z (AD)


SEGMENT                                            PDATA_GROUP
  +--> CALLED SEGMENT                            START    LENGTH
----------------------------------------------------------------
?PR?TIMER0?MAIN                                  -----    -----
  +--> ?PR?HSCH_UPDATE?SCHEDULAR
  +--> ?PR?CHECKADC?BATTERY
  +--> ?PR?ENSENSOR_AFTER_CLOSELOCK?OPERATION
  +--> ?PR?SELFLEARN_RESET?OPERATION
  +--> ?PR?_VERIFYBATTERY?BATTERY
  +--> ?PR?ENABLE_SENSOR?OTHER
  +--> ?PR?FELL_ALARM_TO_SLAVE?OPERATION
  +--> ?PR?RAISE_ALARM_TO_SLAVE?OPERATION
  +--> ?PR?BATSTOLEN_ALARM_TO_SLAVE?OPERATION
  +--> ?PR?IDCERTED_SPEECH?VOICE
  +--> ?PR?SELF_LEARN_SPEECH?VOICE
  +--> ?PR?UART_SEND_DATA_MATCH?COMMUNICATION
  +--> ?PR?DISABLE_SENSOR?OTHER
  +--> ?PR?ELECMOTOR_CW?ELECMOTOR
  +--> ?PR?SLAVE_NEARBY_OPERATION?OPERATION
  +--> ?PR?DELAY_1MS?DELAY
  +--> ?PR?SLAVE_AWAY_OPERATION?OPERATION
  +--> ?PR?DELAY_500MS?DELAY
  +--> ?PR?HOST_TOUCH_SPEECH?VOICE
  +--> ?PR?_DELAY?DELAY

?PR?HSCH_UPDATE?SCHEDULAR                        0079H    0001H

?PR?CHECKADC?BATTERY                             -----    -----
BL51 BANKED LINKER/LOCATER V6.22                                                      05/08/2015  16:10:57  PAGE 5


  +--> ?PR?_GETADCRESULT?AD

?PR?ENSENSOR_AFTER_CLOSELOCK?OPERATION           -----    -----
  +--> ?PR?ENABLE_SENSOR?OTHER

?PR?_VERIFYBATTERY?BATTERY                       0079H    0002H
  +--> ?PR?_SC_SPEECH?VOICE
  +--> ?PR?_DELAY?DELAY
  +--> ?PR?MOTORBAT_LOW_SPEECH?VOICE

?PR?_SC_SPEECH?VOICE                             0082H    0002H
  +--> ?PR?DELAY_50MS?DELAY
  +--> ?PR?_DELAY_US?DELAY

?PR?MOTORBAT_LOW_SPEECH?VOICE                    -----    -----
  +--> ?PR?_SC_SPEECH?VOICE
  +--> ?PR?_DELAY?DELAY

?PR?FELL_ALARM_TO_SLAVE?OPERATION                -----    -----
  +--> ?PR?_UART_SEND_DATA?COMMUNICATION

?PR?_UART_SEND_DATA?COMMUNICATION                0082H    0002H
  +--> ?PR?OPEN_TRANCEIVER?COMMUNICATION
  +--> ?PR?INITSIGNAL?COMMUNICATION
  +--> ?PR?_SENDNBYTE?UART
  +--> ?PR?DELAY_5MS?DELAY
  +--> ?PR?CLOSE_TRANCEIVER?COMMUNICATION

?PR?INITSIGNAL?COMMUNICATION                     0084H    0003H
  +--> ?PR?_CUSTOM_DELAY?DELAY

?PR?_CUSTOM_DELAY?DELAY                          0087H    0004H

?PR?_SENDNBYTE?UART                              0084H    0003H
  +--> ?PR?_SENDDATA?UART

?PR?RAISE_ALARM_TO_SLAVE?OPERATION               -----    -----
  +--> ?PR?_UART_SEND_DATA?COMMUNICATION

?PR?BATSTOLEN_ALARM_TO_SLAVE?OPERATION           -----    -----
  +--> ?PR?_UART_SEND_DATA?COMMUNICATION

?PR?IDCERTED_SPEECH?VOICE                        -----    -----
  +--> ?PR?ID_SPEECH?VOICE

?PR?ID_SPEECH?VOICE                              -----    -----
  +--> ?PR?_SC_SPEECH?VOICE
  +--> ?PR?_DELAY?DELAY

?PR?SELF_LEARN_SPEECH?VOICE                      -----    -----
  +--> ?PR?_SC_SPEECH?VOICE
  +--> ?PR?_DELAY?DELAY

?PR?UART_SEND_DATA_MATCH?COMMUNICATION           -----    -----
  +--> ?PR?OPEN_TRANCEIVER?COMMUNICATION
  +--> ?PR?INITSIGNAL?COMMUNICATION
  +--> ?PR?_SENDNBYTE?UART
BL51 BANKED LINKER/LOCATER V6.22                                                      05/08/2015  16:10:57  PAGE 6


  +--> ?PR?DELAY_50MS?DELAY
  +--> ?PR?CLOSE_TRANCEIVER?COMMUNICATION

?PR?ELECMOTOR_CW?ELECMOTOR                       -----    -----
  +--> ?PR?ELECMOTOR_CODE?ELECMOTOR
  +--> ?PR?ELECMOTOR_DELAY?ELECMOTOR

?PR?ELECMOTOR_CODE?ELECMOTOR                     0079H    0002H
  +--> ?PR?DELAY_10MS?DELAY
  +--> ?PR?DELAY_5MS?DELAY

?PR?ELECMOTOR_DELAY?ELECMOTOR                    -----    -----
  +--> ?PR?DELAY_500MS?DELAY

?PR?SLAVE_NEARBY_OPERATION?OPERATION             -----    -----
  +--> ?PR?OPEN_LOCK_SPEECH?VOICE
  +--> ?PR?_VERIFYBATTERY?BATTERY
  +--> ?PR?KEY_ROTATE_ON_SPEECH?VOICE

?PR?OPEN_LOCK_SPEECH?VOICE                       -----    -----
  +--> ?PR?_SC_SPEECH?VOICE
  +--> ?PR?_DELAY?DELAY

?PR?SLAVE_AWAY_OPERATION?OPERATION               -----    -----
  +--> ?PR?ELECMOTOR_ACW?ELECMOTOR
  +--> ?PR?CLOSE_LOCK_SPEECH?VOICE
  +--> ?PR?_DELAY?DELAY

?PR?ELECMOTOR_ACW?ELECMOTOR                      -----    -----
  +--> ?PR?ELECMOTOR_DELAY_ACW?ELECMOTOR

?PR?ELECMOTOR_DELAY_ACW?ELECMOTOR                -----    -----
  +--> ?PR?DELAY_500MS?DELAY

?PR?CLOSE_LOCK_SPEECH?VOICE                      -----    -----
  +--> ?PR?_SC_SPEECH?VOICE
  +--> ?PR?_DELAY?DELAY

?PR?HOST_TOUCH_SPEECH?VOICE                      -----    -----
  +--> ?PR?_SC_SPEECH?VOICE
  +--> ?PR?_DELAY?DELAY

*** NEW ROOT ***************************************************

?PR?UART_ISR?MAIN                                -----    -----
  +--> ?PR?DISABLE_SENSOR?OTHER

*** NEW ROOT ***************************************************

?C_C51STARTUP                                    -----    -----
  +--> ?PR?MAIN?MAIN
  +--> ?C_INITSEG

?PR?MAIN?MAIN                                    -----    -----
  +--> ?PR?INITVOICE?VOICE
  +--> ?PR?INITUART600?UART
  +--> ?PR?INITSENSOR?OPERATION
BL51 BANKED LINKER/LOCATER V6.22                                                      05/08/2015  16:10:57  PAGE 7


  +--> ?PR?INITTRANSCEIVER?COMMUNICATION
  +--> ?PR?INITELECMOTOR?ELECMOTOR
  +--> ?PR?HSCH_DISPATCH_TASKS?SCHEDULAR
  +--> ?PR?HOST_STOLEN_ACTION?OPERATION

?PR?INITVOICE?VOICE                              -----    -----
  +--> ?PR?_DELAY_US?DELAY

?PR?INITUART600?UART                             -----    -----
  +--> ?PR?_INITT0?TIMER

?PR?INITELECMOTOR?ELECMOTOR                      -----    -----
  +--> ?PR?ELECMOTOR_ACW?ELECMOTOR

?PR?HSCH_DISPATCH_TASKS?SCHEDULAR                0082H    0001H
  +--> ?PR?HSCH_REPORT_STATUS?SCHEDULAR
  +--> ?PR?HSCH_GO_TO_SLEEP?SCHEDULAR

?PR?HOST_STOLEN_ACTION?OPERATION                 -----    -----
  +--> ?PR?_UART_SEND_DATA?COMMUNICATION
  +--> ?PR?STOLEN_ALARM_SPEECH1?VOICE
  +--> ?PR?STOLEN_ALARM_SPEECH2?VOICE

?PR?STOLEN_ALARM_SPEECH1?VOICE                   -----    -----
  +--> ?PR?_SC_SPEECH?VOICE
  +--> ?PR?_DELAY?DELAY

?PR?STOLEN_ALARM_SPEECH2?VOICE                   -----    -----
  +--> ?PR?_SC_SPEECH?VOICE
  +--> ?PR?_DELAY?DELAY



SYMBOL TABLE OF MODULE:  DDC-Z (AD)

  VALUE           TYPE          NAME
  ----------------------------------

  -------         MODULE        AD
  C:0000H         SYMBOL        _ICE_DUMMY_
  D:0080H         PUBLIC        P0
  D:0090H         PUBLIC        P1
  D:00A0H         PUBLIC        P2
  D:00B0H         PUBLIC        P3
  D:00A8H         PUBLIC        IE
  D:00E2H         PUBLIC        ADCH
  B:00F8H.4       PUBLIC        ADCI
  D:00B8H         PUBLIC        IP
  B:00F8H.3       PUBLIC        ADCS
  D:00F6H         PUBLIC        P0DIDS
  D:00D8H         PUBLIC        WDCON0
  D:0098H         PUBLIC        SCON
  D:0088H         PUBLIC        TCON
  B:00F8H.0       PUBLIC        AADR0
  B:00F8H.1       PUBLIC        AADR1
  B:00F8H.2       PUBLIC        AADR2
  D:00E8H         PUBLIC        EIE
BL51 BANKED LINKER/LOCATER V6.22                                                      05/08/2015  16:10:57  PAGE 8


  D:00F8H         PUBLIC        ADCCON0
  D:00E1H         PUBLIC        ADCCON1
  D:00C0H         PUBLIC        I2CON
  D:00C8H         PUBLIC        T2CON
  C:0A5DH         PUBLIC        _GetADCResult
  D:00D0H         PUBLIC        PSW
  -------         PROC          _GETADCRESULT
  D:0007H         SYMBOL        ch
  -------         DO            
  D:0005H         SYMBOL        DataL
  D:0002H         SYMBOL        DataH
  -------         ENDDO         
  C:0A5DH         LINE#         18
  C:0A5DH         LINE#         19
  C:0A5DH         LINE#         20
  C:0A5EH         LINE#         21
  C:0A5FH         LINE#         23
  C:0A64H         LINE#         24
  C:0A64H         LINE#         26
  C:0A67H         LINE#         28
  C:0A69H         LINE#         29
  C:0A6BH         LINE#         30
  C:0A6DH         LINE#         32
  C:0A70H         LINE#         34
  C:0A72H         LINE#         35
  C:0A74H         LINE#         37
  C:0A76H         LINE#         38
  C:0A7DH         LINE#         40
  C:0A81H         LINE#         41
  C:0A93H         LINE#         43
  C:0A97H         LINE#         44
  C:0A97H         LINE#         46
  C:0A9CH         LINE#         47
  C:0A9CH         LINE#         49
  C:0A9FH         LINE#         52
  C:0AA1H         LINE#         53
  C:0AA3H         LINE#         54
  C:0AA5H         LINE#         56
  C:0AA8H         LINE#         58
  C:0AAAH         LINE#         59
  C:0AACH         LINE#         61
  C:0AAEH         LINE#         62
  C:0AB5H         LINE#         64
  C:0ABBH         LINE#         65
  C:0ACDH         LINE#         67
  C:0AD0H         LINE#         68
  C:0AD0H         LINE#         69
  -------         ENDPROC       _GETADCRESULT
  -------         ENDMOD        AD

  -------         MODULE        BATTERY
  C:0000H         SYMBOL        _ICE_DUMMY_
  D:0080H         PUBLIC        P0
  D:0090H         PUBLIC        P1
  D:00A0H         PUBLIC        P2
  D:00B0H         PUBLIC        P3
  X:0000H         PUBLIC        Check2_stage
BL51 BANKED LINKER/LOCATER V6.22                                                      05/08/2015  16:10:57  PAGE 9


  B:0090H.4       PUBLIC        voice_EN
  D:00A8H         PUBLIC        IE
  D:00B8H         PUBLIC        IP
  C:082AH         PUBLIC        _verifybattery
  C:17BEH         PUBLIC        CheckADC
  D:00D8H         PUBLIC        WDCON0
  D:0098H         PUBLIC        SCON
  D:0088H         PUBLIC        TCON
  D:00E8H         PUBLIC        EIE
  D:00F8H         PUBLIC        ADCCON0
  D:00C0H         PUBLIC        I2CON
  D:00C8H         PUBLIC        T2CON
  D:00D0H         PUBLIC        PSW
  -------         PROC          CHECKADC
  C:17BEH         LINE#         22
  C:17BEH         LINE#         23
  C:17BEH         LINE#         25
  C:17CAH         LINE#         26
  -------         ENDPROC       CHECKADC
  -------         PROC          _VERIFYBATTERY
  X:0079H         SYMBOL        Check2
  C:082AH         LINE#         33
  C:0831H         LINE#         34
  C:0831H         LINE#         148
  C:0839H         LINE#         149
  C:0839H         LINE#         150
  C:083BH         LINE#         151
  C:0840H         LINE#         152
  C:0842H         LINE#         153
  C:0842H         LINE#         154
  C:0845H         LINE#         156
  C:085DH         LINE#         157
  C:085DH         LINE#         158
  C:085FH         LINE#         159
  C:0864H         LINE#         160
  C:0866H         LINE#         161
  C:0866H         LINE#         162
  C:0868H         LINE#         164
  C:087CH         LINE#         165
  C:087CH         LINE#         166
  C:087EH         LINE#         167
  C:0883H         LINE#         168
  C:0885H         LINE#         169
  C:0885H         LINE#         170
  C:0887H         LINE#         172
  C:089DH         LINE#         173
  C:089DH         LINE#         174
  C:089FH         LINE#         175
  C:08A4H         LINE#         176
  C:08A6H         LINE#         177
  C:08A6H         LINE#         178
  C:08A8H         LINE#         180
  C:08C0H         LINE#         181
  C:08C0H         LINE#         182
  C:08C2H         LINE#         183
  C:08C7H         LINE#         184
  C:08CCH         LINE#         185
BL51 BANKED LINKER/LOCATER V6.22                                                      05/08/2015  16:10:57  PAGE 10


  C:08CEH         LINE#         186
  C:08CFH         LINE#         188
  C:08DBH         LINE#         189
  C:08DBH         LINE#         190
  C:08DEH         LINE#         191
  C:08DEH         LINE#         193
  -------         ENDPROC       _VERIFYBATTERY
  -------         ENDMOD        BATTERY

  -------         MODULE        COMMUNICATION
  C:0000H         SYMBOL        _ICE_DUMMY_
  C:0C28H         PUBLIC        receive_byte
  D:0080H         PUBLIC        P0
  D:0090H         PUBLIC        P1
  B:00B0H.0       PUBLIC        receive_wire
  D:00A0H         PUBLIC        P2
  D:00B0H         PUBLIC        P3
  C:121EH         PUBLIC        _ComMode_Data
  C:0E1BH         PUBLIC        _UART_Send_Data
  C:10F6H         PUBLIC        receive_word
  D:00A8H         PUBLIC        IE
  C:11EAH         PUBLIC        _ComMode_Data_WX
  D:00B8H         PUBLIC        IP
  C:17D6H         PUBLIC        InitTransceiver
  B:0080H.1       PUBLIC        lock_code
  C:0FA3H         PUBLIC        _UART_Send_Data_F
  D:00D8H         PUBLIC        WDCON0
  B:0090H.0       PUBLIC        P10
  B:0090H.1       PUBLIC        P11
  C:17EFH         PUBLIC        close_tranceiver
  D:0098H         PUBLIC        SCON
  D:0088H         PUBLIC        TCON
  C:0F13H         PUBLIC        initsignal
  B:00A0H.7       PUBLIC        transmiter_EN
  B:0090H.3       PUBLIC        receiver_EN
  C:17FDH         PUBLIC        open_tranceiver
  C:0B44H         PUBLIC        _send_code_to_lock_Taili
  D:00E8H         PUBLIC        EIE
  B:00A0H.3       PUBLIC        MagentControl_2
  D:00F8H         PUBLIC        ADCCON0
  D:00C0H         PUBLIC        I2CON
  C:0F5BH         PUBLIC        initsignal_F
  B:00A0H.6       PUBLIC        transmiter_power
  D:00C8H         PUBLIC        T2CON
  C:0D5EH         PUBLIC        _Send_Data
  C:0C92H         PUBLIC        receive_byte_Lock
  B:0090H.0       PUBLIC        TXD
  C:102DH         PUBLIC        UART_Send_Data_match
  C:0AD1H         PUBLIC        _send_code_to_lock
  D:00D0H         PUBLIC        PSW
  X:0017H         PUBLIC        myTxRxData
  -------         PROC          INITTRANSCEIVER
  C:17D6H         LINE#         38
  C:17D6H         LINE#         39
  C:17D6H         LINE#         40
  C:17D8H         LINE#         41
  C:17DAH         LINE#         42
BL51 BANKED LINKER/LOCATER V6.22                                                      05/08/2015  16:10:57  PAGE 11


  C:17DCH         LINE#         43
  C:17DEH         LINE#         44
  -------         ENDPROC       INITTRANSCEIVER
  -------         PROC          INITSIGNAL
  -------         DO            
  X:0084H         SYMBOL        k
  X:0085H         SYMBOL        k1
  X:0086H         SYMBOL        mystartbuffer
  -------         ENDDO         
  C:0F13H         LINE#         53
  C:0F13H         LINE#         54
  C:0F13H         LINE#         56
  C:0F18H         LINE#         57
  C:0F1BH         LINE#         58
  C:0F1BH         LINE#         59
  C:0F1FH         LINE#         60
  C:0F1FH         LINE#         61
  C:0F22H         LINE#         62
  C:0F22H         LINE#         63
  C:0F22H         LINE#         64
  C:0F22H         LINE#         66
  C:0F22H         LINE#         68
  C:0F22H         LINE#         69
  C:0F24H         LINE#         70
  C:0F2DH         LINE#         72
  C:0F2DH         LINE#         73
  C:0F2FH         LINE#         74
  C:0F35H         LINE#         75
  C:0F3EH         LINE#         77
  C:0F49H         LINE#         78
  C:0F4EH         LINE#         81
  C:0F58H         LINE#         82
  C:0F5AH         LINE#         83
  -------         ENDPROC       INITSIGNAL
  -------         PROC          INITSIGNAL_F
  -------         DO            
  X:0001H         SYMBOL        k
  X:0002H         SYMBOL        k1
  X:0003H         SYMBOL        mystartbuffer
  -------         ENDDO         
  C:0F5BH         LINE#         85
  C:0F5BH         LINE#         86
  C:0F5BH         LINE#         88
  C:0F60H         LINE#         89
  C:0F63H         LINE#         90
  C:0F63H         LINE#         91
  C:0F67H         LINE#         92
  C:0F67H         LINE#         93
  C:0F6AH         LINE#         94
  C:0F6AH         LINE#         95
  C:0F6AH         LINE#         96
  C:0F6AH         LINE#         98
  C:0F6AH         LINE#         100
  C:0F6AH         LINE#         101
  C:0F6CH         LINE#         102
  C:0F75H         LINE#         104
  C:0F75H         LINE#         105
BL51 BANKED LINKER/LOCATER V6.22                                                      05/08/2015  16:10:57  PAGE 12


  C:0F77H         LINE#         106
  C:0F7DH         LINE#         107
  C:0F86H         LINE#         109
  C:0F91H         LINE#         110
  C:0F96H         LINE#         113
  C:0FA0H         LINE#         114
  C:0FA2H         LINE#         115
  -------         ENDPROC       INITSIGNAL_F
  -------         PROC          _SEND_DATA
  X:0004H         SYMBOL        x
  -------         DO            
  X:0005H         SYMBOL        i
  X:0006H         SYMBOL        n
  -------         ENDDO         
  C:0D5EH         LINE#         121
  C:0D62H         LINE#         122
  C:0D62H         LINE#         124
  C:0D65H         LINE#         125
  C:0D65H         LINE#         126
  C:0D69H         LINE#         127
  C:0D69H         LINE#         128
  C:0D73H         LINE#         129
  C:0D73H         LINE#         130
  C:0D75H         LINE#         131
  C:0D7DH         LINE#         132
  C:0D7FH         LINE#         134
  C:0D7FH         LINE#         135
  C:0D81H         LINE#         136
  C:0D8CH         LINE#         137
  C:0D8CH         LINE#         138
  C:0D8EH         LINE#         139
  C:0D9CH         LINE#         140
  C:0DA7H         LINE#         141
  C:0DB2H         LINE#         142
  C:0DBDH         LINE#         143
  -------         ENDPROC       _SEND_DATA
  -------         PROC          _COMMODE_DATA
  X:0007H         SYMBOL        ComMode
  X:0008H         SYMBOL        x
  C:121EH         LINE#         151
  C:1228H         LINE#         152
  C:1228H         LINE#         153
  C:122AH         LINE#         154
  C:122FH         LINE#         155
  C:1231H         LINE#         156
  C:1236H         LINE#         157
  C:123AH         LINE#         158
  C:1240H         LINE#         160
  C:1243H         LINE#         161
  C:124BH         LINE#         163
  C:124DH         LINE#         164
  C:124FH         LINE#         165
  -------         ENDPROC       _COMMODE_DATA
  -------         PROC          _COMMODE_DATA_WX
  X:000AH         SYMBOL        ComMode
  X:000BH         SYMBOL        x
  C:11EAH         LINE#         173
BL51 BANKED LINKER/LOCATER V6.22                                                      05/08/2015  16:10:57  PAGE 13


  C:11F4H         LINE#         174
  C:11F4H         LINE#         175
  C:11F6H         LINE#         176
  C:11FBH         LINE#         177
  C:11FDH         LINE#         178
  C:1202H         LINE#         179
  C:1206H         LINE#         180
  C:120CH         LINE#         182
  C:120FH         LINE#         183
  C:1217H         LINE#         185
  C:1219H         LINE#         186
  C:121BH         LINE#         187
  C:121DH         LINE#         188
  -------         ENDPROC       _COMMODE_DATA_WX
  -------         PROC          _UART_SEND_DATA
  X:0082H         SYMBOL        command
  -------         DO            
  X:0083H         SYMBOL        ii
  -------         ENDDO         
  C:0E1BH         LINE#         193
  C:0E1FH         LINE#         194
  C:0E1FH         LINE#         195
  C:0E22H         LINE#         196
  C:0E25H         LINE#         197
  C:0E2DH         LINE#         198
  C:0E34H         LINE#         199
  C:0E3BH         LINE#         200
  C:0E42H         LINE#         201
  C:0E49H         LINE#         202
  C:0E4FH         LINE#         204
  C:0E52H         LINE#         206
  C:0E56H         LINE#         207
  C:0E56H         LINE#         208
  C:0E61H         LINE#         209
  C:0E64H         LINE#         210
  C:0E6FH         LINE#         212
  -------         ENDPROC       _UART_SEND_DATA
  -------         PROC          _UART_SEND_DATA_F
  X:000DH         SYMBOL        command
  -------         DO            
  X:000EH         SYMBOL        ii
  -------         ENDDO         
  C:0FA3H         LINE#         219
  C:0FA7H         LINE#         220
  C:0FA7H         LINE#         221
  C:0FAAH         LINE#         222
  C:0FADH         LINE#         223
  C:0FB5H         LINE#         224
  C:0FBCH         LINE#         225
  C:0FC3H         LINE#         226
  C:0FCAH         LINE#         227
  C:0FD1H         LINE#         228
  C:0FD7H         LINE#         230
  C:0FDAH         LINE#         232
  C:0FE5H         LINE#         234
  -------         ENDPROC       _UART_SEND_DATA_F
  -------         PROC          OPEN_TRANCEIVER
BL51 BANKED LINKER/LOCATER V6.22                                                      05/08/2015  16:10:57  PAGE 14


  C:17FDH         LINE#         241
  C:17FDH         LINE#         242
  C:17FDH         LINE#         248
  C:17FFH         LINE#         250
  C:1801H         LINE#         251
  -------         ENDPROC       OPEN_TRANCEIVER
  -------         PROC          CLOSE_TRANCEIVER
  C:17EFH         LINE#         257
  C:17EFH         LINE#         258
  C:17EFH         LINE#         259
  C:17F1H         LINE#         260
  C:17F3H         LINE#         261
  C:17F5H         LINE#         267
  -------         ENDPROC       CLOSE_TRANCEIVER
  -------         PROC          UART_SEND_DATA_MATCH
  C:102DH         LINE#         272
  C:102DH         LINE#         273
  C:102DH         LINE#         274
  C:1030H         LINE#         276
  C:1035H         LINE#         277
  C:1039H         LINE#         278
  C:1040H         LINE#         279
  C:1047H         LINE#         280
  C:104EH         LINE#         281
  C:1055H         LINE#         282
  C:105CH         LINE#         284
  C:105FH         LINE#         286
  C:106AH         LINE#         287
  C:106DH         LINE#         289
  -------         ENDPROC       UART_SEND_DATA_MATCH
  -------         PROC          RECEIVE_BYTE
  C:0C28H         LINE#         296
  C:0C28H         LINE#         297
  C:0C28H         LINE#         299
  C:0C2BH         LINE#         300
  C:0C2BH         LINE#         302
  C:0C35H         LINE#         303
  C:0C35H         LINE#         304
  C:0C37H         LINE#         305
  C:0C37H         LINE#         306
  C:0C39H         LINE#         307
  C:0C3AH         LINE#         310
  C:0C3AH         LINE#         312
  C:0C3DH         LINE#         313
  C:0C3DH         LINE#         315
  C:0C3FH         LINE#         318
  C:0C4EH         LINE#         319
  C:0C4EH         LINE#         321
  C:0C54H         LINE#         322
  C:0C56H         LINE#         323
  C:0C56H         LINE#         324
  C:0C56H         LINE#         325
  C:0C58H         LINE#         327
  C:0C60H         LINE#         328
  C:0C60H         LINE#         330
  C:0C66H         LINE#         331
  C:0C69H         LINE#         332
BL51 BANKED LINKER/LOCATER V6.22                                                      05/08/2015  16:10:57  PAGE 15


  C:0C6EH         LINE#         333
  C:0C72H         LINE#         334
  C:0C74H         LINE#         336
  C:0C74H         LINE#         338
  C:0C79H         LINE#         339
  C:0C79H         LINE#         341
  C:0C7DH         LINE#         342
  C:0C7EH         LINE#         344
  C:0C7EH         LINE#         346
  C:0C88H         LINE#         347
  C:0C88H         LINE#         348
  C:0C8CH         LINE#         349
  C:0C8EH         LINE#         350
  C:0C91H         LINE#         351
  C:0C91H         LINE#         352
  C:0C91H         LINE#         353
  C:0C91H         LINE#         354
  -------         ENDPROC       RECEIVE_BYTE
  -------         PROC          RECEIVE_BYTE_LOCK
  C:0C92H         LINE#         360
  C:0C92H         LINE#         361
  C:0C92H         LINE#         363
  C:0C95H         LINE#         364
  C:0C95H         LINE#         366
  C:0C9FH         LINE#         367
  C:0C9FH         LINE#         368
  C:0CA1H         LINE#         369
  C:0CA1H         LINE#         370
  C:0CA3H         LINE#         371
  C:0CA4H         LINE#         374
  C:0CA4H         LINE#         376
  C:0CA7H         LINE#         377
  C:0CA7H         LINE#         379
  C:0CA9H         LINE#         382
  C:0CB8H         LINE#         383
  C:0CB8H         LINE#         385
  C:0CBEH         LINE#         386
  C:0CC0H         LINE#         387
  C:0CC0H         LINE#         388
  C:0CC0H         LINE#         389
  C:0CC2H         LINE#         391
  C:0CCAH         LINE#         392
  C:0CCAH         LINE#         394
  C:0CD0H         LINE#         395
  C:0CD3H         LINE#         396
  C:0CD8H         LINE#         397
  C:0CDCH         LINE#         398
  C:0CDEH         LINE#         400
  C:0CDEH         LINE#         402
  C:0CE3H         LINE#         403
  C:0CE3H         LINE#         405
  C:0CE7H         LINE#         406
  C:0CE8H         LINE#         408
  C:0CE8H         LINE#         410
  C:0CF2H         LINE#         411
  C:0CF2H         LINE#         412
  C:0CF6H         LINE#         413
BL51 BANKED LINKER/LOCATER V6.22                                                      05/08/2015  16:10:57  PAGE 16


  C:0CF8H         LINE#         414
  C:0CFBH         LINE#         415
  C:0CFBH         LINE#         416
  C:0CFBH         LINE#         417
  C:0CFBH         LINE#         418
  -------         ENDPROC       RECEIVE_BYTE_LOCK
  -------         PROC          RECEIVE_WORD
  C:10F6H         LINE#         424
  C:10F6H         LINE#         425
  C:10F6H         LINE#         427
  C:10FDH         LINE#         428
  C:10FDH         LINE#         429
  C:10FEH         LINE#         431
  C:110BH         LINE#         434
  C:1114H         LINE#         435
  C:1114H         LINE#         436
  C:1119H         LINE#         437
  C:111AH         LINE#         439
  C:1124H         LINE#         440
  C:1124H         LINE#         441
  C:1129H         LINE#         442
  C:112AH         LINE#         443
  C:112EH         LINE#         444
  C:112EH         LINE#         445
  C:1130H         LINE#         446
  C:1130H         LINE#         447
  C:1132H         LINE#         449
  C:1132H         LINE#         450
  C:1136H         LINE#         451
  C:1136H         LINE#         452
  C:1136H         LINE#         453
  -------         ENDPROC       RECEIVE_WORD
  -------         PROC          _SEND_CODE_TO_LOCK
  D:0007H         SYMBOL        x
  X:000FH         SYMBOL        y
  -------         DO            
  X:0011H         SYMBOL        i
  X:0012H         SYMBOL        n
  -------         ENDDO         
  C:0AD1H         LINE#         460
  C:0AD8H         LINE#         461
  C:0AD8H         LINE#         463
  C:0ADDH         LINE#         464
  C:0AE1H         LINE#         465
  C:0AE4H         LINE#         471
  C:0AE8H         LINE#         472
  C:0AE8H         LINE#         473
  C:0AECH         LINE#         474
  C:0AECH         LINE#         475
  C:0AF6H         LINE#         476
  C:0AF6H         LINE#         477
  C:0AF8H         LINE#         478
  C:0B01H         LINE#         479
  C:0B03H         LINE#         481
  C:0B03H         LINE#         482
  C:0B05H         LINE#         483
  C:0B11H         LINE#         484
BL51 BANKED LINKER/LOCATER V6.22                                                      05/08/2015  16:10:57  PAGE 17


  C:0B11H         LINE#         485
  C:0B13H         LINE#         486
  C:0B21H         LINE#         487
  C:0B2DH         LINE#         488
  C:0B38H         LINE#         489
  C:0B43H         LINE#         490
  -------         ENDPROC       _SEND_CODE_TO_LOCK
  -------         PROC          _SEND_CODE_TO_LOCK_TAILI
  D:0007H         SYMBOL        x
  X:0013H         SYMBOL        y
  -------         DO            
  X:0015H         SYMBOL        i
  X:0016H         SYMBOL        n
  -------         ENDDO         
  C:0B44H         LINE#         497
  C:0B4BH         LINE#         498
  C:0B4BH         LINE#         500
  C:0B50H         LINE#         501
  C:0B54H         LINE#         502
  C:0B57H         LINE#         508
  C:0B5BH         LINE#         509
  C:0B5BH         LINE#         510
  C:0B5FH         LINE#         511
  C:0B5FH         LINE#         512
  C:0B69H         LINE#         513
  C:0B69H         LINE#         514
  C:0B6BH         LINE#         515
  C:0B74H         LINE#         516
  C:0B76H         LINE#         518
  C:0B76H         LINE#         519
  C:0B78H         LINE#         520
  C:0B84H         LINE#         521
  C:0B84H         LINE#         522
  C:0B86H         LINE#         523
  C:0B94H         LINE#         524
  C:0BA0H         LINE#         525
  C:0BABH         LINE#         526
  C:0BB6H         LINE#         527
  -------         ENDPROC       _SEND_CODE_TO_LOCK_TAILI
  -------         ENDMOD        COMMUNICATION

  -------         MODULE        DELAY
  C:0000H         SYMBOL        _ICE_DUMMY_
  D:0080H         PUBLIC        P0
  D:0090H         PUBLIC        P1
  D:00A0H         PUBLIC        P2
  D:00B0H         PUBLIC        P3
  X:0020H         PUBLIC        Timeout_loop
  D:00A8H         PUBLIC        IE
  C:14A8H         PUBLIC        Delay_10ms
  C:14C2H         PUBLIC        Delay_50ms
  D:00B8H         PUBLIC        IP
  B:0090H.2       PUBLIC        magnet_overcurrent
  D:00D8H         PUBLIC        WDCON0
  C:1176H         PUBLIC        _Magnet_Delay
  D:0098H         PUBLIC        SCON
  D:0088H         PUBLIC        TCON
BL51 BANKED LINKER/LOCATER V6.22                                                      05/08/2015  16:10:57  PAGE 18


  C:14DCH         PUBLIC        Delay_500ms
  C:1137H         PUBLIC        _Custom_Delay
  C:13E4H         PUBLIC        _delay_ms
  D:00E8H         PUBLIC        EIE
  D:00F8H         PUBLIC        ADCCON0
  C:1510H         PUBLIC        _delay_us
  D:00C0H         PUBLIC        I2CON
  C:1474H         PUBLIC        Delay_1ms
  D:00C8H         PUBLIC        T2CON
  C:148EH         PUBLIC        Delay_5ms
  C:1572H         PUBLIC        _Delay
  D:00D0H         PUBLIC        PSW
  -------         PROC          DELAY_1MS
  C:1474H         LINE#         15
  C:1474H         LINE#         16
  C:1474H         LINE#         17
  C:147DH         LINE#         20
  C:148DH         LINE#         21
  -------         ENDPROC       DELAY_1MS
  -------         PROC          DELAY_5MS
  C:148EH         LINE#         23
  C:148EH         LINE#         24
  C:148EH         LINE#         25
  C:1497H         LINE#         28
  C:14A7H         LINE#         29
  -------         ENDPROC       DELAY_5MS
  -------         PROC          DELAY_10MS
  C:14A8H         LINE#         31
  C:14A8H         LINE#         32
  C:14A8H         LINE#         33
  C:14B1H         LINE#         36
  C:14C1H         LINE#         37
  -------         ENDPROC       DELAY_10MS
  -------         PROC          DELAY_50MS
  C:14C2H         LINE#         40
  C:14C2H         LINE#         41
  C:14C2H         LINE#         42
  C:14CBH         LINE#         45
  C:14DBH         LINE#         46
  -------         ENDPROC       DELAY_50MS
  -------         PROC          DELAY_500MS
  C:14DCH         LINE#         49
  C:14DCH         LINE#         50
  C:14DCH         LINE#         51
  C:14E5H         LINE#         54
  C:14F5H         LINE#         55
  -------         ENDPROC       DELAY_500MS
  -------         PROC          _DELAY
  D:0007H         SYMBOL        n
  -------         DO            
  D:0004H         SYMBOL        x
  -------         ENDDO         
  C:1572H         LINE#         62
  C:1572H         LINE#         63
  C:1572H         LINE#         65
  C:1578H         LINE#         66
  C:1578H         LINE#         67
BL51 BANKED LINKER/LOCATER V6.22                                                      05/08/2015  16:10:57  PAGE 19


  C:157CH         LINE#         68
  C:1588H         LINE#         70
  -------         ENDPROC       _DELAY
  -------         PROC          _CUSTOM_DELAY
  D:0007H         SYMBOL        t
  X:0087H         SYMBOL        m
  -------         DO            
  X:0089H         SYMBOL        i
  D:0006H         SYMBOL        j
  -------         ENDDO         
  C:1137H         LINE#         76
  C:113EH         LINE#         77
  C:113EH         LINE#         80
  C:1150H         LINE#         81
  C:1175H         LINE#         82
  -------         ENDPROC       _CUSTOM_DELAY
  -------         PROC          _DELAY_MS
  D:0006H         SYMBOL        count
  -------         DO            
  D:0004H         SYMBOL        i
  D:0002H         SYMBOL        j
  -------         ENDDO         
  C:13E4H         LINE#         89
  C:13E4H         LINE#         90
  C:13E4H         LINE#         92
  C:13EEH         LINE#         93
  C:13EEH         LINE#         94
  C:13FCH         LINE#         95
  C:1403H         LINE#         96
  -------         ENDPROC       _DELAY_MS
  -------         PROC          _DELAY_US
  D:0006H         SYMBOL        count1
  -------         DO            
  D:0004H         SYMBOL        i
  D:0003H         SYMBOL        j
  -------         ENDDO         
  C:1510H         LINE#         104
  C:1510H         LINE#         105
  C:1510H         LINE#         108
  C:151AH         LINE#         109
  C:151AH         LINE#         110
  C:1521H         LINE#         111
  C:1528H         LINE#         112
  -------         ENDPROC       _DELAY_US
  -------         PROC          _MAGNET_DELAY
  X:001EH         SYMBOL        x
  D:0004H         SYMBOL        y
  -------         DO            
  D:0001H         SYMBOL        i
  D:0002H         SYMBOL        j
  -------         ENDDO         
  C:1176H         LINE#         118
  C:117DH         LINE#         119
  C:117DH         LINE#         122
  C:117FH         LINE#         123
  C:117FH         LINE#         124
  C:1193H         LINE#         125
BL51 BANKED LINKER/LOCATER V6.22                                                      05/08/2015  16:10:57  PAGE 20


  C:1198H         LINE#         126
  C:119AH         LINE#         127
  C:119AH         LINE#         129
  C:119DH         LINE#         130
  C:119DH         LINE#         131
  C:11AEH         LINE#         132
  C:11AEH         LINE#         134
  C:11AEH         LINE#         136
  C:11AEH         LINE#         137
  C:11B3H         LINE#         138
  -------         ENDPROC       _MAGNET_DELAY
  -------         ENDMOD        DELAY

  -------         MODULE        OPERATION
  C:0000H         SYMBOL        _ICE_DUMMY_
  D:0080H         PUBLIC        P0
  D:0090H         PUBLIC        P1
  B:0080H.3       PUBLIC        fell_sensor_detect
  D:00A0H         PUBLIC        P2
  D:00B0H         PUBLIC        P3
  D:00A8H         PUBLIC        IE
  B:0024H.1       PUBLIC        sensor_EN
  C:17CBH         PUBLIC        InitSensor
  D:00B8H         PUBLIC        IP
  C:15B5H         PUBLIC        Batstolen_Alarm_to_Slave
  D:00D8H         PUBLIC        WDCON0
  D:0098H         PUBLIC        SCON
  D:0088H         PUBLIC        TCON
  C:1529H         PUBLIC        slave_nearby_operation
  B:00A0H.4       PUBLIC        key_rotate
  D:00E8H         PUBLIC        EIE
  B:0080H.4       PUBLIC        raised_sensor_detect
  D:00F8H         PUBLIC        ADCCON0
  D:00C0H         PUBLIC        I2CON
  C:13C2H         PUBLIC        ENsensor_afterIDcert
  D:00C8H         PUBLIC        T2CON
  C:130BH         PUBLIC        SelfLearn_Reset
  C:159FH         PUBLIC        Raise_Alarm_to_Slave
  C:1358H         PUBLIC        slave_away_operation
  C:1542H         PUBLIC        ENsensor_After_CloseLock
  B:0024H.2       PUBLIC        enable_sensor_delayEN
  C:1589H         PUBLIC        Fell_Alarm_to_Slave
  D:00D0H         PUBLIC        PSW
  C:0DBEH         PUBLIC        Host_stolen_action
  -------         PROC          SLAVE_AWAY_OPERATION
  C:1358H         LINE#         75
  C:1358H         LINE#         76
  C:1358H         LINE#         77
  C:135BH         LINE#         79
  C:135EH         LINE#         80
  C:135EH         LINE#         81
  C:1361H         LINE#         84
  C:1363H         LINE#         85
  C:1367H         LINE#         88
  C:1367H         LINE#         90
  C:1369H         LINE#         91
  C:136DH         LINE#         93
BL51 BANKED LINKER/LOCATER V6.22                                                      05/08/2015  16:10:57  PAGE 21


  C:1372H         LINE#         94
  C:1376H         LINE#         96
  C:1379H         LINE#         97
  C:137BH         LINE#         98
  -------         ENDPROC       SLAVE_AWAY_OPERATION
  -------         PROC          SLAVE_NEARBY_OPERATION
  C:1529H         LINE#         104
  C:1529H         LINE#         105
  C:1529H         LINE#         106
  C:152CH         LINE#         107
  C:152CH         LINE#         108
  C:152FH         LINE#         109
  C:1539H         LINE#         111
  C:153CH         LINE#         112
  C:153CH         LINE#         113
  C:1541H         LINE#         114
  -------         ENDPROC       SLAVE_NEARBY_OPERATION
  -------         PROC          INITSENSOR
  C:17CBH         LINE#         120
  C:17CBH         LINE#         121
  C:17CBH         LINE#         122
  C:17CDH         LINE#         123
  C:17CFH         LINE#         124
  C:17D1H         LINE#         125
  C:17D3H         LINE#         126
  C:17D5H         LINE#         127
  -------         ENDPROC       INITSENSOR
  -------         PROC          HOST_STOLEN_ACTION
  C:0DBEH         LINE#         133
  C:0DBEH         LINE#         134
  C:0DBEH         LINE#         136
  C:0DC9H         LINE#         137
  C:0DC9H         LINE#         138
  C:0DCBH         LINE#         141
  C:0DCEH         LINE#         142
  C:0DCEH         LINE#         143
  C:0DD0H         LINE#         144
  C:0DD2H         LINE#         146
  C:0DD2H         LINE#         147
  C:0DD7H         LINE#         148
  C:0DD7H         LINE#         151
  C:0DDAH         LINE#         152
  C:0DE4H         LINE#         153
  C:0DE4H         LINE#         154
  C:0DE6H         LINE#         155
  C:0DE8H         LINE#         156
  C:0DEAH         LINE#         157
  C:0DECH         LINE#         158
  C:0DECH         LINE#         159
  C:0DECH         LINE#         160
  C:0DF7H         LINE#         161
  C:0DF7H         LINE#         162
  C:0DF9H         LINE#         165
  C:0DFCH         LINE#         166
  C:0DFCH         LINE#         167
  C:0DFEH         LINE#         168
  C:0E00H         LINE#         170
BL51 BANKED LINKER/LOCATER V6.22                                                      05/08/2015  16:10:57  PAGE 22


  C:0E00H         LINE#         171
  C:0E05H         LINE#         172
  C:0E05H         LINE#         175
  C:0E08H         LINE#         176
  C:0E12H         LINE#         177
  C:0E12H         LINE#         178
  C:0E14H         LINE#         179
  C:0E16H         LINE#         180
  C:0E18H         LINE#         181
  C:0E1AH         LINE#         182
  C:0E1AH         LINE#         183
  C:0E1AH         LINE#         184
  -------         ENDPROC       HOST_STOLEN_ACTION
  -------         PROC          ENSENSOR_AFTERIDCERT
  C:13C2H         LINE#         191
  C:13C2H         LINE#         192
  C:13C2H         LINE#         193
  C:13C5H         LINE#         194
  C:13C5H         LINE#         195
  C:13CFH         LINE#         196
  C:13CFH         LINE#         197
  C:13D1H         LINE#         198
  C:13D3H         LINE#         199
  C:13D6H         LINE#         200
  C:13DEH         LINE#         201
  C:13DEH         LINE#         202
  C:13E1H         LINE#         203
  C:13E1H         LINE#         204
  C:13E3H         LINE#         205
  C:13E3H         LINE#         206
  C:13E3H         LINE#         207
  -------         ENDPROC       ENSENSOR_AFTERIDCERT
  -------         PROC          ENSENSOR_AFTER_CLOSELOCK
  C:1542H         LINE#         212
  C:1542H         LINE#         213
  C:1542H         LINE#         214
  C:1548H         LINE#         215
  C:1548H         LINE#         216
  C:1552H         LINE#         217
  C:1552H         LINE#         218
  C:1554H         LINE#         219
  C:1556H         LINE#         220
  C:1559H         LINE#         221
  C:1559H         LINE#         222
  C:1559H         LINE#         223
  -------         ENDPROC       ENSENSOR_AFTER_CLOSELOCK
  -------         PROC          SELFLEARN_RESET
  C:130BH         LINE#         229
  C:130BH         LINE#         230
  C:130BH         LINE#         231
  C:130EH         LINE#         232
  C:130EH         LINE#         233
  C:1318H         LINE#         234
  C:1318H         LINE#         235
  C:131EH         LINE#         236
  C:1323H         LINE#         237
  C:1325H         LINE#         238
BL51 BANKED LINKER/LOCATER V6.22                                                      05/08/2015  16:10:57  PAGE 23


  C:1327H         LINE#         239
  C:1329H         LINE#         240
  C:132BH         LINE#         241
  C:132DH         LINE#         242
  C:132FH         LINE#         243
  C:1332H         LINE#         244
  C:1332H         LINE#         245
  C:1332H         LINE#         246
  -------         ENDPROC       SELFLEARN_RESET
  -------         PROC          FELL_ALARM_TO_SLAVE
  C:1589H         LINE#         252
  C:1589H         LINE#         253
  C:1589H         LINE#         254
  C:1594H         LINE#         255
  C:1594H         LINE#         256
  C:1599H         LINE#         257
  C:159EH         LINE#         258
  C:159EH         LINE#         259
  -------         ENDPROC       FELL_ALARM_TO_SLAVE
  -------         PROC          RAISE_ALARM_TO_SLAVE
  C:159FH         LINE#         265
  C:159FH         LINE#         266
  C:159FH         LINE#         267
  C:15AAH         LINE#         268
  C:15AAH         LINE#         269
  C:15AFH         LINE#         270
  C:15B4H         LINE#         271
  C:15B4H         LINE#         272
  -------         ENDPROC       RAISE_ALARM_TO_SLAVE
  -------         PROC          BATSTOLEN_ALARM_TO_SLAVE
  C:15B5H         LINE#         278
  C:15B5H         LINE#         279
  C:15B5H         LINE#         280
  C:15C0H         LINE#         281
  C:15C0H         LINE#         282
  C:15C5H         LINE#         283
  C:15CAH         LINE#         284
  C:15CAH         LINE#         285
  -------         ENDPROC       BATSTOLEN_ALARM_TO_SLAVE
  -------         ENDMOD        OPERATION

  -------         MODULE        OTHER
  C:0000H         SYMBOL        _ICE_DUMMY_
  D:0080H         PUBLIC        P0
  D:0090H         PUBLIC        P1
  D:00A0H         PUBLIC        P2
  D:00B0H         PUBLIC        P3
  D:00A8H         PUBLIC        IE
  C:17A2H         PUBLIC        _magnet_ACW_Taili
  B:00A0H.4       PUBLIC        Moto_EN
  D:00B8H         PUBLIC        IP
  D:00D8H         PUBLIC        WDCON0
  D:0098H         PUBLIC        SCON
  D:0088H         PUBLIC        TCON
  C:0003H         PUBLIC        Moto_Vibration
  C:1794H         PUBLIC        _magnet_ACW
  C:1281H         PUBLIC        _magnet_CW_Taili
BL51 BANKED LINKER/LOCATER V6.22                                                      05/08/2015  16:10:57  PAGE 24


  D:00E8H         PUBLIC        EIE
  C:0FE8H         PUBLIC        disable_sensor
  B:00A0H.2       PUBLIC        MagentControl_1
  B:00A0H.3       PUBLIC        MagentControl_2
  D:00F8H         PUBLIC        ADCCON0
  D:00C0H         PUBLIC        I2CON
  D:00C8H         PUBLIC        T2CON
  C:1644H         PUBLIC        enable_sensor
  C:1250H         PUBLIC        _magnet_CW
  D:00D0H         PUBLIC        PSW
  B:0080H.5       PUBLIC        Externalmotor
  -------         PROC          _MAGNET_CW
  X:0022H         SYMBOL        x
  X:0024H         SYMBOL        y
  D:0003H         SYMBOL        z
  C:1250H         LINE#         44
  C:125DH         LINE#         45
  C:125DH         LINE#         47
  C:1266H         LINE#         49
  C:1268H         LINE#         50
  C:126AH         LINE#         51
  C:127AH         LINE#         52
  C:127CH         LINE#         53
  C:127EH         LINE#         54
  C:1280H         LINE#         55
  -------         ENDPROC       _MAGNET_CW
  -------         PROC          _MAGNET_CW_TAILI
  X:0026H         SYMBOL        x
  X:0028H         SYMBOL        y
  D:0003H         SYMBOL        z
  C:1281H         LINE#         61
  C:128EH         LINE#         62
  C:128EH         LINE#         64
  C:1297H         LINE#         66
  C:1299H         LINE#         67
  C:129BH         LINE#         68
  C:12ABH         LINE#         69
  C:12ADH         LINE#         70
  C:12AFH         LINE#         71
  C:12B1H         LINE#         72
  -------         ENDPROC       _MAGNET_CW_TAILI
  -------         PROC          _MAGNET_ACW
  D:0006H         SYMBOL        x
  D:0004H         SYMBOL        y
  C:1794H         LINE#         78
  C:1794H         LINE#         79
  C:1794H         LINE#         80
  C:1796H         LINE#         81
  C:1798H         LINE#         82
  C:179AH         LINE#         83
  C:179DH         LINE#         84
  C:179FH         LINE#         85
  C:17A1H         LINE#         86
  -------         ENDPROC       _MAGNET_ACW
  -------         PROC          _MAGNET_ACW_TAILI
  D:0006H         SYMBOL        x
  D:0004H         SYMBOL        y
BL51 BANKED LINKER/LOCATER V6.22                                                      05/08/2015  16:10:57  PAGE 25


  C:17A2H         LINE#         92
  C:17A2H         LINE#         93
  C:17A2H         LINE#         94
  C:17A4H         LINE#         95
  C:17A6H         LINE#         96
  C:17A8H         LINE#         97
  C:17ABH         LINE#         98
  C:17ADH         LINE#         99
  C:17AFH         LINE#         100
  -------         ENDPROC       _MAGNET_ACW_TAILI
  -------         PROC          DISABLE_SENSOR
  C:0FE8H         LINE#         106
  C:0FE8H         LINE#         107
  C:0FE8H         LINE#         109
  C:0FEAH         LINE#         110
  C:0FECH         LINE#         112
  C:0FEEH         LINE#         113
  C:0FF0H         LINE#         114
  C:0FF4H         LINE#         115
  C:0FF7H         LINE#         116
  C:0FFAH         LINE#         117
  C:0FFFH         LINE#         118
  C:1004H         LINE#         119
  C:1009H         LINE#         120
  C:100CH         LINE#         121
  C:100FH         LINE#         122
  C:1011H         LINE#         123
  C:1013H         LINE#         124
  C:1016H         LINE#         125
  C:1018H         LINE#         126
  C:101BH         LINE#         128
  C:101DH         LINE#         131
  C:1020H         LINE#         132
  C:1022H         LINE#         134
  C:1024H         LINE#         135
  C:1027H         LINE#         137
  C:1029H         LINE#         138
  C:102CH         LINE#         139
  -------         ENDPROC       DISABLE_SENSOR
  -------         PROC          ENABLE_SENSOR
  C:1644H         LINE#         145
  C:1644H         LINE#         146
  C:1644H         LINE#         148
  C:1646H         LINE#         149
  C:1648H         LINE#         151
  C:164CH         LINE#         152
  C:164FH         LINE#         153
  C:1651H         LINE#         154
  C:1654H         LINE#         155
  -------         ENDPROC       ENABLE_SENSOR
  -------         PROC          MOTO_VIBRATION
  C:0003H         LINE#         161
  C:0003H         LINE#         162
  C:0003H         LINE#         163
  C:0005H         LINE#         164
  C:0008H         LINE#         165
  C:000AH         LINE#         166
BL51 BANKED LINKER/LOCATER V6.22                                                      05/08/2015  16:10:57  PAGE 26


  -------         ENDPROC       MOTO_VIBRATION
  -------         ENDMOD        OTHER

  -------         MODULE        PWM
  C:0000H         SYMBOL        _ICE_DUMMY_
  D:0080H         PUBLIC        P0
  D:0090H         PUBLIC        P1
  D:00A0H         PUBLIC        P2
  D:00B0H         PUBLIC        P3
  D:00DCH         PUBLIC        PWMCON0
  D:00D1H         PUBLIC        PWMPH
  D:00A8H         PUBLIC        IE
  D:00D9H         PUBLIC        PWMPL
  C:0CFCH         PUBLIC        _PWM_Channel
  D:00B8H         PUBLIC        IP
  C:17DFH         PUBLIC        myPwm
  D:00D8H         PUBLIC        WDCON0
  D:0098H         PUBLIC        SCON
  D:0088H         PUBLIC        TCON
  D:00E8H         PUBLIC        EIE
  D:00F8H         PUBLIC        ADCCON0
  D:00C0H         PUBLIC        I2CON
  X:002AH         PUBLIC        PWM_shadow
  D:00C8H         PUBLIC        T2CON
  C:155AH         PUBLIC        Init_PWM
  D:00D2H         PUBLIC        PWM0H
  D:00D3H         PUBLIC        PWM1H
  D:00D5H         PUBLIC        PWM2H
  D:00D6H         PUBLIC        PWM3H
  D:00DAH         PUBLIC        PWM0L
  D:00DBH         PUBLIC        PWM1L
  D:00DDH         PUBLIC        PWM2L
  D:00DEH         PUBLIC        PWM3L
  D:00D0H         PUBLIC        PSW
  -------         PROC          INIT_PWM
  C:155AH         LINE#         19
  C:155AH         LINE#         20
  C:155AH         LINE#         22
  C:155DH         LINE#         24
  C:1565H         LINE#         26
  C:156EH         LINE#         27
  C:1571H         LINE#         28
  -------         ENDPROC       INIT_PWM
  -------         PROC          _PWM_CHANNEL
  D:0007H         SYMBOL        Channel
  C:0CFCH         LINE#         34
  C:0CFCH         LINE#         35
  C:0CFCH         LINE#         36
  C:0D0AH         LINE#         37
  C:0D0AH         LINE#         39
  C:0D0AH         LINE#         40
  C:0D0AH         LINE#         41
  C:0D12H         LINE#         42
  C:0D1BH         LINE#         43
  C:0D1EH         LINE#         44
  C:0D1EH         LINE#         45
  C:0D1FH         LINE#         47
BL51 BANKED LINKER/LOCATER V6.22                                                      05/08/2015  16:10:57  PAGE 27


  C:0D1FH         LINE#         48
  C:0D1FH         LINE#         49
  C:0D27H         LINE#         50
  C:0D30H         LINE#         51
  C:0D33H         LINE#         52
  C:0D33H         LINE#         53
  C:0D34H         LINE#         55
  C:0D34H         LINE#         56
  C:0D34H         LINE#         57
  C:0D3CH         LINE#         58
  C:0D45H         LINE#         59
  C:0D48H         LINE#         60
  C:0D48H         LINE#         61
  C:0D49H         LINE#         63
  C:0D49H         LINE#         64
  C:0D49H         LINE#         65
  C:0D51H         LINE#         66
  C:0D5AH         LINE#         67
  C:0D5DH         LINE#         68
  C:0D5DH         LINE#         69
  C:0D5DH         LINE#         70
  C:0D5DH         LINE#         71
  -------         ENDPROC       _PWM_CHANNEL
  -------         PROC          MYPWM
  C:17DFH         LINE#         77
  C:17DFH         LINE#         78
  C:17DFH         LINE#         80
  C:17E4H         LINE#         82
  -------         ENDPROC       MYPWM
  -------         ENDMOD        PWM

  -------         MODULE        TIMER
  C:0000H         SYMBOL        _ICE_DUMMY_
  D:0080H         PUBLIC        P0
  D:0090H         PUBLIC        P1
  D:00A0H         PUBLIC        P2
  D:00B0H         PUBLIC        P3
  B:00A8H.7       PUBLIC        EA
  D:00A8H         PUBLIC        IE
  D:00B8H         PUBLIC        IP
  C:1333H         PUBLIC        _InitT0
  C:09E8H         PUBLIC        _InitTimer
  D:00D8H         PUBLIC        WDCON0
  D:0087H         PUBLIC        PCON
  D:0098H         PUBLIC        SCON
  X:002EH         PUBLIC        timer0_8H
  D:0089H         PUBLIC        TMOD
  D:0088H         PUBLIC        TCON
  X:002FH         PUBLIC        timer1_8H
  X:0030H         PUBLIC        timer0_8L
  X:0031H         PUBLIC        timer1_8L
  B:00A8H.1       PUBLIC        ET0
  B:00A8H.3       PUBLIC        ET1
  D:008CH         PUBLIC        TH0
  D:008DH         PUBLIC        TH1
  D:008AH         PUBLIC        TL0
  D:008BH         PUBLIC        TL1
BL51 BANKED LINKER/LOCATER V6.22                                                      05/08/2015  16:10:57  PAGE 28


  D:00E8H         PUBLIC        EIE
  B:00B8H.3       PUBLIC        PT1
  B:0088H.4       PUBLIC        TR0
  B:0088H.6       PUBLIC        TR1
  D:00F8H         PUBLIC        ADCCON0
  D:00C0H         PUBLIC        I2CON
  D:00C8H         PUBLIC        T2CON
  C:1802H         PUBLIC        sEOS_Go_To_Sleep
  D:00D0H         PUBLIC        PSW
  -------         PROC          _INITTIMER
  D:0007H         SYMBOL        Tick_ms_T0
  X:002CH         SYMBOL        Tick_us_T1
  -------         DO            
  D:0004H         SYMBOL        Inc_T0
  D:0004H         SYMBOL        Inc_T1
  D:0004H         SYMBOL        timer0_16
  D:0004H         SYMBOL        timer1_16
  -------         ENDDO         
  C:09E8H         LINE#         29
  C:09EFH         LINE#         30
  C:09EFH         LINE#         35
  C:0A01H         LINE#         36
  C:0A07H         LINE#         37
  C:0A0AH         LINE#         38
  C:0A0EH         LINE#         41
  C:0A2DH         LINE#         42
  C:0A35H         LINE#         43
  C:0A39H         LINE#         44
  C:0A3FH         LINE#         46
  C:0A42H         LINE#         48
  C:0A47H         LINE#         49
  C:0A4CH         LINE#         50
  C:0A4EH         LINE#         51
  C:0A50H         LINE#         53
  C:0A52H         LINE#         54
  C:0A54H         LINE#         55
  C:0A56H         LINE#         56
  C:0A58H         LINE#         57
  C:0A5AH         LINE#         58
  C:0A5CH         LINE#         59
  -------         ENDPROC       _INITTIMER
  -------         PROC          _INITT0
  D:0007H         SYMBOL        Tick_ms_T0
  -------         DO            
  D:0004H         SYMBOL        Inc_T0
  D:0004H         SYMBOL        timer0_16
  -------         ENDDO         
  C:1333H         LINE#         64
  C:1333H         LINE#         65
  C:1333H         LINE#         70
  C:1345H         LINE#         71
  C:134BH         LINE#         72
  C:134EH         LINE#         73
  C:1352H         LINE#         74
  C:1355H         LINE#         75
  C:1357H         LINE#         76
  -------         ENDPROC       _INITT0
BL51 BANKED LINKER/LOCATER V6.22                                                      05/08/2015  16:10:57  PAGE 29


  -------         PROC          SEOS_GO_TO_SLEEP
  C:1802H         LINE#         82
  C:1802H         LINE#         83
  C:1802H         LINE#         84
  C:1805H         LINE#         85
  -------         ENDPROC       SEOS_GO_TO_SLEEP
  -------         ENDMOD        TIMER

  -------         MODULE        UART
  C:0000H         SYMBOL        _ICE_DUMMY_
  D:0080H         PUBLIC        P0
  D:0090H         PUBLIC        P1
  D:00A0H         PUBLIC        P2
  D:00B0H         PUBLIC        P3
  B:00A8H.7       PUBLIC        EA
  C:17E7H         PUBLIC        _SendData
  D:00A8H         PUBLIC        IE
  B:00A8H.4       PUBLIC        ES
  D:00B8H         PUBLIC        IP
  B:0098H.0       PUBLIC        RI
  B:0098H.1       PUBLIC        TI
  B:00B8H.4       PUBLIC        PS
  C:137CH         PUBLIC        InitUART9600
  D:00D8H         PUBLIC        WDCON0
  D:0099H         PUBLIC        SBUF
  D:0098H         PUBLIC        SCON
  D:0089H         PUBLIC        TMOD
  D:0088H         PUBLIC        TCON
  B:00A8H.1       PUBLIC        ET0
  D:008DH         PUBLIC        TH1
  D:008BH         PUBLIC        TL1
  D:00E8H         PUBLIC        EIE
  B:0088H.6       PUBLIC        TR1
  D:00F8H         PUBLIC        ADCCON0
  D:00C0H         PUBLIC        I2CON
  D:00C8H         PUBLIC        T2CON
  C:139FH         PUBLIC        InitUART600
  C:12E0H         PUBLIC        _SendNByte
  D:00A2H         PUBLIC        AUXR1
  D:00D0H         PUBLIC        PSW
  -------         PROC          INITUART9600
  C:137CH         LINE#         18
  C:137CH         LINE#         19
  C:137CH         LINE#         20
  C:137FH         LINE#         21
  C:1382H         LINE#         22
  C:1385H         LINE#         23
  C:138BH         LINE#         24
  C:138DH         LINE#         26
  C:1392H         LINE#         27
  C:1394H         LINE#         28
  C:1396H         LINE#         29
  C:1398H         LINE#         30
  C:139AH         LINE#         31
  C:139CH         LINE#         32
  C:139EH         LINE#         33
  -------         ENDPROC       INITUART9600
BL51 BANKED LINKER/LOCATER V6.22                                                      05/08/2015  16:10:57  PAGE 30


  -------         PROC          INITUART600
  C:139FH         LINE#         35
  C:139FH         LINE#         36
  C:139FH         LINE#         37
  C:13A2H         LINE#         38
  C:13A5H         LINE#         39
  C:13A8H         LINE#         40
  C:13AEH         LINE#         41
  C:13B0H         LINE#         43
  C:13B5H         LINE#         44
  C:13B7H         LINE#         45
  C:13B9H         LINE#         46
  C:13BBH         LINE#         47
  C:13BDH         LINE#         48
  C:13BFH         LINE#         49
  C:13C1H         LINE#         50
  -------         ENDPROC       INITUART600
  -------         PROC          _SENDDATA
  D:0007H         SYMBOL        dat
  C:17E7H         LINE#         56
  C:17E7H         LINE#         57
  C:17E7H         LINE#         58
  C:17E9H         LINE#         59
  C:17ECH         LINE#         60
  C:17EEH         LINE#         61
  -------         ENDPROC       _SENDDATA
  -------         PROC          _SENDNBYTE
  X:0084H         SYMBOL        buf
  D:0005H         SYMBOL        len
  C:12E0H         LINE#         66
  C:12EAH         LINE#         67
  C:12EAH         LINE#         68
  C:12F0H         LINE#         69
  C:12F0H         LINE#         70
  C:1308H         LINE#         71
  C:130AH         LINE#         72
  -------         ENDPROC       _SENDNBYTE
  -------         ENDMOD        UART

  -------         MODULE        VOICE
  C:0000H         SYMBOL        _ICE_DUMMY_
  D:0080H         PUBLIC        P0
  D:0090H         PUBLIC        P1
  C:16C2H         PUBLIC        close_lock_speech
  D:00A0H         PUBLIC        P2
  D:00B0H         PUBLIC        P3
  B:0090H.4       PUBLIC        voice_EN
  D:00A8H         PUBLIC        IE
  C:143EH         PUBLIC        InitVoice
  B:00A0H.1       PUBLIC        SC_DATA
  C:16A4H         PUBLIC        stolen_alarm_speech1
  C:161EH         PUBLIC        stolen_alarm_speech2
  D:00B8H         PUBLIC        IP
  C:16B3H         PUBLIC        open_lock_speech
  C:1677H         PUBLIC        motorBAT_low_speech
  C:1776H         PUBLIC        lock_rotated_on_speech
  C:160BH         PUBLIC        host_touch_speech
BL51 BANKED LINKER/LOCATER V6.22                                                      05/08/2015  16:10:57  PAGE 31


  C:172BH         PUBLIC        Alarm_raised_speech
  C:1695H         PUBLIC        host_2ndtouch_speech
  D:00D8H         PUBLIC        WDCON0
  C:1758H         PUBLIC        battery_stolen_speech_F3
  C:170DH         PUBLIC        Battery_high_alarm_speech
  D:0098H         PUBLIC        SCON
  B:0090H.4       PUBLIC        P14
  D:0088H         PUBLIC        TCON
  C:16E0H         PUBLIC        Cutting_Wire_Voice
  C:16EFH         PUBLIC        Product_Test_Voice
  C:171CH         PUBLIC        Alarm_stolen_speech
  X:0032H         PUBLIC        key_rotate_on_speech_number
  C:1749H         PUBLIC        Host_battery_high_alarm_speech
  C:173AH         PUBLIC        Alarm_fell_speech
  C:11B4H         PUBLIC        _SC_Speech
  D:00E8H         PUBLIC        EIE
  C:16D1H         PUBLIC        battery_stolen_speech
  C:180AH         PUBLIC        key_rotate_on_speech
  D:00F8H         PUBLIC        ADCCON0
  D:00C0H         PUBLIC        I2CON
  C:1655H         PUBLIC        Self_learn_speech
  C:16FEH         PUBLIC        Battery_low_alarm_speech
  C:15CBH         PUBLIC        IDcerted_speech
  D:00C8H         PUBLIC        T2CON
  C:1686H         PUBLIC        ID_speech
  B:00A0H.0       PUBLIC        SC_RST
  D:00D0H         PUBLIC        PSW
  C:1767H         PUBLIC        wire_broken_speech
  C:1785H         PUBLIC        lock_rotated_off_speech
  -------         PROC          _SC_SPEECH
  X:0082H         SYMBOL        cnt
  -------         DO            
  X:0083H         SYMBOL        ii
  -------         ENDDO         
  C:11B4H         LINE#         26
  C:11B8H         LINE#         27
  C:11B8H         LINE#         29
  C:11BAH         LINE#         31
  C:11BDH         LINE#         32
  C:11BFH         LINE#         34
  C:11C2H         LINE#         35
  C:11D0H         LINE#         36
  C:11D0H         LINE#         37
  C:11D2H         LINE#         38
  C:11D9H         LINE#         39
  C:11DBH         LINE#         40
  C:11E2H         LINE#         41
  C:11E9H         LINE#         42
  -------         ENDPROC       _SC_SPEECH
  -------         PROC          INITVOICE
  C:143EH         LINE#         48
  C:143EH         LINE#         49
  C:143EH         LINE#         50
  C:1440H         LINE#         51
  C:1442H         LINE#         52
  C:1444H         LINE#         53
  C:144BH         LINE#         54
BL51 BANKED LINKER/LOCATER V6.22                                                      05/08/2015  16:10:57  PAGE 32


  C:144DH         LINE#         55
  C:1454H         LINE#         56
  C:1456H         LINE#         58
  C:1458H         LINE#         59
  -------         ENDPROC       INITVOICE
  -------         PROC          KEY_ROTATE_ON_SPEECH
  C:180AH         LINE#         65
  C:180AH         LINE#         66
  C:180AH         LINE#         73
  -------         ENDPROC       KEY_ROTATE_ON_SPEECH
  -------         PROC          MOTORBAT_LOW_SPEECH
  C:1677H         LINE#         91
  C:1677H         LINE#         92
  C:1677H         LINE#         93
  C:1679H         LINE#         94
  C:167EH         LINE#         95
  C:1683H         LINE#         96
  C:1685H         LINE#         97
  -------         ENDPROC       MOTORBAT_LOW_SPEECH
  -------         PROC          ID_SPEECH
  C:1686H         LINE#         103
  C:1686H         LINE#         104
  C:1686H         LINE#         105
  C:1688H         LINE#         106
  C:168DH         LINE#         107
  C:1692H         LINE#         108
  C:1694H         LINE#         109
  -------         ENDPROC       ID_SPEECH
  -------         PROC          SELF_LEARN_SPEECH
  C:1655H         LINE#         115
  C:1655H         LINE#         116
  C:1655H         LINE#         117
  C:1657H         LINE#         118
  C:165CH         LINE#         119
  C:1661H         LINE#         120
  C:1663H         LINE#         121
  C:1665H         LINE#         122
  -------         ENDPROC       SELF_LEARN_SPEECH
  -------         PROC          HOST_TOUCH_SPEECH
  C:160BH         LINE#         128
  C:160BH         LINE#         129
  C:160BH         LINE#         130
  C:160DH         LINE#         131
  C:1612H         LINE#         132
  C:1617H         LINE#         133
  C:1619H         LINE#         134
  -------         ENDPROC       HOST_TOUCH_SPEECH
  -------         PROC          HOST_2NDTOUCH_SPEECH
  C:1695H         LINE#         141
  C:1695H         LINE#         142
  C:1695H         LINE#         143
  C:1697H         LINE#         144
  C:169CH         LINE#         145
  C:16A1H         LINE#         146
  C:16A3H         LINE#         148
  -------         ENDPROC       HOST_2NDTOUCH_SPEECH
  -------         PROC          STOLEN_ALARM_SPEECH1
BL51 BANKED LINKER/LOCATER V6.22                                                      05/08/2015  16:10:57  PAGE 33


  C:16A4H         LINE#         154
  C:16A4H         LINE#         155
  C:16A4H         LINE#         156
  C:16A6H         LINE#         157
  C:16ABH         LINE#         158
  C:16B0H         LINE#         159
  C:16B2H         LINE#         160
  -------         ENDPROC       STOLEN_ALARM_SPEECH1
  -------         PROC          STOLEN_ALARM_SPEECH2
  C:161EH         LINE#         166
  C:161EH         LINE#         167
  C:161EH         LINE#         168
  C:1620H         LINE#         169
  C:1625H         LINE#         170
  C:162AH         LINE#         171
  C:162CH         LINE#         172
  -------         ENDPROC       STOLEN_ALARM_SPEECH2
  -------         PROC          OPEN_LOCK_SPEECH
  C:16B3H         LINE#         179
  C:16B3H         LINE#         180
  C:16B3H         LINE#         190
  C:16B5H         LINE#         191
  C:16BAH         LINE#         192
  C:16BFH         LINE#         193
  C:16C1H         LINE#         194
  -------         ENDPROC       OPEN_LOCK_SPEECH
  -------         PROC          CLOSE_LOCK_SPEECH
  C:16C2H         LINE#         200
  C:16C2H         LINE#         201
  C:16C2H         LINE#         204
  C:16C4H         LINE#         205
  C:16C9H         LINE#         206
  C:16CEH         LINE#         207
  C:16D0H         LINE#         208
  -------         ENDPROC       CLOSE_LOCK_SPEECH
  -------         PROC          BATTERY_STOLEN_SPEECH
  C:16D1H         LINE#         214
  C:16D1H         LINE#         215
  C:16D1H         LINE#         216
  C:16D3H         LINE#         217
  C:16D8H         LINE#         218
  C:16DDH         LINE#         219
  C:16DFH         LINE#         220
  -------         ENDPROC       BATTERY_STOLEN_SPEECH
  -------         PROC          CUTTING_WIRE_VOICE
  C:16E0H         LINE#         226
  C:16E0H         LINE#         227
  C:16E0H         LINE#         228
  C:16E2H         LINE#         229
  C:16E7H         LINE#         230
  C:16ECH         LINE#         231
  C:16EEH         LINE#         232
  -------         ENDPROC       CUTTING_WIRE_VOICE
  -------         PROC          PRODUCT_TEST_VOICE
  C:16EFH         LINE#         238
  C:16EFH         LINE#         239
  C:16EFH         LINE#         240
BL51 BANKED LINKER/LOCATER V6.22                                                      05/08/2015  16:10:57  PAGE 34


  C:16F1H         LINE#         241
  C:16F6H         LINE#         242
  C:16FBH         LINE#         243
  C:16FDH         LINE#         244
  -------         ENDPROC       PRODUCT_TEST_VOICE
  -------         PROC          BATTERY_LOW_ALARM_SPEECH
  C:16FEH         LINE#         250
  C:16FEH         LINE#         251
  C:16FEH         LINE#         252
  C:1700H         LINE#         253
[...]
  C:0043H         LINE#         160
  C:0048H         LINE#         161
  C:004DH         LINE#         163
  C:0050H         LINE#         166
  C:0067H         LINE#         167
  C:0067H         LINE#         169
  C:006BH         LINE#         175
  C:006EH         LINE#         177
  C:0071H         LINE#         179
  C:0074H         LINE#         181
  C:007EH         LINE#         182
  C:007EH         LINE#         183
  C:0081H         LINE#         184
  C:0084H         LINE#         185
  C:0084H         LINE#         186
  C:0094H         LINE#         187
  C:0097H         LINE#         188
  C:0099H         LINE#         189
  C:0099H         LINE#         190
  C:0099H         LINE#         193
  C:00A3H         LINE#         194
  C:00A3H         LINE#         195
  C:00A6H         LINE#         196
  C:00A8H         LINE#         197
  C:00AAH         LINE#         198
  C:00ADH         LINE#         199
  C:00ADH         LINE#         203
  C:00B0H         LINE#         204
  C:00B3H         LINE#         205
  C:00B6H         LINE#         207
  C:00B6H         LINE#         209
  C:00B9H         LINE#         211
  C:00BCH         LINE#         212
  C:00BCH         LINE#         213
  C:00BEH         LINE#         214
  C:00C1H         LINE#         215
  C:00C1H         LINE#         217
  C:00C7H         LINE#         218
  C:00C7H         LINE#         219
  C:00CAH         LINE#         220
  C:00CAH         LINE#         221
  C:00D0H         LINE#         223
  C:00E7H         LINE#         224
  C:00E7H         LINE#         225
  C:00EEH         LINE#         226
  C:00F0H         LINE#         227
BL51 BANKED LINKER/LOCATER V6.22                                                      05/08/2015  16:10:57  PAGE 46


  C:00F2H         LINE#         228
  C:00F4H         LINE#         229
  C:00F6H         LINE#         230
  C:00F8H         LINE#         231
  C:00FAH         LINE#         233
  C:00FAH         LINE#         234
  C:00FCH         LINE#         235
  C:00FFH         LINE#         236
  C:0101H         LINE#         237
  C:0104H         LINE#         238
  C:0106H         LINE#         239
  C:0106H         LINE#         240
  C:0108H         LINE#         242
  C:0108H         LINE#         243
  C:010EH         LINE#         245
  C:0111H         LINE#         246
  C:0113H         LINE#         248
  C:0116H         LINE#         249
  C:0118H         LINE#         251
  C:011BH         LINE#         252
  C:011BH         LINE#         253
  C:011DH         LINE#         254
  C:011FH         LINE#         255
  C:011FH         LINE#         257
  C:0136H         LINE#         258
  C:0136H         LINE#         259
  C:013DH         LINE#         260
  C:013FH         LINE#         261
  C:0141H         LINE#         262
  C:0143H         LINE#         263
  C:0145H         LINE#         264
  C:0147H         LINE#         265
  C:0149H         LINE#         266
  C:0149H         LINE#         267
  C:0149H         LINE#         268
  C:0149H         LINE#         270
  C:014CH         LINE#         271
  C:014CH         LINE#         272
  C:014EH         LINE#         273
  C:0150H         LINE#         274
  C:0152H         LINE#         275
  C:0154H         LINE#         276
  C:0156H         LINE#         277
  C:0158H         LINE#         278
  C:015AH         LINE#         279
  C:015CH         LINE#         283
  C:015FH         LINE#         284
  C:0162H         LINE#         285
  C:0162H         LINE#         288
  C:0170H         LINE#         289
  C:0170H         LINE#         290
  C:0173H         LINE#         292
  C:0175H         LINE#         294
  C:0179H         LINE#         295
  C:017BH         LINE#         296
  C:017EH         LINE#         297
  C:0180H         LINE#         298
BL51 BANKED LINKER/LOCATER V6.22                                                      05/08/2015  16:10:57  PAGE 47


  C:0183H         LINE#         299
  C:0186H         LINE#         300
  C:0186H         LINE#         303
  C:0192H         LINE#         304
  C:0192H         LINE#         305
  C:0198H         LINE#         306
  C:0198H         LINE#         307
  C:019BH         LINE#         308
  C:01A1H         LINE#         309
  C:01A1H         LINE#         310
  C:01A5H         LINE#         311
  C:01A8H         LINE#         312
  C:01AAH         LINE#         313
  C:01ACH         LINE#         314
  C:01ACH         LINE#         315
  C:01ACH         LINE#         316
  C:01ACH         LINE#         318
  C:01B2H         LINE#         319
  C:01B2H         LINE#         320
  C:01B4H         LINE#         321
  C:01BAH         LINE#         322
  C:01BAH         LINE#         323
  C:01BDH         LINE#         324
  C:01BDH         LINE#         325
  C:01D4H         LINE#         326
  C:01D4H         LINE#         327
  C:01D6H         LINE#         328
  C:01DAH         LINE#         329
  C:01DAH         LINE#         330
  C:01DAH         LINE#         332
  C:01DDH         LINE#         333
  C:01DDH         LINE#         334
  C:01DFH         LINE#         335
  C:01E5H         LINE#         336
  C:01E5H         LINE#         337
  C:01E8H         LINE#         338
  C:01E8H         LINE#         339
  C:01FFH         LINE#         340
  C:01FFH         LINE#         341
  C:0201H         LINE#         342
  C:0205H         LINE#         343
  C:0205H         LINE#         344
  C:0205H         LINE#         346
  C:020BH         LINE#         347
  C:020BH         LINE#         348
  C:020DH         LINE#         349
  C:0213H         LINE#         350
  C:0213H         LINE#         356
  C:0219H         LINE#         357
  C:0219H         LINE#         359
  C:022CH         LINE#         360
  C:022CH         LINE#         362
  C:022CH         LINE#         363
  C:022CH         LINE#         366
  C:023BH         LINE#         367
  C:023BH         LINE#         369
  C:0248H         LINE#         370
BL51 BANKED LINKER/LOCATER V6.22                                                      05/08/2015  16:10:57  PAGE 48


  C:0248H         LINE#         371
  C:024AH         LINE#         374
  C:024EH         LINE#         378
  C:0251H         LINE#         379
  C:0254H         LINE#         380
  C:0257H         LINE#         381
  C:025AH         LINE#         382
  C:025AH         LINE#         383
  C:025DH         LINE#         385
  C:025DH         LINE#         387
  C:0261H         LINE#         388
  C:0261H         LINE#         389
  C:0261H         LINE#         390
  C:0264H         LINE#         393
  C:0264H         LINE#         394
  C:0264H         LINE#         395
  C:026AH         LINE#         396
  C:026AH         LINE#         398
  C:0274H         LINE#         399
  C:0274H         LINE#         400
  C:0276H         LINE#         401
  C:027BH         LINE#         404
  C:027EH         LINE#         405
  C:027EH         LINE#         406
  C:0280H         LINE#         408
  C:0280H         LINE#         409
  C:0284H         LINE#         410
  C:0284H         LINE#         413
  C:029BH         LINE#         414
  C:029BH         LINE#         415
  C:029FH         LINE#         416
  C:02A2H         LINE#         417
  C:02A5H         LINE#         418
  C:02AAH         LINE#         419
  C:02AAH         LINE#         420
  C:02AAH         LINE#         421
  C:02ACH         LINE#         424
  C:02ACH         LINE#         425
  C:02ACH         LINE#         426
  C:02B2H         LINE#         427
  C:02B2H         LINE#         429
  C:02BCH         LINE#         430
  C:02BCH         LINE#         431
  C:02BEH         LINE#         433
  C:02C0H         LINE#         434
  C:02C2H         LINE#         435
  C:02C4H         LINE#         436
  C:02C4H         LINE#         437
  C:02C6H         LINE#         439
  C:02C6H         LINE#         440
  C:02CAH         LINE#         441
  C:02CAH         LINE#         444
  C:02E1H         LINE#         445
  C:02E1H         LINE#         446
  C:02E5H         LINE#         447
  C:02E8H         LINE#         448
  C:02EBH         LINE#         449
BL51 BANKED LINKER/LOCATER V6.22                                                      05/08/2015  16:10:57  PAGE 49


  C:02F0H         LINE#         450
  C:02F5H         LINE#         451
  C:02FEH         LINE#         452
  C:0302H         LINE#         453
  C:0305H         LINE#         454
  C:0305H         LINE#         455
  C:0305H         LINE#         456
  C:0305H         LINE#         457
  C:0305H         LINE#         460
  C:0310H         LINE#         461
  C:0310H         LINE#         462
  C:0317H         LINE#         463
  C:0317H         LINE#         464
  C:0319H         LINE#         465
  C:031BH         LINE#         466
  C:031EH         LINE#         467
  C:0320H         LINE#         468
  C:0320H         LINE#         469
  C:0322H         LINE#         470
  C:0328H         LINE#         471
  C:0328H         LINE#         472
  C:032CH         LINE#         473
  C:032EH         LINE#         474
  C:0330H         LINE#         475
  C:0330H         LINE#         477
  C:0338H         LINE#         478
  C:0338H         LINE#         479
  C:033AH         LINE#         480
  C:033CH         LINE#         482
  C:033EH         LINE#         483
  C:033EH         LINE#         487
  C:0341H         LINE#         488
  C:0341H         LINE#         490
  C:0344H         LINE#         491
  C:0344H         LINE#         493
  C:034CH         LINE#         494
  C:034CH         LINE#         496
  C:034EH         LINE#         497
  C:0350H         LINE#         499
  C:0353H         LINE#         500
  C:0353H         LINE#         502
  C:0355H         LINE#         503
  C:0355H         LINE#         504
  C:0355H         LINE#         505
  C:0357H         LINE#         507
  C:0357H         LINE#         508
  C:0359H         LINE#         509
  C:035DH         LINE#         510
  C:0360H         LINE#         511
  C:0362H         LINE#         512
  C:0362H         LINE#         514
  C:0365H         LINE#         515
  C:0365H         LINE#         517
  C:036DH         LINE#         518
  C:036DH         LINE#         520
  C:036FH         LINE#         521
  C:0371H         LINE#         523
BL51 BANKED LINKER/LOCATER V6.22                                                      05/08/2015  16:10:57  PAGE 50


  C:0374H         LINE#         524
  C:0374H         LINE#         525
  C:0376H         LINE#         526
  C:0376H         LINE#         527
  C:0376H         LINE#         528
  C:0378H         LINE#         530
  C:0378H         LINE#         531
  C:037AH         LINE#         532
  C:037EH         LINE#         533
  C:0381H         LINE#         534
  C:0383H         LINE#         535
  C:0383H         LINE#         536
  C:0383H         LINE#         539
  C:0386H         LINE#         540
  C:0386H         LINE#         541
  C:039DH         LINE#         542
  C:039DH         LINE#         543
  C:039FH         LINE#         544
  C:03A3H         LINE#         545
  C:03A5H         LINE#         547
  C:03A8H         LINE#         548
  C:03ABH         LINE#         549
  C:03AEH         LINE#         550
  C:03B3H         LINE#         551
  C:03B8H         LINE#         552
  C:03C1H         LINE#         553
  C:03C5H         LINE#         554
  C:03C8H         LINE#         555
  C:03C8H         LINE#         556
  C:03C8H         LINE#         559
  C:03DAH         LINE#         560
  C:03DAH         LINE#         561
  C:03DFH         LINE#         562
  C:03E5H         LINE#         563
  C:03E5H         LINE#         564
  C:03E7H         LINE#         565
  C:03EDH         LINE#         566
  C:03EDH         LINE#         567
  C:03EDH         LINE#         568
  C:0404H         LINE#         569
  C:0404H         LINE#         570
  C:040BH         LINE#         571
  C:040DH         LINE#         572
  C:040DH         LINE#         573
  -------         ENDPROC       TIMER0
  -------         PROC          UART_ISR
  C:0591H         LINE#         578
  C:05AEH         LINE#         580
  C:05B4H         LINE#         581
  C:05B4H         LINE#         582
  C:05B6H         LINE#         583
  C:05C0H         LINE#         587
  C:05C6H         LINE#         588
  C:05C6H         LINE#         590
  C:05D4H         LINE#         591
  C:05D4H         LINE#         592
  C:05D9H         LINE#         593
BL51 BANKED LINKER/LOCATER V6.22                                                      05/08/2015  16:10:57  PAGE 51


  C:05DBH         LINE#         594
  C:05EDH         LINE#         595
  C:05EDH         LINE#         596
  C:05F2H         LINE#         597
  C:05F4H         LINE#         598
  C:0607H         LINE#         599
  C:0607H         LINE#         600
  C:060CH         LINE#         601
  C:060EH         LINE#         602
  C:061EH         LINE#         603
  C:061EH         LINE#         604
  C:0623H         LINE#         605
  C:0625H         LINE#         606
  C:0637H         LINE#         607
  C:0637H         LINE#         608
  C:063CH         LINE#         609
  C:063EH         LINE#         633
  C:0644H         LINE#         634
  C:0644H         LINE#         635
  C:0646H         LINE#         636
  C:0648H         LINE#         637
  C:064AH         LINE#         640
  C:064AH         LINE#         641
  C:064EH         LINE#         642
  C:064EH         LINE#         645
  C:0651H         LINE#         646
  C:0651H         LINE#         647
  C:0653H         LINE#         648
  C:065AH         LINE#         649
  C:065AH         LINE#         650
  C:065AH         LINE#         651
  C:065AH         LINE#         652
  C:065CH         LINE#         653
  C:0660H         LINE#         654
  C:0663H         LINE#         655
  C:0665H         LINE#         656
  C:0669H         LINE#         657
  C:0669H         LINE#         658
  C:0669H         LINE#         659
  C:0669H         LINE#         661
  C:0669H         LINE#         663
  C:0669H         LINE#         671
  C:0669H         LINE#         672
  C:0669H         LINE#         673
  -------         ENDPROC       UART_ISR
  -------         ENDMOD        MAIN

  -------         MODULE        ?C?CLDPTR
  C:0428H         PUBLIC        ?C?CLDPTR
  -------         ENDMOD        ?C?CLDPTR

  -------         MODULE        ?C?LMUL
  C:0441H         PUBLIC        ?C?LMUL
  -------         ENDMOD        ?C?LMUL

  -------         MODULE        ?C?ULDIV
  C:04CCH         PUBLIC        ?C?ULDIV
BL51 BANKED LINKER/LOCATER V6.22                                                      05/08/2015  16:10:57  PAGE 52


  -------         ENDMOD        ?C?ULDIV

  -------         MODULE        ?C?ICALL
  C:055EH         PUBLIC        ?C?ICALL
  C:0562H         PUBLIC        ?C?ICALL2
  -------         ENDMOD        ?C?ICALL

  -------         MODULE        ?C?LIMUL
  C:0564H         PUBLIC        ?C?LIMUL
  -------         ENDMOD        ?C?LIMUL

*** WARNING L16: UNCALLED SEGMENT, IGNORED FOR OVERLAY PROCESS
    SEGMENT: ?PR?_COMMODE_DATA?COMMUNICATION

*** WARNING L16: UNCALLED SEGMENT, IGNORED FOR OVERLAY PROCESS
    SEGMENT: ?PR?_COMMODE_DATA_WX?COMMUNICATION

*** WARNING L16: UNCALLED SEGMENT, IGNORED FOR OVERLAY PROCESS
    SEGMENT: ?PR?_UART_SEND_DATA_F?COMMUNICATION

*** WARNING L16: UNCALLED SEGMENT, IGNORED FOR OVERLAY PROCESS
    SEGMENT: ?PR?RECEIVE_BYTE?COMMUNICATION

*** WARNING L16: UNCALLED SEGMENT, IGNORED FOR OVERLAY PROCESS
    SEGMENT: ?PR?RECEIVE_BYTE_LOCK?COMMUNICATION

*** WARNING L16: UNCALLED SEGMENT, IGNORED FOR OVERLAY PROCESS
    SEGMENT: ?PR?RECEIVE_WORD?COMMUNICATION

*** WARNING L16: UNCALLED SEGMENT, IGNORED FOR OVERLAY PROCESS
    SEGMENT: ?PR?_DELAY_MS?DELAY

*** WARNING L16: UNCALLED SEGMENT, IGNORED FOR OVERLAY PROCESS
    SEGMENT: ?PR?ENSENSOR_AFTERIDCERT?OPERATION

*** WARNING L16: UNCALLED SEGMENT, IGNORED FOR OVERLAY PROCESS
    SEGMENT: ?PR?_MAGNET_CW?OTHER

*** WARNING L16: UNCALLED SEGMENT, IGNORED FOR OVERLAY PROCESS
    SEGMENT: ?PR?_MAGNET_CW_TAILI?OTHER

*** WARNING L16: UNCALLED SEGMENT, IGNORED FOR OVERLAY PROCESS
    SEGMENT: ?PR?_MAGNET_ACW?OTHER

*** WARNING L16: UNCALLED SEGMENT, IGNORED FOR OVERLAY PROCESS
    SEGMENT: ?PR?_MAGNET_ACW_TAILI?OTHER

*** WARNING L16: UNCALLED SEGMENT, IGNORED FOR OVERLAY PROCESS
    SEGMENT: ?PR?MOTO_VIBRATION?OTHER

*** WARNING L16: UNCALLED SEGMENT, IGNORED FOR OVERLAY PROCESS
    SEGMENT: ?PR?MYPWM?PWM

*** WARNING L16: UNCALLED SEGMENT, IGNORED FOR OVERLAY PROCESS
    SEGMENT: ?PR?_INITTIMER?TIMER

*** WARNING L16: UNCALLED SEGMENT, IGNORED FOR OVERLAY PROCESS
BL51 BANKED LINKER/LOCATER V6.22                                                      05/08/2015  16:10:57  PAGE 53


    SEGMENT: ?PR?SEOS_GO_TO_SLEEP?TIMER

*** WARNING L16: UNCALLED SEGMENT, IGNORED FOR OVERLAY PROCESS
    SEGMENT: ?PR?INITUART9600?UART

*** WARNING L16: UNCALLED SEGMENT, IGNORED FOR OVERLAY PROCESS
    SEGMENT: ?PR?HOST_2NDTOUCH_SPEECH?VOICE

*** WARNING L16: UNCALLED SEGMENT, IGNORED FOR OVERLAY PROCESS
    SEGMENT: ?PR?BATTERY_STOLEN_SPEECH?VOICE

*** WARNING L16: UNCALLED SEGMENT, IGNORED FOR OVERLAY PROCESS
    SEGMENT: ?PR?CUTTING_WIRE_VOICE?VOICE

*** WARNING L16: UNCALLED SEGMENT, IGNORED FOR OVERLAY PROCESS
    SEGMENT: ?PR?PRODUCT_TEST_VOICE?VOICE

*** WARNING L16: UNCALLED SEGMENT, IGNORED FOR OVERLAY PROCESS
    SEGMENT: ?PR?BATTERY_LOW_ALARM_SPEECH?VOICE

*** WARNING L16: UNCALLED SEGMENT, IGNORED FOR OVERLAY PROCESS
    SEGMENT: ?PR?BATTERY_HIGH_ALARM_SPEECH?VOICE

*** WARNING L16: UNCALLED SEGMENT, IGNORED FOR OVERLAY PROCESS
    SEGMENT: ?PR?ALARM_STOLEN_SPEECH?VOICE

*** WARNING L16: UNCALLED SEGMENT, IGNORED FOR OVERLAY PROCESS
    SEGMENT: ?PR?ALARM_RAISED_SPEECH?VOICE

*** WARNING L16: UNCALLED SEGMENT, IGNORED FOR OVERLAY PROCESS
    SEGMENT: ?PR?ALARM_FELL_SPEECH?VOICE

*** WARNING L16: UNCALLED SEGMENT, IGNORED FOR OVERLAY PROCESS
    SEGMENT: ?PR?HOST_BATTERY_HIGH_ALARM_SPEECH?VOICE

*** WARNING L16: UNCALLED SEGMENT, IGNORED FOR OVERLAY PROCESS
    SEGMENT: ?PR?BATTERY_STOLEN_SPEECH_F3?VOICE

*** WARNING L16: UNCALLED SEGMENT, IGNORED FOR OVERLAY PROCESS
    SEGMENT: ?PR?WIRE_BROKEN_SPEECH?VOICE

*** WARNING L16: UNCALLED SEGMENT, IGNORED FOR OVERLAY PROCESS
    SEGMENT: ?PR?LOCK_ROTATED_ON_SPEECH?VOICE

*** WARNING L16: UNCALLED SEGMENT, IGNORED FOR OVERLAY PROCESS
    SEGMENT: ?PR?LOCK_ROTATED_OFF_SPEECH?VOICE

*** WARNING L16: UNCALLED SEGMENT, IGNORED FOR OVERLAY PROCESS
    SEGMENT: ?PR?_FLASH_READ_DATA?ISP_DATAFLASH

*** WARNING L16: UNCALLED SEGMENT, IGNORED FOR OVERLAY PROCESS
    SEGMENT: ?PR?SELF_LEARN_PROGRAMMING?ISP_DATAFLASH

*** WARNING L16: UNCALLED SEGMENT, IGNORED FOR OVERLAY PROCESS
    SEGMENT: ?PR?SELF_LEARN_PROGRAMMING_F?ISP_DATAFLASH

*** WARNING L16: UNCALLED SEGMENT, IGNORED FOR OVERLAY PROCESS
BL51 BANKED LINKER/LOCATER V6.22                                                      05/08/2015  16:10:57  PAGE 54


    SEGMENT: ?PR?_HSCH_ADD_TASK?SCHEDULAR

*** WARNING L16: UNCALLED SEGMENT, IGNORED FOR OVERLAY PROCESS
    SEGMENT: ?PR?_HSCH_DELETE_TASK?SCHEDULAR

*** WARNING L15: MULTIPLE CALL TO SEGMENT
    SEGMENT: ?PR?_UART_SEND_DATA?COMMUNICATION
    CALLER1: ?PR?TIMER0?MAIN
    CALLER2: ?C_C51STARTUP

*** WARNING L15: MULTIPLE CALL TO SEGMENT
    SEGMENT: ?PR?INITSIGNAL?COMMUNICATION
    CALLER1: ?PR?TIMER0?MAIN
    CALLER2: ?C_C51STARTUP

*** WARNING L15: MULTIPLE CALL TO SEGMENT
    SEGMENT: ?PR?_CUSTOM_DELAY?DELAY
    CALLER1: ?PR?TIMER0?MAIN
    CALLER2: ?C_C51STARTUP

*** WARNING L15: MULTIPLE CALL TO SEGMENT
    SEGMENT: ?PR?_SENDNBYTE?UART
    CALLER1: ?PR?TIMER0?MAIN
    CALLER2: ?C_C51STARTUP

*** WARNING L15: MULTIPLE CALL TO SEGMENT
    SEGMENT: ?PR?_SC_SPEECH?VOICE
    CALLER1: ?PR?TIMER0?MAIN
    CALLER2: ?C_C51STARTUP

Program Size: data=93.5 xdata=139 code=6162
LINK/LOCATE RUN COMPLETE.  41 WARNING(S),  0 ERROR(S)
